2026-06-25 18:59:44.552  4178-13605 kc.androidplate         com.zkc.androidplate                 I  This is non sticky GC, maxfree is 33554432 minfree is 8388608
2026-06-25 18:59:47.263  4154-4338  QuickScannerController  system_server                        I  isSmallWindow:false, isSplitScreenMode:false, packageName:com.zkc.androidplate, value:1.0, isUserUnLocked:true, isFlipLauncher:false
2026-06-25 18:59:47.627  4178-13605 kc.androidplate         com.zkc.androidplate                 I  This is non sticky GC, maxfree is 33554432 minfree is 8388608
2026-06-25 18:59:48.636 13841-14053 MST_USAGE_...rce_USER_0 com...omi.misettings:widgetProvider  D  com.zkc.androidplate match resume event, current event:Event(instanceId=175807183, packageName=com.zkc.androidplate, timeStamp=1782381624129, eventType=2), match event:Event(instanceId=175807183, packageName=com.zkc.androidplate, timeStamp=1782381621357, eventType=1)
2026-06-25 18:59:48.636 13841-14053 MST_USAGE_...rce_USER_0 com...omi.misettings:widgetProvider  D  com.zkc.androidplate match resume event, current event:Event(instanceId=193801239, packageName=com.zkc.androidplate, timeStamp=1782381832070, eventType=2), match event:Event(instanceId=193801239, packageName=com.zkc.androidplate, timeStamp=1782381823980, eventType=1)
2026-06-25 18:59:48.636 13841-14053 MST_USAGE_...rce_USER_0 com...omi.misettings:widgetProvider  D  com.zkc.androidplate match resume event, current event:Event(instanceId=66233633, packageName=com.zkc.androidplate, timeStamp=1782381900230, eventType=2), match event:Event(instanceId=66233633, packageName=com.zkc.androidplate, timeStamp=1782381898302, eventType=1)
2026-06-25 18:59:48.636 13841-14053 MST_USAGE_...rce_USER_0 com...omi.misettings:widgetProvider  D  com.zkc.androidplate match resume event, current event:Event(instanceId=54970492, packageName=com.zkc.androidplate, timeStamp=1782381948263, eventType=2), match event:Event(instanceId=54970492, packageName=com.zkc.androidplate, timeStamp=1782381948073, eventType=1)
2026-06-25 18:59:48.636 13841-14053 MST_USAGE_...rce_USER_0 com...omi.misettings:widgetProvider  D  com.zkc.androidplate match resume event, current event:Event(instanceId=54970492, packageName=com.zkc.androidplate, timeStamp=1782381957435, eventType=2), match event:Event(instanceId=54970492, packageName=com.zkc.androidplate, timeStamp=1782381949918, eventType=1)
2026-06-25 18:59:48.636 13841-14053 MST_USAGE_...rce_USER_0 com...omi.misettings:widgetProvider  D  com.zkc.androidplate match resume event, current event:Event(instanceId=54970492, packageName=com.zkc.androidplate, timeStamp=1782382139819, eventType=2), match event:Event(instanceId=54970492, packageName=com.zkc.androidplate, timeStamp=1782382137159, eventType=1)
2026-06-25 18:59:48.636 13841-14053 MST_USAGE_...rce_USER_0 com...omi.misettings:widgetProvider  D  com.zkc.androidplate match resume event, current event:Event(instanceId=180759066, packageName=com.zkc.androidplate, timeStamp=1782382184552, eventType=2), match event:Event(instanceId=180759066, packageName=com.zkc.androidplate, timeStamp=1782382157800, eventType=1)
2026-06-25 18:59:48.636 13841-14053 MST_USAGE_...rce_USER_0 com...omi.misettings:widgetProvider  D  com.zkc.androidplate match resume event, current event:Event(instanceId=185789971, packageName=com.zkc.androidplate, timeStamp=1782383127936, eventType=2), match event:Event(instanceId=185789971, packageName=com.zkc.androidplate, timeStamp=1782383127738, eventType=1)
2026-06-25 18:59:48.636 13841-14053 MST_USAGE_...rce_USER_0 com...omi.misettings:widgetProvider  D  com.zkc.androidplate match resume event, current event:Event(instanceId=185789971, packageName=com.zkc.androidplate, timeStamp=1782383131579, eventType=2), match event:Event(instanceId=185789971, packageName=com.zkc.androidplate, timeStamp=1782383129534, eventType=1)
2026-06-25 18:59:48.637 13841-14053 MST_USAGE_...rce_USER_0 com...omi.misettings:widgetProvider  D  com.zkc.androidplate match resume event, current event:Event(instanceId=73257770, packageName=com.zkc.androidplate, timeStamp=1782383312991, eventType=2), match event:Event(instanceId=73257770, packageName=com.zkc.androidplate, timeStamp=1782383300740, eventType=1)
2026-06-25 18:59:48.637 13841-14053 MST_USAGE_...rce_USER_0 com...omi.misettings:widgetProvider  D  com.zkc.androidplate match resume event, current event:Event(instanceId=19097697, packageName=com.zkc.androidplate, timeStamp=1782383324387, eventType=2), match event:Event(instanceId=19097697, packageName=com.zkc.androidplate, timeStamp=1782383317184, eventType=1)
2026-06-25 18:59:48.637 13841-14053 MST_USAGE_...rce_USER_0 com...omi.misettings:widgetProvider  D  com.zkc.androidplate match resume event, current event:Event(instanceId=185227192, packageName=com.zkc.androidplate, timeStamp=1782383592910, eventType=2), match event:Event(instanceId=185227192, packageName=com.zkc.androidplate, timeStamp=1782383590582, eventType=1)
2026-06-25 18:59:48.637 13841-14053 MST_USAGE_...rce_USER_0 com...omi.misettings:widgetProvider  D  com.zkc.androidplate match resume event, current event:Event(instanceId=185227192, packageName=com.zkc.androidplate, timeStamp=1782383606248, eventType=2), match event:Event(instanceId=185227192, packageName=com.zkc.androidplate, timeStamp=1782383600849, eventType=1)
2026-06-25 18:59:48.637 13841-14053 MST_USAGE_...rce_USER_0 com...omi.misettings:widgetProvider  D  com.zkc.androidplate match resume event, current event:Event(instanceId=90279060, packageName=com.zkc.androidplate, timeStamp=1782383672002, eventType=2), match event:Event(instanceId=90279060, packageName=com.zkc.androidplate, timeStamp=1782383662252, eventType=1)
2026-06-25 18:59:48.637 13841-14053 MST_USAGE_...rce_USER_0 com...omi.misettings:widgetProvider  D  com.zkc.androidplate match resume event, current event:Event(instanceId=90279060, packageName=com.zkc.androidplate, timeStamp=1782383692654, eventType=2), match event:Event(instanceId=90279060, packageName=com.zkc.androidplate, timeStamp=1782383689329, eventType=1)
2026-06-25 18:59:48.637 13841-14053 MST_USAGE_...rce_USER_0 com...omi.misettings:widgetProvider  D  com.zkc.androidplate match resume event, current event:Event(instanceId=5540766, packageName=com.zkc.androidplate, timeStamp=1782383711211, eventType=2), match event:Event(instanceId=5540766, packageName=com.zkc.androidplate, timeStamp=1782383698333, eventType=1)
2026-06-25 18:59:48.637 13841-14053 MST_USAGE_...rce_USER_0 com...omi.misettings:widgetProvider  D  com.zkc.androidplate match resume event, current event:Event(instanceId=5540766, packageName=com.zkc.androidplate, timeStamp=1782383736601, eventType=2), match event:Event(instanceId=5540766, packageName=com.zkc.androidplate, timeStamp=1782383734932, eventType=1)
2026-06-25 18:59:48.637 13841-14053 MST_USAGE_...rce_USER_0 com...omi.misettings:widgetProvider  D  com.zkc.androidplate match resume event, current event:Event(instanceId=154635027, packageName=com.zkc.androidplate, timeStamp=1782383793476, eventType=2), match event:Event(instanceId=154635027, packageName=com.zkc.androidplate, timeStamp=1782383775248, eventType=1)
2026-06-25 18:59:48.637 13841-14053 MST_USAGE_...rce_USER_0 com...omi.misettings:widgetProvider  D  com.zkc.androidplate match resume event, current event:Event(instanceId=29698374, packageName=com.zkc.androidplate, timeStamp=1782383818281, eventType=2), match event:Event(instanceId=29698374, packageName=com.zkc.androidplate, timeStamp=1782383815867, eventType=1)
2026-06-25 18:59:48.637 13841-14053 MST_USAGE_...rce_USER_0 com...omi.misettings:widgetProvider  D  com.zkc.androidplate match resume event, current event:Event(instanceId=29698374, packageName=com.zkc.androidplate, timeStamp=1782383848026, eventType=2), match event:Event(instanceId=29698374, packageName=com.zkc.androidplate, timeStamp=1782383846503, eventType=1)
2026-06-25 18:59:48.637 13841-14053 MST_USAGE_...rce_USER_0 com...omi.misettings:widgetProvider  D  com.zkc.androidplate match resume event, current event:Event(instanceId=55685744, packageName=com.zkc.androidplate, timeStamp=1782384791419, eventType=2), match event:Event(instanceId=55685744, packageName=com.zkc.androidplate, timeStamp=1782384777072, eventType=1)
2026-06-25 18:59:48.637 13841-14053 MST_USAGE_...rce_USER_0 com...omi.misettings:widgetProvider  D  com.zkc.androidplate match resume event, current event:Event(instanceId=242917321, packageName=com.zkc.androidplate, timeStamp=1782384876205, eventType=2), match event:Event(instanceId=242917321, packageName=com.zkc.androidplate, timeStamp=1782384851187, eventType=1)
2026-06-25 18:59:48.637 13841-14053 MST_USAGE_...rce_USER_0 com...omi.misettings:widgetProvider  D  com.zkc.androidplate match resume event, current event:Event(instanceId=199408999, packageName=com.zkc.androidplate, timeStamp=1782384894745, eventType=2), match event:Event(instanceId=199408999, packageName=com.zkc.androidplate, timeStamp=1782384885213, eventType=1)
2026-06-25 18:59:48.637 13841-14053 MST_USAGE_...rce_USER_0 com...omi.misettings:widgetProvider  E  calculate unmatched resume event Event(instanceId=130476933, packageName=com.zkc.androidplate, timeStamp=1782385177000, eventType=1) at last
2026-06-25 18:59:48.637 13841-14053 MST_USAGE_...ory_USER_0 com...omi.misettings:widgetProvider  D  get usageStats from system, lastResumeEvents:[Event(instanceId=130476933, packageName=com.zkc.androidplate, timeStamp=1782385177000, eventType=1)], hourIndex:18
2026-06-25 18:59:49.010  4154-4338  QuickScannerController  system_server                        I  isSmallWindow:false, isSplitScreenMode:false, packageName:com.zkc.androidplate, value:1.0, isUserUnLocked:true, isFlipLauncher:false
2026-06-25 18:59:49.740  4178-13605 kc.androidplate         com.zkc.androidplate                 I  This is non sticky GC, maxfree is 33554432 minfree is 8388608
2026-06-25 18:59:50.903  4154-7513  MiuiInputUtil           system_server                        I  MiuiSpecialWindowInfo: b87a4b9 com.zkc.androidplate/com.zkc.androidplate.MainActivity(12,0x0,0x0,[0,0,1200,2670],1.00);GestureStubLeft(7,0x104,0x0,[0,280,62,2589],1.00);GestureStubRight(6,0x104,0x0,[1138,280,1200,2589],1.00);GestureStubHome(8,0x104,0x0,[0,2589,1200,2670],1.00);GestureStub<none>;StatusBar1<none>;StatusBar(10,0x104,0x0,[0,0,1200,140],1.00);
2026-06-25 18:59:50.903  4154-7513  MIUIInput               system_server                        I  [MotionEvent] publisher action=0x0, deviceId=8, 348156472, channel 'b87a4b9 com.zkc.androidplate/com.zkc.androidplate.MainActivity'
2026-06-25 18:59:50.910  4178-4178  MIUIInput               com.zkc.androidplate                 I  [MotionEvent] ViewRootImpl windowName 'com.zkc.androidplate/com.zkc.androidplate.MainActivity', { action=ACTION_DOWN, id[0]=0, pointerCount=1, eventTime=348156472, downTime=348156472, phoneEventTime=1782385190900 } moveCount:0
2026-06-25 18:59:50.913  4178-4178  VRI[MainActivity]       com.zkc.androidplate                 D  getMiuiFreeformStackInfo mTmpFrames.miuiFreeFormStackInfo: null
2026-06-25 18:59:50.928  4178-13638 HWUI                    com.zkc.androidplate                 I  get: no pipeline info entry found for key of size 136
2026-06-25 18:59:50.932  4178-13638 SKIA                    com.zkc.androidplate                 W  CreateGraphicsPipeline shader cache missed.
2026-06-25 18:59:50.972  4178-13638 SKIA                    com.zkc.androidplate                 W  CreateGraphicsPipeline pipeline cache missed. elpased time: 39.71 ms.
2026-06-25 18:59:50.973  4178-13638 kc.androidplate         com.zkc.androidplate                 E  FrameInsert open fail: No such file or directory
2026-06-25 18:59:51.049  4154-7513  MIUIInput               system_server                        I  [MotionEvent] publisher action=0x1, deviceId=8, 348156620, channel 'b87a4b9 com.zkc.androidplate/com.zkc.androidplate.MainActivity'
2026-06-25 18:59:51.050  4178-4178  MIUIInput               com.zkc.androidplate                 I  [MotionEvent] ViewRootImpl windowName 'com.zkc.androidplate/com.zkc.androidplate.MainActivity', { action=ACTION_UP, id[0]=0, pointerCount=1, eventTime=348156620, downTime=348156472, phoneEventTime=1782385191049 } moveCount:0
2026-06-25 18:59:51.051  4154-4293  DisplayPolicyStubImpl   system_server                        I  boost for touch up, package:com.zkc.androidplate
2026-06-25 18:59:51.113  4178-13838 SkJpegCodec             com.zkc.androidplate                 I  [mId: 33] skia-debug SkJpegCodec::+SkJpegCodec
2026-06-25 18:59:51.113  4178-13838 SkJpegCodec             com.zkc.androidplate                 I  [mId: 33] skia-debug SkJpegCodec::ReadHeader: width = 2448, height = 2448, color = 10
2026-06-25 18:59:51.113  4178-13838 SkJpegCodec             com.zkc.androidplate                 I  [mId: 33] skia-debug SkJpegCodec::ReadHeader: progressive_mode = 0, streamType: SkMemoryStream
2026-06-25 18:59:51.113  4178-13838 SkJpegCodec             com.zkc.androidplate                 I  [mId: 33] skia-debug SkJpegCodec::onGetPixels: dstRowBytes = 9792, 
                                                                                                    dstInfo: SkImageInfo: {IsRGB = 1, ColorType = 4, AlphaType = 1, Dimensions.width = 2448, Dimensions.height = 2448};
2026-06-25 18:59:51.113  4178-13838 JpegXmCodec             com.zkc.androidplate                 I   skia-debug JpegXmCodec::isSupported returns true
2026-06-25 18:59:51.113  4178-13838 SkJpegCodec             com.zkc.androidplate                 I  [mId: 33] skia-debug SkJpegCodec::onGetPixels XmCodec start
2026-06-25 18:59:51.113  4178-13838 JpegXmCodec             com.zkc.androidplate                 I  [mId: 33] skia-debug JpegXmCodec::decode: prepare ends
2026-06-25 18:59:51.133  4178-14142 libEGL                  com.zkc.androidplate                 D  Post task 1
2026-06-25 18:59:51.133  4178-14146 libEGL                  com.zkc.androidplate                 D  Worker thread start 530389951488
2026-06-25 18:59:51.133  4178-14146 libEGL                  com.zkc.androidplate                 D  Run task 1
2026-06-25 18:59:51.135  4178-13838 JpegXmCodec             com.zkc.androidplate                 I  [mId: 33] skia-debug JpegXmCodec::decode: done
2026-06-25 18:59:51.135  4178-13838 SkJpegCodec             com.zkc.androidplate                 I  [mId: 33] skia-debug SkJpegCodec::onGetPixels XmCodec ends with output size = 23970816
2026-06-25 18:59:51.135  4178-13838 SkJpegCodec             com.zkc.androidplate                 I  [mId: 33] skia-debug onGetGainmapInfo returns false
2026-06-25 18:59:51.135  4178-13838 HWUI                    com.zkc.androidplate                 W  Image decoding logging dropped!
2026-06-25 18:59:51.142  4178-13838 PlateRecog              com.zkc.androidplate                 I  Capture src=2448x2448 scaled=640x640 rot=90
2026-06-25 18:59:51.171  4178-13605 kc.androidplate         com.zkc.androidplate                 I  This is non sticky GC, maxfree is 33554432 minfree is 8388608
2026-06-25 18:59:51.178  4178-13838 HyperLPR3-Native        com.zkc.androidplate                 D  cost: 0.036196
2026-06-25 18:59:51.188  4154-9813  HyperSentinel           system_server                        E  ->pid:4178,processName:"com.zkc.androidplate",Rss Memory Size Change 314796kb -> 438460kb
2026-06-25 18:59:51.200  4178-4178  SurfaceViewImpl         com.zkc.androidplate                 D  Surface destroyed.
2026-06-25 18:59:51.200  4178-4178  SurfaceViewImpl         com.zkc.androidplate                 D  Surface closed androidx.camera.core.SurfaceRequest@7e35a65
2026-06-25 18:59:51.200  4178-4178  DeferrableSurface       com.zkc.androidplate                 D  surface closed,  useCount=2 closed=true androidx.camera.core.SurfaceRequest$2@76733a
2026-06-25 18:59:51.200  4178-4178  BufferQueueProducer     com.zkc.androidplate                 D  [ed78878 SurfaceView[com.zkc.androidplate/com.zkc.androidplate.MainActivity]#1(BLAST Consumer)1](id:105200000003,api:4,p:2689,c:4178) disconnect: api -1 (caller=4178)
2026-06-25 18:59:51.200  4178-4178  BufferQueueConsumer     com.zkc.androidplate                 D  [ed78878 SurfaceView[com.zkc.androidplate/com.zkc.androidplate.MainActivity]#1(BLAST Consumer)1](id:105200000003,api:4,p:2689,c:4178) disconnect: caller 4178
2026-06-25 18:59:51.201  4178-4178  ViewRootImplStubImpl    com.zkc.androidplate                 D  onSurfaceViewDetached:
                                                                                                    , vri:android.view.ViewRootImpl@b333b9c, com.zkc.androidplate/com.zkc.androidplate.MainActivity
                                                                                                    , vri size:1200x2670
                                                                                                    , surfaceView:android.view.SurfaceView{ed78878 V.E...... ........ 0,0-1600,1200}, SurfaceView[com.zkc.androidplate/com.zkc.androidplate.MainActivity]
                                                                                                    , surfaceView size:1600x1200
                                                                                                    , surfaceControl:Surface(name=ed78878 SurfaceView[com.zkc.androidplate/com.zkc.androidplate.MainActivity](BLAST)#241530)/@0xe5eee90
2026-06-25 18:59:51.201  4178-4178  SurfaceView             com.zkc.androidplate                 D  UPDATE null, mIsCastMode = false
2026-06-25 18:59:51.203  4178-13610 BufferQueueProducer     com.zkc.androidplate                 E  [ed78878 SurfaceView[com.zkc.androidplate/com.zkc.androidplate.MainActivity]#1(BLAST Consumer)1](id:105200000003,api:4,p:2689,c:4178) queueBuffer: BufferQueue has been abandoned
2026-06-25 18:59:51.218  4178-4178  DeferrableSurface       com.zkc.androidplate                 D  surface closed,  useCount=0 closed=true androidx.camera.core.processing.SurfaceEdge$SettableSurface@822622e
2026-06-25 18:59:51.218  4178-4178  DeferrableSurface       com.zkc.androidplate                 D  Surface terminated[total_surfaces=2, used_surfaces=2](androidx.camera.core.processing.SurfaceEdge$SettableSurface@822622e}
2026-06-25 18:59:51.219  4178-4178  DeferrableSurface       com.zkc.androidplate                 D  use count-1,  useCount=1 closed=true androidx.camera.core.SurfaceRequest$2@76733a
2026-06-25 18:59:51.238  4178-13814 BufferQueueProducer     com.zkc.androidplate                 E  [ed78878 SurfaceView[com.zkc.androidplate/com.zkc.androidplate.MainActivity]#1(BLAST Consumer)1](id:105200000003,api:4,p:2689,c:4178) dequeueBuffer: BufferQueue has been abandoned
2026-06-25 18:59:51.238  4178-13610 BufferQueueProducer     com.zkc.androidplate                 E  [ed78878 SurfaceView[com.zkc.androidplate/com.zkc.androidplate.MainActivity]#1(BLAST Consumer)1](id:105200000003,api:4,p:2689,c:4178) queueBuffer: BufferQueue has been abandoned
2026-06-25 18:59:51.239  4178-13638 HWUI                    com.zkc.androidplate                 I  get: no pipeline info entry found for key of size 132
2026-06-25 18:59:51.240  4178-13638 SKIA                    com.zkc.androidplate                 W  CreateGraphicsPipeline shader cache missed.
2026-06-25 18:59:51.248  4178-13638 SKIA                    com.zkc.androidplate                 W  CreateGraphicsPipeline pipeline cache missed. elpased time: 7.83 ms.
2026-06-25 18:59:51.255  4178-13610 CameraDevice-JV-0       com.zkc.androidplate                 W  Device error received, code 3, frame number 282, request ID 0, subseq ID 0
2026-06-25 18:59:51.255  4178-13610 CameraDevice-JV-0       com.zkc.androidplate                 W  got error frame 282
2026-06-25 18:59:51.256  4178-13610 CameraDevice-JV-0       com.zkc.androidplate                 W  Repeating request error received. Last frame number is 282
2026-06-25 18:59:51.275  4178-13814 BufferQueueProducer     com.zkc.androidplate                 E  [ed78878 SurfaceView[com.zkc.androidplate/com.zkc.androidplate.MainActivity]#1(BLAST Consumer)1](id:105200000003,api:4,p:2689,c:4178) queueBuffer: BufferQueue has been abandoned
2026-06-25 18:59:51.303  4178-13814 BufferQueueProducer     com.zkc.androidplate                 E  [ed78878 SurfaceView[com.zkc.androidplate/com.zkc.androidplate.MainActivity]#1(BLAST Consumer)1](id:105200000003,api:4,p:2689,c:4178) queueBuffer: BufferQueue has been abandoned
2026-06-25 18:59:51.333  4178-13814 CameraDevice-JV-0       com.zkc.androidplate                 W  Device error received, code 5, frame number 278, request ID 0, subseq ID 0
2026-06-25 18:59:51.368  4178-13814 CameraDevice-JV-0       com.zkc.androidplate                 W  Device error received, code 5, frame number 279, request ID 0, subseq ID 0
2026-06-25 18:59:51.409  4178-13610 CameraDevice-JV-0       com.zkc.androidplate                 W  Device error received, code 5, frame number 280, request ID 0, subseq ID 0
2026-06-25 18:59:51.440  4178-14149 libEGL                  com.zkc.androidplate                 D  Post task 2
2026-06-25 18:59:51.441  4178-14146 libEGL                  com.zkc.androidplate                 D  Run task 2
2026-06-25 18:59:51.443  4178-13610 CameraDevice-JV-0       com.zkc.androidplate                 W  Device error received, code 5, frame number 281, request ID 0, subseq ID 0
2026-06-25 18:59:51.445  4178-13659 CaptureSession          com.zkc.androidplate                 D  CameraCaptureSession.onReady() OPENED
2026-06-25 18:59:51.446  4154-4296  BarFollowAnimation      system_server                        D  pairAppearanceRegionAndWin win=Window{b87a4b9 u0 com.zkc.androidplate/com.zkc.androidplate.MainActivity} 8
2026-06-25 18:59:51.446 15268-17870 MIUISafety-Monitor      com.miui.securitycenter.remote       W  sync com.zkc.androidplate,userId:0,op:26,active:false,isNote:false,isTerminal:false,notify:true
2026-06-25 18:59:51.448  4154-4296  BarFollowAnimation      system_server                        D  pairAppearanceRegionAndWin win=Window{b87a4b9 u0 com.zkc.androidplate/com.zkc.androidplate.MainActivity} 8
2026-06-25 18:59:51.450  4154-4293  BarFollowAnimation      system_server                        D  pairAppearanceRegionAndWin win=Window{b87a4b9 u0 com.zkc.androidplate/com.zkc.androidplate.MainActivity} 8
2026-06-25 18:59:53.217  4154-4293  BarFollowAnimation      system_server                        D  pairAppearanceRegionAndWin win=Window{b87a4b9 u0 com.zkc.androidplate/com.zkc.androidplate.MainActivity} 8
2026-06-25 18:59:56.769  4154-9782  PolicyMaker             system_server                        D  uid =10537 pkg=com.zkc.androidplate reason=VISIBLE_APP
2026-06-25 18:59:56.772  4154-7513  MIUIInput               system_server                        I  [MotionEvent] publisher action=0x0, deviceId=8, 348162342, channel 'b87a4b9 com.zkc.androidplate/com.zkc.androidplate.MainActivity'
2026-06-25 18:59:56.773  4178-4178  MIUIInput               com.zkc.androidplate                 I  [MotionEvent] ViewRootImpl windowName 'com.zkc.androidplate/com.zkc.androidplate.MainActivity', { action=ACTION_DOWN, id[0]=0, pointerCount=1, eventTime=348162342, downTime=348162342, phoneEventTime=1782385196771 } moveCount:0
2026-06-25 18:59:56.773  4178-4178  VRI[MainActivity]       com.zkc.androidplate                 D  getMiuiFreeformStackInfo mTmpFrames.miuiFreeFormStackInfo: null
2026-06-25 18:59:56.785  4178-13638 RenderInspector         com.zkc.androidplate                 W  DequeueBuffer time out on com.zkc.androidplate/com.zkc.androidplate.MainActivity, count=12, avg=14 ms, max=18 ms.
2026-06-25 18:59:56.786  4154-7422  PerfShielderService     system_server                        D  com.zkc.androidplate|com.zkc.androidplate/com.zkc.androidplate.MainActivity|249|348156743256926|51|5|14
2026-06-25 18:59:56.787 14764-15221 MiuiPerfServiceClient   com.miui.daemon                      W  interceptAndQueuing:4178|com.zkc.androidplate|249|51|348156743256926|Slow issue draw commands|14
2026-06-25 18:59:56.788  4154-4293  BarFollowAnimation      system_server                        D  pairAppearanceRegionAndWin win=Window{b87a4b9 u0 com.zkc.androidplate/com.zkc.androidplate.MainActivity} 8
2026-06-25 18:59:56.837  4154-7513  MIUIInput               system_server                        I  [MotionEvent] publisher action=0x1, deviceId=8, 348162408, channel 'b87a4b9 com.zkc.androidplate/com.zkc.androidplate.MainActivity'
2026-06-25 18:59:56.838  4178-4178  MIUIInput               com.zkc.androidplate                 I  [MotionEvent] ViewRootImpl windowName 'com.zkc.androidplate/com.zkc.androidplate.MainActivity', { action=ACTION_UP, id[0]=0, pointerCount=1, eventTime=348162408, downTime=348162342, phoneEventTime=1782385196837 } moveCount:0
2026-06-25 18:59:56.839  4154-4293  DisplayPolicyStubImpl   system_server                        I  boost for touch up, package:com.zkc.androidplate
2026-06-25 18:59:56.875  4178-4178  DeferrableSurface       com.zkc.androidplate                 D  surface closed,  useCount=1 closed=true androidx.camera.core.impl.ImmediateSurface@fc65bc7
2026-06-25 18:59:56.875  4178-13653 Camera2CameraImpl       com.zkc.androidplate                 D  {Camera@da327fe[id=0]} Use cases [androidx.camera.core.Preview-d6d8a42a-490f-4167-b2c9-0f0d1ec154c640506250, androidx.camera.core.ImageAnalysis-2e9e6e05-8650-40ca-a9d5-abeb69d58447265981435] now DETACHED for camera
2026-06-25 18:59:56.875  4178-13653 UseCaseAttachState      com.zkc.androidplate                 D  All use case: [] for camera: 0
2026-06-25 18:59:56.875  4178-13653 Camera2CameraImpl       com.zkc.androidplate                 D  {Camera@da327fe[id=0]} Resetting Capture Session
2026-06-25 18:59:56.876  4178-13653 Camera2CameraImpl       com.zkc.androidplate                 D  {Camera@da327fe[id=0]} Releasing session in state OPENED
2026-06-25 18:59:56.876  4178-13653 UseCaseAttachState      com.zkc.androidplate                 D  Active and attached use case: [] for camera: 0
2026-06-25 18:59:56.876  4178-13653 UseCaseAttachState      com.zkc.androidplate                 D  Active and attached use case: [] for camera: 0
2026-06-25 18:59:56.876  4178-13653 Camera2CameraImpl       com.zkc.androidplate                 D  {Camera@da327fe[id=0]} Closing camera.
2026-06-25 18:59:56.876  4178-13653 Camera2CameraImpl       com.zkc.androidplate                 D  {Camera@da327fe[id=0]} Transitioning camera internal state: OPENED --> CLOSING
2026-06-25 18:59:56.876  4178-13653 CameraStateRegistry     com.zkc.androidplate                 D  Recalculating open cameras:
                                                                                                    Camera                                       State                 
                                                                                                    -------------------------------------------------------------------
                                                                                                    Camera@1888e7b[id=1]                         UNKNOWN               
                                                                                                    Camera@da327fe[id=0]                         CLOSING               
                                                                                                    -------------------------------------------------------------------
                                                                                                    Open count: 1 (Max allowed: 1)
2026-06-25 18:59:56.877  4178-13653 CameraStateMachine      com.zkc.androidplate                 D  New public camera state CameraState{type=CLOSING, error=null} from CLOSING and null
2026-06-25 18:59:56.877  4178-13653 CameraStateMachine      com.zkc.androidplate                 D  Publishing new public camera state CameraState{type=CLOSING, error=null}
2026-06-25 18:59:56.877  4178-13653 Camera2CameraImpl       com.zkc.androidplate                 D  {Camera@da327fe[id=0]} Resetting Capture Session
2026-06-25 18:59:56.877  4178-13653 Camera2CameraImpl       com.zkc.androidplate                 D  {Camera@da327fe[id=0]} Releasing session in state CLOSING
2026-06-25 18:59:56.877  4178-13653 CaptureSession          com.zkc.androidplate                 D  onSessionFinished()
2026-06-25 18:59:56.877  4178-13653 CameraExtImplXiaoMi     com.zkc.androidplate                 D  releaseCameraDevice: 0
2026-06-25 18:59:56.877  4178-13653 CameraDevice-JV-0       com.zkc.androidplate                 D  close: E. id = 0
2026-06-25 18:59:56.877  4178-4178  CameraOrientationUtil   com.zkc.androidplate                 D  getRelativeImageRotation: destRotationDegrees=0, sourceRotationDegrees=90, isOppositeFacing=true, result=90
2026-06-25 18:59:56.877  4178-4178  CameraOrientationUtil   com.zkc.androidplate                 D  getRelativeImageRotation: destRotationDegrees=0, sourceRotationDegrees=90, isOppositeFacing=true, result=90
2026-06-25 18:59:56.880  4178-4178  CameraOrientationUtil   com.zkc.androidplate                 D  getRelativeImageRotation: destRotationDegrees=0, sourceRotationDegrees=90, isOppositeFacing=true, result=90
2026-06-25 18:59:56.880  4178-4178  CameraOrientationUtil   com.zkc.androidplate                 D  getRelativeImageRotation: destRotationDegrees=0, sourceRotationDegrees=90, isOppositeFacing=true, result=90
2026-06-25 18:59:56.882  4178-4178  DynamicRangeResolver    com.zkc.androidplate                 D  Resolved dynamic range for use case androidx.camera.core.Preview-6d8e548e-bb1a-4c9b-8810-103938adf2db to no compatible HDR dynamic ranges.
                                                                                                    DynamicRange@8a782ad{encoding=UNSPECIFIED, bitDepth=0}
                                                                                                    ->
                                                                                                    DynamicRange@8803c4{encoding=SDR, bitDepth=8}
2026-06-25 18:59:56.883  4178-4178  CameraOrientationUtil   com.zkc.androidplate                 D  getRelativeImageRotation: destRotationDegrees=0, sourceRotationDegrees=90, isOppositeFacing=true, result=90
2026-06-25 18:59:56.883  4178-4178  DeferrableSurface       com.zkc.androidplate                 D  Surface created[total_surfaces=3, used_surfaces=2](androidx.camera.core.processing.SurfaceEdge$SettableSurface@2a50721}
2026-06-25 18:59:56.883  4178-4178  DeferrableSurface       com.zkc.androidplate                 D  Surface created[total_surfaces=4, used_surfaces=2](androidx.camera.core.SurfaceRequest$2@aa9f45d}
2026-06-25 18:59:56.883  4178-4178  DeferrableSurface       com.zkc.androidplate                 D  New surface in use[total_surfaces=4, used_surfaces=3](androidx.camera.core.SurfaceRequest$2@aa9f45d}
2026-06-25 18:59:56.883  4178-4178  DeferrableSurface       com.zkc.androidplate                 D  use count+1, useCount=1 androidx.camera.core.SurfaceRequest$2@aa9f45d
2026-06-25 18:59:56.884  4178-4178  CameraOrientationUtil   com.zkc.androidplate                 D  getRelativeImageRotation: destRotationDegrees=0, sourceRotationDegrees=90, isOppositeFacing=true, result=90
2026-06-25 18:59:56.884  4178-4178  CameraOrientationUtil   com.zkc.androidplate                 D  getRelativeImageRotation: destRotationDegrees=0, sourceRotationDegrees=90, isOppositeFacing=true, result=90
2026-06-25 18:59:56.885  4178-4178  CameraOrientationUtil   com.zkc.androidplate                 D  getRelativeImageRotation: destRotationDegrees=0, sourceRotationDegrees=90, isOppositeFacing=true, result=90
2026-06-25 18:59:56.885  4178-4178  DeferrableSurface       com.zkc.androidplate                 D  Surface created[total_surfaces=5, used_surfaces=3](androidx.camera.core.impl.ImmediateSurface@260f91e}
2026-06-25 18:59:56.885  4178-4178  PreviewView             com.zkc.androidplate                 D  Surface requested by Preview.
2026-06-25 18:59:56.886  4178-4178  StreamStateObserver     com.zkc.androidplate                 D  Update Preview stream state to IDLE
2026-06-25 18:59:56.886  4178-4178  PreviewView             com.zkc.androidplate                 D  Preview transformation info updated. TransformationInfo{getCropRect=Rect(0, 0 - 1600, 1200), getRotationDegrees=90, getTargetRotation=-1, hasCameraTransform=true, getSensorToBufferTransform=Matrix{[1.0, 0.0, 0.0][0.0, 1.0, 0.0][0.0, 0.0, 1.0]}, getMirroring=false}
2026-06-25 18:59:56.886  4178-4178  PreviewTransform        com.zkc.androidplate                 D  Transformation info set: TransformationInfo{getCropRect=Rect(0, 0 - 1600, 1200), getRotationDegrees=90, getTargetRotation=-1, hasCameraTransform=true, getSensorToBufferTransform=Matrix{[1.0, 0.0, 0.0][0.0, 1.0, 0.0][0.0, 0.0, 1.0]}, getMirroring=false} 1600x1200 false
2026-06-25 18:59:56.886  4178-4178  CameraOrientationUtil   com.zkc.androidplate                 D  getRelativeImageRotation: destRotationDegrees=0, sourceRotationDegrees=90, isOppositeFacing=true, result=90
2026-06-25 18:59:56.893  4178-4178  SurfaceViewImpl         com.zkc.androidplate                 D  Wait for new Surface creation.
2026-06-25 18:59:56.901  4178-4178  SurfaceView             com.zkc.androidplate                 D  UPDATE null, mIsCastMode = false
2026-06-25 18:59:56.901  4178-4178  ViewRootImplStubImpl    com.zkc.androidplate                 D  onSurfaceViewAttached:
                                                                                                    , vri:android.view.ViewRootImpl@b333b9c, com.zkc.androidplate/com.zkc.androidplate.MainActivity
                                                                                                    , vri size:1200x2670
                                                                                                    , surfaceView:android.view.SurfaceView{5850df6 V.E...... ......I. 0,0-1600,1200}, SurfaceView[com.zkc.androidplate/com.zkc.androidplate.MainActivity]
                                                                                                    , surfaceView size:1600x1200
                                                                                                    , surfaceControl:Surface(name=5850df6 SurfaceView[com.zkc.androidplate/com.zkc.androidplate.MainActivity](BLAST)#241534)/@0x380cc64
2026-06-25 18:59:56.902  4178-4178  SurfaceViewImpl         com.zkc.androidplate                 D  Surface created.
2026-06-25 18:59:56.902  4178-4178  SurfaceViewImpl         com.zkc.androidplate                 D  Surface changed. Size: 1600x1200
2026-06-25 18:59:56.902  4178-4178  SurfaceViewImpl         com.zkc.androidplate                 D  Surface set on Preview.
2026-06-25 18:59:56.903  4178-4178  SurfaceView             com.zkc.androidplate                 D  UPDATE Surface(name=5850df6 SurfaceView[com.zkc.androidplate/com.zkc.androidplate.MainActivity]#241533)/@0x9b04ad0, mIsProjectionMode = false
2026-06-25 18:59:56.961  4178-13814 CameraInjector          com.zkc.androidplate                 D  updateCloudCameraControllerInfoAsync: has aleardy start update task.
2026-06-25 18:59:56.961  4178-13814 CameraInjector          com.zkc.androidplate                 D  waitForResult: 
2026-06-25 18:59:56.961  4178-13814 libc                    com.zkc.androidplate                 W  Access denied finding property "vendor.camera.aux.packagelist"
2026-06-25 18:59:56.961  4178-13814 libc                    com.zkc.androidplate                 W  Access denied finding property "vendor.camera.aux.packagelistext"
2026-06-25 18:59:56.961  4178-13814 CameraManagerGlobal     com.zkc.androidplate                 W  ignore the torch status update of camera: 2
2026-06-25 18:59:56.961  4178-13814 CameraInjector          com.zkc.androidplate                 D  updateCloudCameraControllerInfoAsync: has aleardy start update task.
2026-06-25 18:59:56.961  4178-13814 CameraInjector          com.zkc.androidplate                 D  waitForResult: 
2026-06-25 18:59:56.961  4178-13814 libc                    com.zkc.androidplate                 W  Access denied finding property "vendor.camera.aux.packagelist"
2026-06-25 18:59:56.961  4178-13814 libc                    com.zkc.androidplate                 W  Access denied finding property "vendor.camera.aux.packagelistext"
2026-06-25 18:59:56.961  4178-13814 CameraManagerGlobal     com.zkc.androidplate                 W  ignore the torch status update of camera: 3
2026-06-25 18:59:56.961  4178-13814 CameraInjector          com.zkc.androidplate                 D  updateCloudCameraControllerInfoAsync: has aleardy start update task.
2026-06-25 18:59:56.961  4178-13814 CameraInjector          com.zkc.androidplate                 D  waitForResult: 
2026-06-25 18:59:56.961  4178-13814 libc                    com.zkc.androidplate                 W  Access denied finding property "vendor.camera.aux.packagelist"
2026-06-25 18:59:56.961  4178-13814 libc                    com.zkc.androidplate                 W  Access denied finding property "vendor.camera.aux.packagelistext"
2026-06-25 18:59:56.961  4178-13814 CameraManagerGlobal     com.zkc.androidplate                 W  ignore the torch status update of camera: 4
2026-06-25 18:59:56.962  4178-13811 CameraInjector          com.zkc.androidplate                 D  updateCloudCameraControllerInfoAsync: has aleardy start update task.
2026-06-25 18:59:56.962  4178-13811 CameraInjector          com.zkc.androidplate                 D  waitForResult: 
2026-06-25 18:59:56.962  4178-13811 libc                    com.zkc.androidplate                 W  Access denied finding property "vendor.camera.aux.packagelist"
2026-06-25 18:59:56.962  4178-13811 libc                    com.zkc.androidplate                 W  Access denied finding property "vendor.camera.aux.packagelistext"
2026-06-25 18:59:56.962  4178-13811 CameraManagerGlobal     com.zkc.androidplate                 W  ignore the torch status update of camera: 5
2026-06-25 18:59:56.962  4178-13811 CameraInjector          com.zkc.androidplate                 D  updateCloudCameraControllerInfoAsync: has aleardy start update task.
2026-06-25 18:59:56.962  4178-13811 CameraInjector          com.zkc.androidplate                 D  waitForResult: 
2026-06-25 18:59:56.962  4178-13811 libc                    com.zkc.androidplate                 W  Access denied finding property "vendor.camera.aux.packagelist"
2026-06-25 18:59:56.962  4178-13811 libc                    com.zkc.androidplate                 W  Access denied finding property "vendor.camera.aux.packagelistext"
2026-06-25 18:59:56.962  4178-13811 CameraManagerGlobal     com.zkc.androidplate                 W  ignore the torch status update of camera: 6
2026-06-25 18:59:56.962  4178-13653 BufferQueueProducer     com.zkc.androidplate                 D  [ed78878 SurfaceView[com.zkc.androidplate/com.zkc.androidplate.MainActivity]#1(BLAST Consumer)1](id:105200000003,api:4,p:2689,c:4178) disconnect: api 4 (caller=2689)
2026-06-25 18:59:56.962  4178-13653 BufferQueueProducer     com.zkc.androidplate                 D  [ImageReader-2448x2448f23m4-4178-0](id:105200000001,api:4,p:2689,c:4178) disconnect: api 4 (caller=2689)
2026-06-25 18:59:56.967  4154-4388  MiuiEmbeddingWindow     system_server                        D  notifyCameraStateChanged packageName:com.zkc.androidplate cameraState:2
2026-06-25 18:59:56.967  4154-9836  CamOpt_Service          system_server                        I  notifyCameraStatusChanged cameraId: 0, callerPkg: com.zkc.androidplate, callerAr: com.zkc.androidplate.MainActivity, uid: 10537, pid: 4178, status: 4
2026-06-25 18:59:56.967  4154-4388  MiuiEmbeddingWindow     system_server                        D  close:3rdApp camera pipeline :com.zkc.androidplate, force=true
2026-06-25 18:59:56.967  4178-13653 CameraDevice-JV-0       com.zkc.androidplate                 D  close: X
2026-06-25 18:59:56.967  4178-13653 DeferrableSurface       com.zkc.androidplate                 D  use count-1,  useCount=0 closed=true androidx.camera.core.SurfaceRequest$2@76733a
2026-06-25 18:59:56.967  4178-13653 DeferrableSurface       com.zkc.androidplate                 D  Surface no longer in use[total_surfaces=5, used_surfaces=2](androidx.camera.core.SurfaceRequest$2@76733a}
2026-06-25 18:59:56.967  4178-13653 DeferrableSurface       com.zkc.androidplate                 D  Surface terminated[total_surfaces=4, used_surfaces=2](androidx.camera.core.SurfaceRequest$2@76733a}
2026-06-25 18:59:56.967  4178-13653 DeferrableSurface       com.zkc.androidplate                 D  use count-1,  useCount=0 closed=true androidx.camera.core.impl.ImmediateSurface@fc65bc7
2026-06-25 18:59:56.967  4178-13653 DeferrableSurface       com.zkc.androidplate                 D  Surface no longer in use[total_surfaces=4, used_surfaces=1](androidx.camera.core.impl.ImmediateSurface@fc65bc7}
2026-06-25 18:59:56.967  4178-13653 DeferrableSurface       com.zkc.androidplate                 D  Surface terminated[total_surfaces=3, used_surfaces=1](androidx.camera.core.impl.ImmediateSurface@fc65bc7}
2026-06-25 18:59:56.968  4178-13653 UseCaseAttachState      com.zkc.androidplate                 D  Active and attached use case: [] for camera: 0
2026-06-25 18:59:56.968  4178-4178  SurfaceViewImpl         com.zkc.androidplate                 D  Safe to release surface.
2026-06-25 18:59:56.968  4178-13653 Camera2CameraImpl       com.zkc.androidplate                 D  {Camera@da327fe[id=0]} Use case androidx.camera.core.Preview-6d8e548e-bb1a-4c9b-8810-103938adf2db69703790 ACTIVE
2026-06-25 18:59:56.968  4178-13653 UseCaseAttachState      com.zkc.androidplate                 D  Active and attached use case: [] for camera: 0
2026-06-25 18:59:56.968  4178-4178  BufferQueueConsumer     com.zkc.androidplate                 D  [ImageReader-2448x2448f23m4-4178-0](id:105200000001,api:0,p:-1,c:4178) disconnect: caller 4178
2026-06-25 18:59:56.968  4178-13653 Camera2CameraImpl       com.zkc.androidplate                 D  {Camera@da327fe[id=0]} Use case androidx.camera.core.ImageAnalysis-212addc7-e682-4845-8a6b-f0a0bf9bd01c140614415 ACTIVE
2026-06-25 18:59:56.968  4178-13653 UseCaseAttachState      com.zkc.androidplate                 D  Active and attached use case: [] for camera: 0
2026-06-25 18:59:56.968  4178-4178  BufferQueueConsumer     com.zkc.androidplate                 D  [ImageReader-2448x2448f23m4-4178-1](id:105200000002,api:0,p:0,c:4178) disconnect: caller 4178
2026-06-25 18:59:56.968  4178-13653 Camera2CameraImpl       com.zkc.androidplate                 D  {Camera@da327fe[id=0]} Use cases [androidx.camera.core.Preview-6d8e548e-bb1a-4c9b-8810-103938adf2db69703790, androidx.camera.core.ImageAnalysis-212addc7-e682-4845-8a6b-f0a0bf9bd01c140614415] now ATTACHED
2026-06-25 18:59:56.968  4178-13653 UseCaseAttachState      com.zkc.androidplate                 D  All use case: [androidx.camera.core.Preview-6d8e548e-bb1a-4c9b-8810-103938adf2db69703790, androidx.camera.core.ImageAnalysis-212addc7-e682-4845-8a6b-f0a0bf9bd01c140614415] for camera: 0
2026-06-25 18:59:56.968  4178-13653 UseCaseAttachState      com.zkc.androidplate                 D  Active and attached use case: [androidx.camera.core.Preview-6d8e548e-bb1a-4c9b-8810-103938adf2db69703790, androidx.camera.core.ImageAnalysis-212addc7-e682-4845-8a6b-f0a0bf9bd01c140614415] for camera: 0
2026-06-25 18:59:56.969  4154-9836  CamOpt_Booster          system_server                        I  notifyCameraStatusChanged : status: 4, caller: com.zkc.androidplate, modelevel: 0
2026-06-25 18:59:56.969  4178-13653 Camera2CameraImpl       com.zkc.androidplate                 D  {Camera@da327fe[id=0]} Resetting Capture Session
2026-06-25 18:59:56.969  4178-13653 Camera2CameraImpl       com.zkc.androidplate                 D  {Camera@da327fe[id=0]} Releasing session in state CLOSING
2026-06-25 18:59:56.969  4178-13653 Camera2CameraImpl       com.zkc.androidplate                 D  {Camera@da327fe[id=0]} Transitioning camera internal state: CLOSING --> REOPENING
2026-06-25 18:59:56.969  4178-13653 CameraStateRegistry     com.zkc.androidplate                 D  Recalculating open cameras:
                                                                                                    Camera                                       State                 
                                                                                                    -------------------------------------------------------------------
                                                                                                    Camera@1888e7b[id=1]                         UNKNOWN               
                                                                                                    Camera@da327fe[id=0]                         OPENING               
                                                                                                    -------------------------------------------------------------------
                                                                                                    Open count: 1 (Max allowed: 1)
2026-06-25 18:59:56.969  4178-13653 CameraStateMachine      com.zkc.androidplate                 D  New public camera state CameraState{type=OPENING, error=null} from OPENING and null
2026-06-25 18:59:56.969  4178-13653 CameraStateMachine      com.zkc.androidplate                 D  Publishing new public camera state CameraState{type=OPENING, error=null}
2026-06-25 18:59:56.969  4178-13653 Camera2CameraImpl       com.zkc.androidplate                 D  {Camera@da327fe[id=0]} Use case androidx.camera.core.Preview-6d8e548e-bb1a-4c9b-8810-103938adf2db69703790 ACTIVE
2026-06-25 18:59:56.969  4178-13653 UseCaseAttachState      com.zkc.androidplate                 D  Active and attached use case: [androidx.camera.core.Preview-6d8e548e-bb1a-4c9b-8810-103938adf2db69703790, androidx.camera.core.ImageAnalysis-212addc7-e682-4845-8a6b-f0a0bf9bd01c140614415] for camera: 0
2026-06-25 18:59:56.969  4178-13653 Camera2CameraImpl       com.zkc.androidplate                 D  {Camera@da327fe[id=0]} Use case androidx.camera.core.ImageAnalysis-212addc7-e682-4845-8a6b-f0a0bf9bd01c140614415 ACTIVE
2026-06-25 18:59:56.969  4178-13653 UseCaseAttachState      com.zkc.androidplate                 D  Active and attached use case: [androidx.camera.core.Preview-6d8e548e-bb1a-4c9b-8810-103938adf2db69703790, androidx.camera.core.ImageAnalysis-212addc7-e682-4845-8a6b-f0a0bf9bd01c140614415] for camera: 0
2026-06-25 18:59:56.970  4178-13653 Camera2CameraImpl       com.zkc.androidplate                 D  {Camera@da327fe[id=0]} CameraDevice.onClosed()
2026-06-25 18:59:56.970  4178-13653 Camera2CameraImpl       com.zkc.androidplate                 D  {Camera@da327fe[id=0]} Attempting to open the camera.
2026-06-25 18:59:56.970  4178-13653 CameraStateRegistry     com.zkc.androidplate                 D  tryOpenCamera(Camera@da327fe[id=0]) [Available Cameras: 0, Already Open: true (Previous state: OPENING)] --> SUCCESS
2026-06-25 18:59:56.970  4178-13653 CameraStateRegistry     com.zkc.androidplate                 D  Recalculating open cameras:
                                                                                                    Camera                                       State                 
                                                                                                    -------------------------------------------------------------------
                                                                                                    Camera@1888e7b[id=1]                         UNKNOWN               
                                                                                                    Camera@da327fe[id=0]                         OPENING               
                                                                                                    -------------------------------------------------------------------
                                                                                                    Open count: 1 (Max allowed: 1)
2026-06-25 18:59:56.970  4178-13653 Camera2CameraImpl       com.zkc.androidplate                 D  {Camera@da327fe[id=0]} Opening camera.
2026-06-25 18:59:56.970  4178-13653 Camera2CameraImpl       com.zkc.androidplate                 D  {Camera@da327fe[id=0]} Transitioning camera internal state: REOPENING --> OPENING
2026-06-25 18:59:56.970  4178-13653 CameraStateMachine      com.zkc.androidplate                 D  New public camera state CameraState{type=OPENING, error=null} from OPENING and null
2026-06-25 18:59:56.970  4178-13653 UseCaseAttachState      com.zkc.androidplate                 D  All use case: [androidx.camera.core.Preview-6d8e548e-bb1a-4c9b-8810-103938adf2db69703790, androidx.camera.core.ImageAnalysis-212addc7-e682-4845-8a6b-f0a0bf9bd01c140614415] for camera: 0
2026-06-25 18:59:56.971  4178-13653 libc                    com.zkc.androidplate                 W  Access denied finding property "persist.vendor.camera.privapp.list"
2026-06-25 18:59:56.971  4178-13653 CameraExtImplXiaoMi     com.zkc.androidplate                 D  initCameraDevice: 0
2026-06-25 18:59:56.971  4178-13653 CameraManager           com.zkc.androidplate                 I  Open camera top activityName is com.zkc.androidplate.MainActivity
2026-06-25 18:59:56.972  2689-2689  CameraImpl              cameraserver                         D  splitClientPackageActivityName: app packageName is com.zkc.androidplate,activityName is com.zkc.androidplate.MainActivity, fullName is com.zkc.androidplate&com.zkc.androidplate.MainActivity
2026-06-25 18:59:56.972  2689-2689  MiCameraSceneIdentify   cameraserver                         I  setClientActivityName: The activity is com.zkc.androidplate.MainActivity 
