2026-06-25 18:54:50.951 28408-5462  SkJpegCodec             com.zkc.androidplate                 I  [mId: 97] skia-debug SkJpegCodec::+SkJpegCodec
2026-06-25 18:54:50.951 28408-5462  SkJpegCodec             com.zkc.androidplate                 I  [mId: 97] skia-debug SkJpegCodec::ReadHeader: width = 2448, height = 2448, color = 10
2026-06-25 18:54:50.951 28408-5462  SkJpegCodec             com.zkc.androidplate                 I  [mId: 97] skia-debug SkJpegCodec::ReadHeader: progressive_mode = 0, streamType: SkMemoryStream
2026-06-25 18:54:50.951 28408-5462  SkJpegCodec             com.zkc.androidplate                 I  [mId: 97] skia-debug SkJpegCodec::onGetPixels: dstRowBytes = 9792, 
                                                                                                    dstInfo: SkImageInfo: {IsRGB = 1, ColorType = 4, AlphaType = 1, Dimensions.width = 2448, Dimensions.height = 2448};
2026-06-25 18:54:50.951 28408-5462  JpegXmCodec             com.zkc.androidplate                 I   skia-debug JpegXmCodec::isSupported returns true
2026-06-25 18:54:50.951 28408-5462  SkJpegCodec             com.zkc.androidplate                 I  [mId: 97] skia-debug SkJpegCodec::onGetPixels XmCodec start
2026-06-25 18:54:50.951 28408-5462  JpegXmCodec             com.zkc.androidplate                 I  [mId: 97] skia-debug JpegXmCodec::decode: prepare ends
2026-06-25 18:54:50.966 28408-5586  ProfileInstaller        com.zkc.androidplate                 D  Installing profile for com.zkc.androidplate
2026-06-25 18:54:50.976 28408-5462  JpegXmCodec             com.zkc.androidplate                 I  [mId: 97] skia-debug JpegXmCodec::decode: done
2026-06-25 18:54:50.976 28408-5462  SkJpegCodec             com.zkc.androidplate                 I  [mId: 97] skia-debug SkJpegCodec::onGetPixels XmCodec ends with output size = 23970816
2026-06-25 18:54:50.976 28408-5462  SkJpegCodec             com.zkc.androidplate                 I  [mId: 97] skia-debug onGetGainmapInfo returns false
2026-06-25 18:54:50.976 28408-5462  HWUI                    com.zkc.androidplate                 W  Image decoding logging dropped!
2026-06-25 18:54:51.014 28408-5462  HyperLPR3-Native        com.zkc.androidplate                 D  cost: 0.036669
2026-06-25 18:54:51.037 28408-5462  SkJpegCodec             com.zkc.androidplate                 I  [mId: 98] skia-debug SkJpegCodec::+SkJpegCodec
2026-06-25 18:54:51.037 28408-5462  SkJpegCodec             com.zkc.androidplate                 I  [mId: 98] skia-debug SkJpegCodec::ReadHeader: width = 2448, height = 2448, color = 10
2026-06-25 18:54:51.037 28408-5462  SkJpegCodec             com.zkc.androidplate                 I  [mId: 98] skia-debug SkJpegCodec::ReadHeader: progressive_mode = 0, streamType: SkMemoryStream
2026-06-25 18:54:51.037 28408-5462  SkJpegCodec             com.zkc.androidplate                 I  [mId: 98] skia-debug SkJpegCodec::onGetPixels: dstRowBytes = 9792, 
                                                                                                    dstInfo: SkImageInfo: {IsRGB = 1, ColorType = 4, AlphaType = 1, Dimensions.width = 2448, Dimensions.height = 2448};
2026-06-25 18:54:51.037 28408-5462  JpegXmCodec             com.zkc.androidplate                 I   skia-debug JpegXmCodec::isSupported returns true
2026-06-25 18:54:51.037 28408-5462  SkJpegCodec             com.zkc.androidplate                 I  [mId: 98] skia-debug SkJpegCodec::onGetPixels XmCodec start
2026-06-25 18:54:51.037 28408-5462  JpegXmCodec             com.zkc.androidplate                 I  [mId: 98] skia-debug JpegXmCodec::decode: prepare ends
2026-06-25 18:54:51.049 28408-5275  kc.androidplate         com.zkc.androidplate                 I  This is non sticky GC, maxfree is 33554432 minfree is 8388608
2026-06-25 18:54:51.055 28408-5462  JpegXmCodec             com.zkc.androidplate                 I  [mId: 98] skia-debug JpegXmCodec::decode: done
2026-06-25 18:54:51.055 28408-5462  SkJpegCodec             com.zkc.androidplate                 I  [mId: 98] skia-debug SkJpegCodec::onGetPixels XmCodec ends with output size = 23970816
2026-06-25 18:54:51.055 28408-5462  SkJpegCodec             com.zkc.androidplate                 I  [mId: 98] skia-debug onGetGainmapInfo returns false
2026-06-25 18:54:51.055 28408-5462  HWUI                    com.zkc.androidplate                 W  Image decoding logging dropped!
2026-06-25 18:54:51.094 28408-5462  HyperLPR3-Native        com.zkc.androidplate                 D  cost: 0.037276
2026-06-25 18:54:51.118 28408-5462  SkJpegCodec             com.zkc.androidplate                 I  [mId: 99] skia-debug SkJpegCodec::+SkJpegCodec
2026-06-25 18:54:51.118 28408-5462  SkJpegCodec             com.zkc.androidplate                 I  [mId: 99] skia-debug SkJpegCodec::ReadHeader: width = 2448, height = 2448, color = 10
2026-06-25 18:54:51.118 28408-5462  SkJpegCodec             com.zkc.androidplate                 I  [mId: 99] skia-debug SkJpegCodec::ReadHeader: progressive_mode = 0, streamType: SkMemoryStream
2026-06-25 18:54:51.118 28408-5462  SkJpegCodec             com.zkc.androidplate                 I  [mId: 99] skia-debug SkJpegCodec::onGetPixels: dstRowBytes = 9792, 
                                                                                                    dstInfo: SkImageInfo: {IsRGB = 1, ColorType = 4, AlphaType = 1, Dimensions.width = 2448, Dimensions.height = 2448};
2026-06-25 18:54:51.118 28408-5462  JpegXmCodec             com.zkc.androidplate                 I   skia-debug JpegXmCodec::isSupported returns true
2026-06-25 18:54:51.118 28408-5462  SkJpegCodec             com.zkc.androidplate                 I  [mId: 99] skia-debug SkJpegCodec::onGetPixels XmCodec start
2026-06-25 18:54:51.118 28408-5462  JpegXmCodec             com.zkc.androidplate                 I  [mId: 99] skia-debug JpegXmCodec::decode: prepare ends
2026-06-25 18:54:51.139 28408-5462  JpegXmCodec             com.zkc.androidplate                 I  [mId: 99] skia-debug JpegXmCodec::decode: done
2026-06-25 18:54:51.139 28408-5462  SkJpegCodec             com.zkc.androidplate                 I  [mId: 99] skia-debug SkJpegCodec::onGetPixels XmCodec ends with output size = 23970816
2026-06-25 18:54:51.139 28408-5462  SkJpegCodec             com.zkc.androidplate                 I  [mId: 99] skia-debug onGetGainmapInfo returns false
2026-06-25 18:54:51.140 28408-5462  HWUI                    com.zkc.androidplate                 W  Image decoding logging dropped!
2026-06-25 18:54:51.179 28408-5462  HyperLPR3-Native        com.zkc.androidplate                 D  cost: 0.037063
2026-06-25 18:54:51.202 28408-5462  SkJpegCodec             com.zkc.androidplate                 I  [mId: 100] skia-debug SkJpegCodec::+SkJpegCodec
2026-06-25 18:54:51.202 28408-5462  SkJpegCodec             com.zkc.androidplate                 I  [mId: 100] skia-debug SkJpegCodec::ReadHeader: width = 2448, height = 2448, color = 10
2026-06-25 18:54:51.202 28408-5462  SkJpegCodec             com.zkc.androidplate                 I  [mId: 100] skia-debug SkJpegCodec::ReadHeader: progressive_mode = 0, streamType: SkMemoryStream
2026-06-25 18:54:51.202 28408-5462  SkJpegCodec             com.zkc.androidplate                 I  [mId: 100] skia-debug SkJpegCodec::onGetPixels: dstRowBytes = 9792, 
                                                                                                    dstInfo: SkImageInfo: {IsRGB = 1, ColorType = 4, AlphaType = 1, Dimensions.width = 2448, Dimensions.height = 2448};
2026-06-25 18:54:51.202 28408-5462  JpegXmCodec             com.zkc.androidplate                 I   skia-debug JpegXmCodec::isSupported returns true
2026-06-25 18:54:51.202 28408-5462  SkJpegCodec             com.zkc.androidplate                 I  [mId: 100] skia-debug SkJpegCodec::onGetPixels XmCodec start
2026-06-25 18:54:51.202 28408-5462  JpegXmCodec             com.zkc.androidplate                 I  [mId: 100] skia-debug JpegXmCodec::decode: prepare ends
2026-06-25 18:54:51.226 28408-5462  JpegXmCodec             com.zkc.androidplate                 I  [mId: 100] skia-debug JpegXmCodec::decode: done
2026-06-25 18:54:51.226 28408-5462  SkJpegCodec             com.zkc.androidplate                 I  [mId: 100] skia-debug SkJpegCodec::onGetPixels XmCodec ends with output size = 23970816
2026-06-25 18:54:51.226 28408-5462  SkJpegCodec             com.zkc.androidplate                 I  [mId: 100] skia-debug onGetGainmapInfo returns false
2026-06-25 18:54:51.226 28408-5462  HWUI                    com.zkc.androidplate                 W  Image decoding logging dropped!
2026-06-25 18:54:51.264 28408-5462  HyperLPR3-Native        com.zkc.androidplate                 D  cost: 0.036679
2026-06-25 18:54:51.284 28408-5275  kc.androidplate         com.zkc.androidplate                 I  This is sticky GC, maxfree is 33554432 minfree is 8388608
2026-06-25 18:54:51.293 28408-5462  SkJpegCodec             com.zkc.androidplate                 I  [mId: 101] skia-debug SkJpegCodec::+SkJpegCodec
2026-06-25 18:54:51.293 28408-5462  SkJpegCodec             com.zkc.androidplate                 I  [mId: 101] skia-debug SkJpegCodec::ReadHeader: width = 2448, height = 2448, color = 10
2026-06-25 18:54:51.293 28408-5462  SkJpegCodec             com.zkc.androidplate                 I  [mId: 101] skia-debug SkJpegCodec::ReadHeader: progressive_mode = 0, streamType: SkMemoryStream
2026-06-25 18:54:51.293 28408-5462  SkJpegCodec             com.zkc.androidplate                 I  [mId: 101] skia-debug SkJpegCodec::onGetPixels: dstRowBytes = 9792, 
                                                                                                    dstInfo: SkImageInfo: {IsRGB = 1, ColorType = 4, AlphaType = 1, Dimensions.width = 2448, Dimensions.height = 2448};
2026-06-25 18:54:51.293 28408-5462  JpegXmCodec             com.zkc.androidplate                 I   skia-debug JpegXmCodec::isSupported returns true
2026-06-25 18:54:51.293 28408-5462  SkJpegCodec             com.zkc.androidplate                 I  [mId: 101] skia-debug SkJpegCodec::onGetPixels XmCodec start
2026-06-25 18:54:51.293 28408-5462  JpegXmCodec             com.zkc.androidplate                 I  [mId: 101] skia-debug JpegXmCodec::decode: prepare ends
2026-06-25 18:54:51.314 28408-5462  JpegXmCodec             com.zkc.androidplate                 I  [mId: 101] skia-debug JpegXmCodec::decode: done
2026-06-25 18:54:51.314 28408-5462  SkJpegCodec             com.zkc.androidplate                 I  [mId: 101] skia-debug SkJpegCodec::onGetPixels XmCodec ends with output size = 23970816
2026-06-25 18:54:51.314 28408-5462  SkJpegCodec             com.zkc.androidplate                 I  [mId: 101] skia-debug onGetGainmapInfo returns false
2026-06-25 18:54:51.314 28408-5462  HWUI                    com.zkc.androidplate                 W  Image decoding logging dropped!
2026-06-25 18:54:51.353 28408-5462  HyperLPR3-Native        com.zkc.androidplate                 D  cost: 0.037092
2026-06-25 18:54:51.376 28408-5462  SkJpegCodec             com.zkc.androidplate                 I  [mId: 102] skia-debug SkJpegCodec::+SkJpegCodec
2026-06-25 18:54:51.376 28408-5462  SkJpegCodec             com.zkc.androidplate                 I  [mId: 102] skia-debug SkJpegCodec::ReadHeader: width = 2448, height = 2448, color = 10
2026-06-25 18:54:51.376 28408-5462  SkJpegCodec             com.zkc.androidplate                 I  [mId: 102] skia-debug SkJpegCodec::ReadHeader: progressive_mode = 0, streamType: SkMemoryStream
2026-06-25 18:54:51.376 28408-5462  SkJpegCodec             com.zkc.androidplate                 I  [mId: 102] skia-debug SkJpegCodec::onGetPixels: dstRowBytes = 9792, 
                                                                                                    dstInfo: SkImageInfo: {IsRGB = 1, ColorType = 4, AlphaType = 1, Dimensions.width = 2448, Dimensions.height = 2448};
2026-06-25 18:54:51.376 28408-5462  JpegXmCodec             com.zkc.androidplate                 I   skia-debug JpegXmCodec::isSupported returns true
2026-06-25 18:54:51.376 28408-5462  SkJpegCodec             com.zkc.androidplate                 I  [mId: 102] skia-debug SkJpegCodec::onGetPixels XmCodec start
2026-06-25 18:54:51.376 28408-5462  JpegXmCodec             com.zkc.androidplate                 I  [mId: 102] skia-debug JpegXmCodec::decode: prepare ends
2026-06-25 18:54:51.400 28408-5462  JpegXmCodec             com.zkc.androidplate                 I  [mId: 102] skia-debug JpegXmCodec::decode: done
2026-06-25 18:54:51.400 28408-5462  SkJpegCodec             com.zkc.androidplate                 I  [mId: 102] skia-debug SkJpegCodec::onGetPixels XmCodec ends with output size = 23970816
2026-06-25 18:54:51.400 28408-5462  SkJpegCodec             com.zkc.androidplate                 I  [mId: 102] skia-debug onGetGainmapInfo returns false
2026-06-25 18:54:51.400 28408-5462  HWUI                    com.zkc.androidplate                 W  Image decoding logging dropped!
2026-06-25 18:54:51.439 28408-5462  HyperLPR3-Native        com.zkc.androidplate                 D  cost: 0.036699
2026-06-25 18:54:51.463 28408-5462  SkJpegCodec             com.zkc.androidplate                 I  [mId: 103] skia-debug SkJpegCodec::+SkJpegCodec
2026-06-25 18:54:51.463 28408-5462  SkJpegCodec             com.zkc.androidplate                 I  [mId: 103] skia-debug SkJpegCodec::ReadHeader: width = 2448, height = 2448, color = 10
2026-06-25 18:54:51.463 28408-5462  SkJpegCodec             com.zkc.androidplate                 I  [mId: 103] skia-debug SkJpegCodec::ReadHeader: progressive_mode = 0, streamType: SkMemoryStream
2026-06-25 18:54:51.463 28408-5462  SkJpegCodec             com.zkc.androidplate                 I  [mId: 103] skia-debug SkJpegCodec::onGetPixels: dstRowBytes = 9792, 
                                                                                                    dstInfo: SkImageInfo: {IsRGB = 1, ColorType = 4, AlphaType = 1, Dimensions.width = 2448, Dimensions.height = 2448};
2026-06-25 18:54:51.463 28408-5462  JpegXmCodec             com.zkc.androidplate                 I   skia-debug JpegXmCodec::isSupported returns true
2026-06-25 18:54:51.463 28408-5462  SkJpegCodec             com.zkc.androidplate                 I  [mId: 103] skia-debug SkJpegCodec::onGetPixels XmCodec start
2026-06-25 18:54:51.463 28408-5462  JpegXmCodec             com.zkc.androidplate                 I  [mId: 103] skia-debug JpegXmCodec::decode: prepare ends
2026-06-25 18:54:51.474 28408-5275  kc.androidplate         com.zkc.androidplate                 I  This is non sticky GC, maxfree is 33554432 minfree is 8388608
2026-06-25 18:54:51.482 28408-5462  JpegXmCodec             com.zkc.androidplate                 I  [mId: 103] skia-debug JpegXmCodec::decode: done
2026-06-25 18:54:51.482 28408-5462  SkJpegCodec             com.zkc.androidplate                 I  [mId: 103] skia-debug SkJpegCodec::onGetPixels XmCodec ends with output size = 23970816
2026-06-25 18:54:51.482 28408-5462  SkJpegCodec             com.zkc.androidplate                 I  [mId: 103] skia-debug onGetGainmapInfo returns false
2026-06-25 18:54:51.482 28408-5462  HWUI                    com.zkc.androidplate                 W  Image decoding logging dropped!
2026-06-25 18:54:51.521 28408-5462  HyperLPR3-Native        com.zkc.androidplate                 D  cost: 0.036967
2026-06-25 18:54:51.545 28408-5462  SkJpegCodec             com.zkc.androidplate                 I  [mId: 104] skia-debug SkJpegCodec::+SkJpegCodec
2026-06-25 18:54:51.545 28408-5462  SkJpegCodec             com.zkc.androidplate                 I  [mId: 104] skia-debug SkJpegCodec::ReadHeader: width = 2448, height = 2448, color = 10
2026-06-25 18:54:51.545 28408-5462  SkJpegCodec             com.zkc.androidplate                 I  [mId: 104] skia-debug SkJpegCodec::ReadHeader: progressive_mode = 0, streamType: SkMemoryStream
2026-06-25 18:54:51.545 28408-5462  SkJpegCodec             com.zkc.androidplate                 I  [mId: 104] skia-debug SkJpegCodec::onGetPixels: dstRowBytes = 9792, 
                                                                                                    dstInfo: SkImageInfo: {IsRGB = 1, ColorType = 4, AlphaType = 1, Dimensions.width = 2448, Dimensions.height = 2448};
2026-06-25 18:54:51.545 28408-5462  JpegXmCodec             com.zkc.androidplate                 I   skia-debug JpegXmCodec::isSupported returns true
2026-06-25 18:54:51.545 28408-5462  SkJpegCodec             com.zkc.androidplate                 I  [mId: 104] skia-debug SkJpegCodec::onGetPixels XmCodec start
2026-06-25 18:54:51.545 28408-5462  JpegXmCodec             com.zkc.androidplate                 I  [mId: 104] skia-debug JpegXmCodec::decode: prepare ends
2026-06-25 18:54:51.570 28408-5462  JpegXmCodec             com.zkc.androidplate                 I  [mId: 104] skia-debug JpegXmCodec::decode: done
2026-06-25 18:54:51.570 28408-5462  SkJpegCodec             com.zkc.androidplate                 I  [mId: 104] skia-debug SkJpegCodec::onGetPixels XmCodec ends with output size = 23970816
2026-06-25 18:54:51.570 28408-5462  SkJpegCodec             com.zkc.androidplate                 I  [mId: 104] skia-debug onGetGainmapInfo returns false
2026-06-25 18:54:51.570 28408-5462  HWUI                    com.zkc.androidplate                 W  Image decoding logging dropped!
2026-06-25 18:54:51.609 28408-5462  HyperLPR3-Native        com.zkc.androidplate                 D  cost: 0.036817
2026-06-25 18:54:51.633 28408-5462  SkJpegCodec             com.zkc.androidplate                 I  [mId: 105] skia-debug SkJpegCodec::+SkJpegCodec
2026-06-25 18:54:51.633 28408-5462  SkJpegCodec             com.zkc.androidplate                 I  [mId: 105] skia-debug SkJpegCodec::ReadHeader: width = 2448, height = 2448, color = 10
2026-06-25 18:54:51.633 28408-5462  SkJpegCodec             com.zkc.androidplate                 I  [mId: 105] skia-debug SkJpegCodec::ReadHeader: progressive_mode = 0, streamType: SkMemoryStream
2026-06-25 18:54:51.633 28408-5462  SkJpegCodec             com.zkc.androidplate                 I  [mId: 105] skia-debug SkJpegCodec::onGetPixels: dstRowBytes = 9792, 
                                                                                                    dstInfo: SkImageInfo: {IsRGB = 1, ColorType = 4, AlphaType = 1, Dimensions.width = 2448, Dimensions.height = 2448};
2026-06-25 18:54:51.633 28408-5462  JpegXmCodec             com.zkc.androidplate                 I   skia-debug JpegXmCodec::isSupported returns true
2026-06-25 18:54:51.633 28408-5462  SkJpegCodec             com.zkc.androidplate                 I  [mId: 105] skia-debug SkJpegCodec::onGetPixels XmCodec start
2026-06-25 18:54:51.633 28408-5462  JpegXmCodec             com.zkc.androidplate                 I  [mId: 105] skia-debug JpegXmCodec::decode: prepare ends
2026-06-25 18:54:51.658 28408-5462  JpegXmCodec             com.zkc.androidplate                 I  [mId: 105] skia-debug JpegXmCodec::decode: done
2026-06-25 18:54:51.658 28408-5462  SkJpegCodec             com.zkc.androidplate                 I  [mId: 105] skia-debug SkJpegCodec::onGetPixels XmCodec ends with output size = 23970816
2026-06-25 18:54:51.658 28408-5462  SkJpegCodec             com.zkc.androidplate                 I  [mId: 105] skia-debug onGetGainmapInfo returns false
2026-06-25 18:54:51.658 28408-5462  HWUI                    com.zkc.androidplate                 W  Image decoding logging dropped!
2026-06-25 18:54:51.697 28408-5462  HyperLPR3-Native        com.zkc.androidplate                 D  cost: 0.036638
2026-06-25 18:54:51.717 28408-5275  kc.androidplate         com.zkc.androidplate                 I  This is sticky GC, maxfree is 33554432 minfree is 8388608
2026-06-25 18:54:51.727 28408-5462  SkJpegCodec             com.zkc.androidplate                 I  [mId: 106] skia-debug SkJpegCodec::+SkJpegCodec
2026-06-25 18:54:51.727 28408-5462  SkJpegCodec             com.zkc.androidplate                 I  [mId: 106] skia-debug SkJpegCodec::ReadHeader: width = 2448, height = 2448, color = 10
2026-06-25 18:54:51.727 28408-5462  SkJpegCodec             com.zkc.androidplate                 I  [mId: 106] skia-debug SkJpegCodec::ReadHeader: progressive_mode = 0, streamType: SkMemoryStream
2026-06-25 18:54:51.727 28408-5462  SkJpegCodec             com.zkc.androidplate                 I  [mId: 106] skia-debug SkJpegCodec::onGetPixels: dstRowBytes = 9792, 
                                                                                                    dstInfo: SkImageInfo: {IsRGB = 1, ColorType = 4, AlphaType = 1, Dimensions.width = 2448, Dimensions.height = 2448};
2026-06-25 18:54:51.727 28408-5462  JpegXmCodec             com.zkc.androidplate                 I   skia-debug JpegXmCodec::isSupported returns true
2026-06-25 18:54:51.727 28408-5462  SkJpegCodec             com.zkc.androidplate                 I  [mId: 106] skia-debug SkJpegCodec::onGetPixels XmCodec start
2026-06-25 18:54:51.727 28408-5462  JpegXmCodec             com.zkc.androidplate                 I  [mId: 106] skia-debug JpegXmCodec::decode: prepare ends
2026-06-25 18:54:51.755 28408-5462  JpegXmCodec             com.zkc.androidplate                 I  [mId: 106] skia-debug JpegXmCodec::decode: done
2026-06-25 18:54:51.755 28408-5462  SkJpegCodec             com.zkc.androidplate                 I  [mId: 106] skia-debug SkJpegCodec::onGetPixels XmCodec ends with output size = 23970816
2026-06-25 18:54:51.755 28408-5462  SkJpegCodec             com.zkc.androidplate                 I  [mId: 106] skia-debug onGetGainmapInfo returns false
2026-06-25 18:54:51.755 28408-5462  HWUI                    com.zkc.androidplate                 W  Image decoding logging dropped!
2026-06-25 18:54:51.794 28408-5462  HyperLPR3-Native        com.zkc.androidplate                 D  cost: 0.037175
2026-06-25 18:54:51.817 28408-5462  SkJpegCodec             com.zkc.androidplate                 I  [mId: 107] skia-debug SkJpegCodec::+SkJpegCodec
2026-06-25 18:54:51.817 28408-5462  SkJpegCodec             com.zkc.androidplate                 I  [mId: 107] skia-debug SkJpegCodec::ReadHeader: width = 2448, height = 2448, color = 10
2026-06-25 18:54:51.817 28408-5462  SkJpegCodec             com.zkc.androidplate                 I  [mId: 107] skia-debug SkJpegCodec::ReadHeader: progressive_mode = 0, streamType: SkMemoryStream
2026-06-25 18:54:51.817 28408-5462  SkJpegCodec             com.zkc.androidplate                 I  [mId: 107] skia-debug SkJpegCodec::onGetPixels: dstRowBytes = 9792, 
                                                                                                    dstInfo: SkImageInfo: {IsRGB = 1, ColorType = 4, AlphaType = 1, Dimensions.width = 2448, Dimensions.height = 2448};
2026-06-25 18:54:51.817 28408-5462  JpegXmCodec             com.zkc.androidplate                 I   skia-debug JpegXmCodec::isSupported returns true
2026-06-25 18:54:51.817 28408-5462  SkJpegCodec             com.zkc.androidplate                 I  [mId: 107] skia-debug SkJpegCodec::onGetPixels XmCodec start
2026-06-25 18:54:51.818 28408-5462  JpegXmCodec             com.zkc.androidplate                 I  [mId: 107] skia-debug JpegXmCodec::decode: prepare ends
2026-06-25 18:54:51.842 28408-5462  JpegXmCodec             com.zkc.androidplate                 I  [mId: 107] skia-debug JpegXmCodec::decode: done
2026-06-25 18:54:51.842 28408-5462  SkJpegCodec             com.zkc.androidplate                 I  [mId: 107] skia-debug SkJpegCodec::onGetPixels XmCodec ends with output size = 23970816
2026-06-25 18:54:51.842 28408-5462  SkJpegCodec             com.zkc.androidplate                 I  [mId: 107] skia-debug onGetGainmapInfo returns false
2026-06-25 18:54:51.842 28408-5462  HWUI                    com.zkc.androidplate                 W  Image decoding logging dropped!
2026-06-25 18:54:51.881 28408-5462  HyperLPR3-Native        com.zkc.androidplate                 D  cost: 0.036683
2026-06-25 18:54:51.905 28408-5462  SkJpegCodec             com.zkc.androidplate                 I  [mId: 108] skia-debug SkJpegCodec::+SkJpegCodec
2026-06-25 18:54:51.905 28408-5462  SkJpegCodec             com.zkc.androidplate                 I  [mId: 108] skia-debug SkJpegCodec::ReadHeader: width = 2448, height = 2448, color = 10
2026-06-25 18:54:51.905 28408-5462  SkJpegCodec             com.zkc.androidplate                 I  [mId: 108] skia-debug SkJpegCodec::ReadHeader: progressive_mode = 0, streamType: SkMemoryStream
2026-06-25 18:54:51.905 28408-5462  SkJpegCodec             com.zkc.androidplate                 I  [mId: 108] skia-debug SkJpegCodec::onGetPixels: dstRowBytes = 9792, 
                                                                                                    dstInfo: SkImageInfo: {IsRGB = 1, ColorType = 4, AlphaType = 1, Dimensions.width = 2448, Dimensions.height = 2448};
2026-06-25 18:54:51.905 28408-5462  JpegXmCodec             com.zkc.androidplate                 I   skia-debug JpegXmCodec::isSupported returns true
2026-06-25 18:54:51.905 28408-5462  SkJpegCodec             com.zkc.androidplate                 I  [mId: 108] skia-debug SkJpegCodec::onGetPixels XmCodec start
2026-06-25 18:54:51.906 28408-5462  JpegXmCodec             com.zkc.androidplate                 I  [mId: 108] skia-debug JpegXmCodec::decode: prepare ends
2026-06-25 18:54:51.917 28408-5275  kc.androidplate         com.zkc.androidplate                 I  This is non sticky GC, maxfree is 33554432 minfree is 8388608
2026-06-25 18:54:51.925 28408-5462  JpegXmCodec             com.zkc.androidplate                 I  [mId: 108] skia-debug JpegXmCodec::decode: done
2026-06-25 18:54:51.925 28408-5462  SkJpegCodec             com.zkc.androidplate                 I  [mId: 108] skia-debug SkJpegCodec::onGetPixels XmCodec ends with output size = 23970816
2026-06-25 18:54:51.925 28408-5462  SkJpegCodec             com.zkc.androidplate                 I  [mId: 108] skia-debug onGetGainmapInfo returns false
2026-06-25 18:54:51.925 28408-5462  HWUI                    com.zkc.androidplate                 W  Image decoding logging dropped!
2026-06-25 18:54:51.964 28408-5462  HyperLPR3-Native        com.zkc.androidplate                 D  cost: 0.037254
2026-06-25 18:54:51.989 28408-5462  SkJpegCodec             com.zkc.androidplate                 I  [mId: 109] skia-debug SkJpegCodec::+SkJpegCodec
2026-06-25 18:54:51.989 28408-5462  SkJpegCodec             com.zkc.androidplate                 I  [mId: 109] skia-debug SkJpegCodec::ReadHeader: width = 2448, height = 2448, color = 10
2026-06-25 18:54:51.989 28408-5462  SkJpegCodec             com.zkc.androidplate                 I  [mId: 109] skia-debug SkJpegCodec::ReadHeader: progressive_mode = 0, streamType: SkMemoryStream
2026-06-25 18:54:51.989 28408-5462  SkJpegCodec             com.zkc.androidplate                 I  [mId: 109] skia-debug SkJpegCodec::onGetPixels: dstRowBytes = 9792, 
                                                                                                    dstInfo: SkImageInfo: {IsRGB = 1, ColorType = 4, AlphaType = 1, Dimensions.width = 2448, Dimensions.height = 2448};
2026-06-25 18:54:51.989 28408-5462  JpegXmCodec             com.zkc.androidplate                 I   skia-debug JpegXmCodec::isSupported returns true
2026-06-25 18:54:51.989 28408-5462  SkJpegCodec             com.zkc.androidplate                 I  [mId: 109] skia-debug SkJpegCodec::onGetPixels XmCodec start
2026-06-25 18:54:51.989 28408-5462  JpegXmCodec             com.zkc.androidplate                 I  [mId: 109] skia-debug JpegXmCodec::decode: prepare ends
2026-06-25 18:54:52.011 28408-5462  JpegXmCodec             com.zkc.androidplate                 I  [mId: 109] skia-debug JpegXmCodec::decode: done
2026-06-25 18:54:52.011 28408-5462  SkJpegCodec             com.zkc.androidplate                 I  [mId: 109] skia-debug SkJpegCodec::onGetPixels XmCodec ends with output size = 23970816
2026-06-25 18:54:52.011 28408-5462  SkJpegCodec             com.zkc.androidplate                 I  [mId: 109] skia-debug onGetGainmapInfo returns false
2026-06-25 18:54:52.011 28408-5462  HWUI                    com.zkc.androidplate                 W  Image decoding logging dropped!
2026-06-25 18:54:52.050 28408-5462  HyperLPR3-Native        com.zkc.androidplate                 D  cost: 0.036246
2026-06-25 18:54:52.073 28408-5462  SkJpegCodec             com.zkc.androidplate                 I  [mId: 110] skia-debug SkJpegCodec::+SkJpegCodec
2026-06-25 18:54:52.073 28408-5462  SkJpegCodec             com.zkc.androidplate                 I  [mId: 110] skia-debug SkJpegCodec::ReadHeader: width = 2448, height = 2448, color = 10
2026-06-25 18:54:52.073 28408-5462  SkJpegCodec             com.zkc.androidplate                 I  [mId: 110] skia-debug SkJpegCodec::ReadHeader: progressive_mode = 0, streamType: SkMemoryStream
2026-06-25 18:54:52.073 28408-5462  SkJpegCodec             com.zkc.androidplate                 I  [mId: 110] skia-debug SkJpegCodec::onGetPixels: dstRowBytes = 9792, 
                                                                                                    dstInfo: SkImageInfo: {IsRGB = 1, ColorType = 4, AlphaType = 1, Dimensions.width = 2448, Dimensions.height = 2448};
2026-06-25 18:54:52.073 28408-5462  JpegXmCodec             com.zkc.androidplate                 I   skia-debug JpegXmCodec::isSupported returns true
2026-06-25 18:54:52.073 28408-5462  SkJpegCodec             com.zkc.androidplate                 I  [mId: 110] skia-debug SkJpegCodec::onGetPixels XmCodec start
2026-06-25 18:54:52.073 28408-5462  JpegXmCodec             com.zkc.androidplate                 I  [mId: 110] skia-debug JpegXmCodec::decode: prepare ends
2026-06-25 18:54:52.097 28408-5462  JpegXmCodec             com.zkc.androidplate                 I  [mId: 110] skia-debug JpegXmCodec::decode: done
2026-06-25 18:54:52.097 28408-5462  SkJpegCodec             com.zkc.androidplate                 I  [mId: 110] skia-debug SkJpegCodec::onGetPixels XmCodec ends with output size = 23970816
2026-06-25 18:54:52.097 28408-5462  SkJpegCodec             com.zkc.androidplate                 I  [mId: 110] skia-debug onGetGainmapInfo returns false
2026-06-25 18:54:52.098 28408-5462  HWUI                    com.zkc.androidplate                 W  Image decoding logging dropped!
2026-06-25 18:54:52.136 28408-5462  HyperLPR3-Native        com.zkc.androidplate                 D  cost: 0.036834
2026-06-25 18:54:52.156 28408-5275  kc.androidplate         com.zkc.androidplate                 I  This is sticky GC, maxfree is 33554432 minfree is 8388608
2026-06-25 18:54:52.166 28408-5462  SkJpegCodec             com.zkc.androidplate                 I  [mId: 111] skia-debug SkJpegCodec::+SkJpegCodec
2026-06-25 18:54:52.166 28408-5462  SkJpegCodec             com.zkc.androidplate                 I  [mId: 111] skia-debug SkJpegCodec::ReadHeader: width = 2448, height = 2448, color = 10
2026-06-25 18:54:52.166 28408-5462  SkJpegCodec             com.zkc.androidplate                 I  [mId: 111] skia-debug SkJpegCodec::ReadHeader: progressive_mode = 0, streamType: SkMemoryStream
2026-06-25 18:54:52.166 28408-5462  SkJpegCodec             com.zkc.androidplate                 I  [mId: 111] skia-debug SkJpegCodec::onGetPixels: dstRowBytes = 9792, 
                                                                                                    dstInfo: SkImageInfo: {IsRGB = 1, ColorType = 4, AlphaType = 1, Dimensions.width = 2448, Dimensions.height = 2448};
2026-06-25 18:54:52.166 28408-5462  JpegXmCodec             com.zkc.androidplate                 I   skia-debug JpegXmCodec::isSupported returns true
2026-06-25 18:54:52.166 28408-5462  SkJpegCodec             com.zkc.androidplate                 I  [mId: 111] skia-debug SkJpegCodec::onGetPixels XmCodec start
2026-06-25 18:54:52.167 28408-5462  JpegXmCodec             com.zkc.androidplate                 I  [mId: 111] skia-debug JpegXmCodec::decode: prepare ends
2026-06-25 18:54:52.188 28408-5462  JpegXmCodec             com.zkc.androidplate                 I  [mId: 111] skia-debug JpegXmCodec::decode: done
2026-06-25 18:54:52.188 28408-5462  SkJpegCodec             com.zkc.androidplate                 I  [mId: 111] skia-debug SkJpegCodec::onGetPixels XmCodec ends with output size = 23970816
2026-06-25 18:54:52.188 28408-5462  SkJpegCodec             com.zkc.androidplate                 I  [mId: 111] skia-debug onGetGainmapInfo returns false
2026-06-25 18:54:52.188 28408-5462  HWUI                    com.zkc.androidplate                 W  Image decoding logging dropped!
2026-06-25 18:54:52.228 28408-5462  HyperLPR3-Native        com.zkc.androidplate                 D  cost: 0.038011
2026-06-25 18:54:52.251 28408-5462  SkJpegCodec             com.zkc.androidplate                 I  [mId: 112] skia-debug SkJpegCodec::+SkJpegCodec
2026-06-25 18:54:52.251 28408-5462  SkJpegCodec             com.zkc.androidplate                 I  [mId: 112] skia-debug SkJpegCodec::ReadHeader: width = 2448, height = 2448, color = 10
2026-06-25 18:54:52.251 28408-5462  SkJpegCodec             com.zkc.androidplate                 I  [mId: 112] skia-debug SkJpegCodec::ReadHeader: progressive_mode = 0, streamType: SkMemoryStream
2026-06-25 18:54:52.251 28408-5462  SkJpegCodec             com.zkc.androidplate                 I  [mId: 112] skia-debug SkJpegCodec::onGetPixels: dstRowBytes = 9792, 
                                                                                                    dstInfo: SkImageInfo: {IsRGB = 1, ColorType = 4, AlphaType = 1, Dimensions.width = 2448, Dimensions.height = 2448};
2026-06-25 18:54:52.251 28408-5462  JpegXmCodec             com.zkc.androidplate                 I   skia-debug JpegXmCodec::isSupported returns true
2026-06-25 18:54:52.251 28408-5462  SkJpegCodec             com.zkc.androidplate                 I  [mId: 112] skia-debug SkJpegCodec::onGetPixels XmCodec start
2026-06-25 18:54:52.251 28408-5462  JpegXmCodec             com.zkc.androidplate                 I  [mId: 112] skia-debug JpegXmCodec::decode: prepare ends
2026-06-25 18:54:52.274 28408-5462  JpegXmCodec             com.zkc.androidplate                 I  [mId: 112] skia-debug JpegXmCodec::decode: done
2026-06-25 18:54:52.274 28408-5462  SkJpegCodec             com.zkc.androidplate                 I  [mId: 112] skia-debug SkJpegCodec::onGetPixels XmCodec ends with output size = 23970816
2026-06-25 18:54:52.274 28408-5462  SkJpegCodec             com.zkc.androidplate                 I  [mId: 112] skia-debug onGetGainmapInfo returns false
2026-06-25 18:54:52.274 28408-5462  HWUI                    com.zkc.androidplate                 W  Image decoding logging dropped!
2026-06-25 18:54:52.313 28408-5462  HyperLPR3-Native        com.zkc.androidplate                 D  cost: 0.036350
2026-06-25 18:54:52.337 28408-5462  SkJpegCodec             com.zkc.androidplate                 I  [mId: 113] skia-debug SkJpegCodec::+SkJpegCodec
2026-06-25 18:54:52.337 28408-5462  SkJpegCodec             com.zkc.androidplate                 I  [mId: 113] skia-debug SkJpegCodec::ReadHeader: width = 2448, height = 2448, color = 10
2026-06-25 18:54:52.337 28408-5462  SkJpegCodec             com.zkc.androidplate                 I  [mId: 113] skia-debug SkJpegCodec::ReadHeader: progressive_mode = 0, streamType: SkMemoryStream
2026-06-25 18:54:52.337 28408-5462  SkJpegCodec             com.zkc.androidplate                 I  [mId: 113] skia-debug SkJpegCodec::onGetPixels: dstRowBytes = 9792, 
                                                                                                    dstInfo: SkImageInfo: {IsRGB = 1, ColorType = 4, AlphaType = 1, Dimensions.width = 2448, Dimensions.height = 2448};
2026-06-25 18:54:52.337 28408-5462  JpegXmCodec             com.zkc.androidplate                 I   skia-debug JpegXmCodec::isSupported returns true
2026-06-25 18:54:52.337 28408-5462  SkJpegCodec             com.zkc.androidplate                 I  [mId: 113] skia-debug SkJpegCodec::onGetPixels XmCodec start
2026-06-25 18:54:52.338 28408-5462  JpegXmCodec             com.zkc.androidplate                 I  [mId: 113] skia-debug JpegXmCodec::decode: prepare ends
2026-06-25 18:54:52.346 28408-5275  kc.androidplate         com.zkc.androidplate                 I  This is non sticky GC, maxfree is 33554432 minfree is 8388608
2026-06-25 18:54:52.356 28408-5462  JpegXmCodec             com.zkc.androidplate                 I  [mId: 113] skia-debug JpegXmCodec::decode: done
2026-06-25 18:54:52.356 28408-5462  SkJpegCodec             com.zkc.androidplate                 I  [mId: 113] skia-debug SkJpegCodec::onGetPixels XmCodec ends with output size = 23970816
2026-06-25 18:54:52.356 28408-5462  SkJpegCodec             com.zkc.androidplate                 I  [mId: 113] skia-debug onGetGainmapInfo returns false
2026-06-25 18:54:52.356 28408-5462  HWUI                    com.zkc.androidplate                 W  Image decoding logging dropped!
2026-06-25 18:54:52.395 28408-5462  HyperLPR3-Native        com.zkc.androidplate                 D  cost: 0.037370
2026-06-25 18:54:52.419 28408-5462  SkJpegCodec             com.zkc.androidplate                 I  [mId: 114] skia-debug SkJpegCodec::+SkJpegCodec
2026-06-25 18:54:52.419 28408-5462  SkJpegCodec             com.zkc.androidplate                 I  [mId: 114] skia-debug SkJpegCodec::ReadHeader: width = 2448, height = 2448, color = 10
2026-06-25 18:54:52.419 28408-5462  SkJpegCodec             com.zkc.androidplate                 I  [mId: 114] skia-debug SkJpegCodec::ReadHeader: progressive_mode = 0, streamType: SkMemoryStream
2026-06-25 18:54:52.419 28408-5462  SkJpegCodec             com.zkc.androidplate                 I  [mId: 114] skia-debug SkJpegCodec::onGetPixels: dstRowBytes = 9792, 
                                                                                                    dstInfo: SkImageInfo: {IsRGB = 1, ColorType = 4, AlphaType = 1, Dimensions.width = 2448, Dimensions.height = 2448};
2026-06-25 18:54:52.419 28408-5462  JpegXmCodec             com.zkc.androidplate                 I   skia-debug JpegXmCodec::isSupported returns true
2026-06-25 18:54:52.419 28408-5462  SkJpegCodec             com.zkc.androidplate                 I  [mId: 114] skia-debug SkJpegCodec::onGetPixels XmCodec start
2026-06-25 18:54:52.419 28408-5462  JpegXmCodec             com.zkc.androidplate                 I  [mId: 114] skia-debug JpegXmCodec::decode: prepare ends
2026-06-25 18:54:52.443 28408-5462  JpegXmCodec             com.zkc.androidplate                 I  [mId: 114] skia-debug JpegXmCodec::decode: done
2026-06-25 18:54:52.443 28408-5462  SkJpegCodec             com.zkc.androidplate                 I  [mId: 114] skia-debug SkJpegCodec::onGetPixels XmCodec ends with output size = 23970816
2026-06-25 18:54:52.443 28408-5462  SkJpegCodec             com.zkc.androidplate                 I  [mId: 114] skia-debug onGetGainmapInfo returns false
2026-06-25 18:54:52.443 28408-5462  HWUI                    com.zkc.androidplate                 W  Image decoding logging dropped!
2026-06-25 18:54:52.481 28408-5462  HyperLPR3-Native        com.zkc.androidplate                 D  cost: 0.036231
2026-06-25 18:54:52.503  4154-7513  MIUIInput               system_server                        I  [MotionEvent] publisher action=0x0, deviceId=8, 347943109, channel 'b26b330 com.zkc.androidplate/com.zkc.androidplate.MainActivity'
2026-06-25 18:54:52.504 28408-5462  SkJpegCodec             com.zkc.androidplate                 I  [mId: 115] skia-debug SkJpegCodec::+SkJpegCodec
2026-06-25 18:54:52.504 28408-5462  SkJpegCodec             com.zkc.androidplate                 I  [mId: 115] skia-debug SkJpegCodec::ReadHeader: width = 2448, height = 2448, color = 10
2026-06-25 18:54:52.504 28408-5462  SkJpegCodec             com.zkc.androidplate                 I  [mId: 115] skia-debug SkJpegCodec::ReadHeader: progressive_mode = 0, streamType: SkMemoryStream
2026-06-25 18:54:52.504 28408-5462  SkJpegCodec             com.zkc.androidplate                 I  [mId: 115] skia-debug SkJpegCodec::onGetPixels: dstRowBytes = 9792, 
                                                                                                    dstInfo: SkImageInfo: {IsRGB = 1, ColorType = 4, AlphaType = 1, Dimensions.width = 2448, Dimensions.height = 2448};
2026-06-25 18:54:52.504 28408-5462  JpegXmCodec             com.zkc.androidplate                 I   skia-debug JpegXmCodec::isSupported returns true
2026-06-25 18:54:52.504 28408-5462  SkJpegCodec             com.zkc.androidplate                 I  [mId: 115] skia-debug SkJpegCodec::onGetPixels XmCodec start
2026-06-25 18:54:52.505 28408-5462  JpegXmCodec             com.zkc.androidplate                 I  [mId: 115] skia-debug JpegXmCodec::decode: prepare ends
2026-06-25 18:54:52.507 28408-28408 MIUIInput               com.zkc.androidplate                 I  [MotionEvent] ViewRootImpl windowName 'com.zkc.androidplate/com.zkc.androidplate.MainActivity', { action=ACTION_DOWN, id[0]=0, pointerCount=1, eventTime=347943109, downTime=347943109, phoneEventTime=1782384892501 } moveCount:0
2026-06-25 18:54:52.510 28408-28408 VRI[MainActivity]       com.zkc.androidplate                 D  getMiuiFreeformStackInfo mTmpFrames.miuiFreeFormStackInfo: null
2026-06-25 18:54:52.529 28408-5462  JpegXmCodec             com.zkc.androidplate                 I  [mId: 115] skia-debug JpegXmCodec::decode: done
2026-06-25 18:54:52.529 28408-5462  SkJpegCodec             com.zkc.androidplate                 I  [mId: 115] skia-debug SkJpegCodec::onGetPixels XmCodec ends with output size = 23970816
2026-06-25 18:54:52.529 28408-5462  SkJpegCodec             com.zkc.androidplate                 I  [mId: 115] skia-debug onGetGainmapInfo returns false
2026-06-25 18:54:52.529 28408-5462  HWUI                    com.zkc.androidplate                 W  Image decoding logging dropped!
2026-06-25 18:54:52.568 28408-5462  HyperLPR3-Native        com.zkc.androidplate                 D  cost: 0.037216
2026-06-25 18:54:52.589 28408-5275  kc.androidplate         com.zkc.androidplate                 I  This is sticky GC, maxfree is 33554432 minfree is 8388608
2026-06-25 18:54:52.598 28408-5462  SkJpegCodec             com.zkc.androidplate                 I  [mId: 116] skia-debug SkJpegCodec::+SkJpegCodec
2026-06-25 18:54:52.598 28408-5462  SkJpegCodec             com.zkc.androidplate                 I  [mId: 116] skia-debug SkJpegCodec::ReadHeader: width = 2448, height = 2448, color = 10
2026-06-25 18:54:52.598 28408-5462  SkJpegCodec             com.zkc.androidplate                 I  [mId: 116] skia-debug SkJpegCodec::ReadHeader: progressive_mode = 0, streamType: SkMemoryStream
2026-06-25 18:54:52.598 28408-5462  SkJpegCodec             com.zkc.androidplate                 I  [mId: 116] skia-debug SkJpegCodec::onGetPixels: dstRowBytes = 9792, 
                                                                                                    dstInfo: SkImageInfo: {IsRGB = 1, ColorType = 4, AlphaType = 1, Dimensions.width = 2448, Dimensions.height = 2448};
2026-06-25 18:54:52.598 28408-5462  JpegXmCodec             com.zkc.androidplate                 I   skia-debug JpegXmCodec::isSupported returns true
2026-06-25 18:54:52.598 28408-5462  SkJpegCodec             com.zkc.androidplate                 I  [mId: 116] skia-debug SkJpegCodec::onGetPixels XmCodec start
2026-06-25 18:54:52.598 28408-5462  JpegXmCodec             com.zkc.androidplate                 I  [mId: 116] skia-debug JpegXmCodec::decode: prepare ends
2026-06-25 18:54:52.619 28408-5462  JpegXmCodec             com.zkc.androidplate                 I  [mId: 116] skia-debug JpegXmCodec::decode: done
2026-06-25 18:54:52.619 28408-5462  SkJpegCodec             com.zkc.androidplate                 I  [mId: 116] skia-debug SkJpegCodec::onGetPixels XmCodec ends with output size = 23970816
2026-06-25 18:54:52.619 28408-5462  SkJpegCodec             com.zkc.androidplate                 I  [mId: 116] skia-debug onGetGainmapInfo returns false
2026-06-25 18:54:52.620 28408-5462  HWUI                    com.zkc.androidplate                 W  Image decoding logging dropped!
2026-06-25 18:54:52.621  4154-7513  MIUIInput               system_server                        I  [MotionEvent] publisher action=0x1, deviceId=8, 347943227, channel 'b26b330 com.zkc.androidplate/com.zkc.androidplate.MainActivity'
2026-06-25 18:54:52.621 28408-28408 MIUIInput               com.zkc.androidplate                 I  [MotionEvent] ViewRootImpl windowName 'com.zkc.androidplate/com.zkc.androidplate.MainActivity', { action=ACTION_UP, id[0]=0, pointerCount=1, eventTime=347943227, downTime=347943109, phoneEventTime=1782384892620 } moveCount:0
2026-06-25 18:54:52.623  4154-4293  DisplayPolicyStubImpl   system_server                        I  boost for touch up, package:com.zkc.androidplate
2026-06-25 18:54:52.650 28408-5462  HyperLPR3-Native        com.zkc.androidplate                 D  cost: 0.027988
2026-06-25 18:54:52.667 28408-5462  SkJpegCodec             com.zkc.androidplate                 I  [mId: 117] skia-debug SkJpegCodec::+SkJpegCodec
2026-06-25 18:54:52.667 28408-5462  SkJpegCodec             com.zkc.androidplate                 I  [mId: 117] skia-debug SkJpegCodec::ReadHeader: width = 2448, height = 2448, color = 10
2026-06-25 18:54:52.667 28408-5462  SkJpegCodec             com.zkc.androidplate                 I  [mId: 117] skia-debug SkJpegCodec::ReadHeader: progressive_mode = 0, streamType: SkMemoryStream
2026-06-25 18:54:52.667 28408-5462  SkJpegCodec             com.zkc.androidplate                 I  [mId: 117] skia-debug SkJpegCodec::onGetPixels: dstRowBytes = 9792, 
                                                                                                    dstInfo: SkImageInfo: {IsRGB = 1, ColorType = 4, AlphaType = 1, Dimensions.width = 2448, Dimensions.height = 2448};
2026-06-25 18:54:52.667 28408-5462  JpegXmCodec             com.zkc.androidplate                 I   skia-debug JpegXmCodec::isSupported returns true
2026-06-25 18:54:52.667 28408-5462  SkJpegCodec             com.zkc.androidplate                 I  [mId: 117] skia-debug SkJpegCodec::onGetPixels XmCodec start
2026-06-25 18:54:52.667 28408-5462  JpegXmCodec             com.zkc.androidplate                 I  [mId: 117] skia-debug JpegXmCodec::decode: prepare ends
2026-06-25 18:54:52.689 28408-5462  JpegXmCodec             com.zkc.androidplate                 I  [mId: 117] skia-debug JpegXmCodec::decode: done
2026-06-25 18:54:52.689 28408-5462  SkJpegCodec             com.zkc.androidplate                 I  [mId: 117] skia-debug SkJpegCodec::onGetPixels XmCodec ends with output size = 23970816
2026-06-25 18:54:52.689 28408-5462  SkJpegCodec             com.zkc.androidplate                 I  [mId: 117] skia-debug onGetGainmapInfo returns false
2026-06-25 18:54:52.689 28408-5462  HWUI                    com.zkc.androidplate                 W  Image decoding logging dropped!
2026-06-25 18:54:52.726 28408-5462  HyperLPR3-Native        com.zkc.androidplate                 D  cost: 0.035132
2026-06-25 18:54:52.744 28408-5462  SkJpegCodec             com.zkc.androidplate                 I  [mId: 118] skia-debug SkJpegCodec::+SkJpegCodec
2026-06-25 18:54:52.744 28408-5462  SkJpegCodec             com.zkc.androidplate                 I  [mId: 118] skia-debug SkJpegCodec::ReadHeader: width = 2448, height = 2448, color = 10
2026-06-25 18:54:52.744 28408-5462  SkJpegCodec             com.zkc.androidplate                 I  [mId: 118] skia-debug SkJpegCodec::ReadHeader: progressive_mode = 0, streamType: SkMemoryStream
2026-06-25 18:54:52.744 28408-5462  SkJpegCodec             com.zkc.androidplate                 I  [mId: 118] skia-debug SkJpegCodec::onGetPixels: dstRowBytes = 9792, 
                                                                                                    dstInfo: SkImageInfo: {IsRGB = 1, ColorType = 4, AlphaType = 1, Dimensions.width = 2448, Dimensions.height = 2448};
2026-06-25 18:54:52.744 28408-5462  JpegXmCodec             com.zkc.androidplate                 I   skia-debug JpegXmCodec::isSupported returns true
2026-06-25 18:54:52.744 28408-5462  SkJpegCodec             com.zkc.androidplate                 I  [mId: 118] skia-debug SkJpegCodec::onGetPixels XmCodec start
2026-06-25 18:54:52.745 28408-5462  JpegXmCodec             com.zkc.androidplate                 I  [mId: 118] skia-debug JpegXmCodec::decode: prepare ends
2026-06-25 18:54:52.755 28408-5275  kc.androidplate         com.zkc.androidplate                 I  This is non sticky GC, maxfree is 33554432 minfree is 8388608
2026-06-25 18:54:52.762 28408-5462  JpegXmCodec             com.zkc.androidplate                 I  [mId: 118] skia-debug JpegXmCodec::decode: done
2026-06-25 18:54:52.762 28408-5462  SkJpegCodec             com.zkc.androidplate                 I  [mId: 118] skia-debug SkJpegCodec::onGetPixels XmCodec ends with output size = 23970816
2026-06-25 18:54:52.762 28408-5462  SkJpegCodec             com.zkc.androidplate                 I  [mId: 118] skia-debug onGetGainmapInfo returns false
2026-06-25 18:54:52.762 28408-5462  HWUI                    com.zkc.androidplate                 W  Image decoding logging dropped!
2026-06-25 18:54:52.792 28408-5462  HyperLPR3-Native        com.zkc.androidplate                 D  cost: 0.028410
2026-06-25 18:54:52.810 28408-5462  SkJpegCodec             com.zkc.androidplate                 I  [mId: 119] skia-debug SkJpegCodec::+SkJpegCodec
2026-06-25 18:54:52.810 28408-5462  SkJpegCodec             com.zkc.androidplate                 I  [mId: 119] skia-debug SkJpegCodec::ReadHeader: width = 2448, height = 2448, color = 10
