2026-06-25 18:54:54.684 28408-5462  SkJpegCodec             com.zkc.androidplate                 I  [mId: 143] skia-debug SkJpegCodec::onGetPixels XmCodec ends with output size = 23970816
2026-06-25 18:54:54.684 28408-5462  SkJpegCodec             com.zkc.androidplate                 I  [mId: 143] skia-debug onGetGainmapInfo returns false
2026-06-25 18:54:54.684 28408-5462  HWUI                    com.zkc.androidplate                 W  Image decoding logging dropped!
2026-06-25 18:54:54.719 28408-5462  HyperLPR3-Native        com.zkc.androidplate                 D  cost: 0.033098
2026-06-25 18:54:54.727  4154-11420 WindowManager           system_server                        E   source = Task{3151881 #11020 type=standard A=10537:com.zkc.androidplate} excludeMiuiNavBar = false excludeMiuiStatusBar = true excludeIme = false excludeNavBar = true miuiNavSurfaceControl = null miuiStatusSurfaceControl = Surface(name=StatusBar Container of Task = 11020#241232)/@0x238ed26
2026-06-25 18:54:54.728  2144-2144  SurfaceFlinger          surfaceflinger                       I  SF-MICapture: mode:0, layerName:Background for c88906 SurfaceView[com.zkc.androidplate/com.zkc.androidplate.MainActivity]#241259
2026-06-25 18:54:54.728  2144-2144  SurfaceFlinger          surfaceflinger                       I  SF-MICapture: mode:0, layerName:c88906 SurfaceView[com.zkc.androidplate/com.zkc.androidplate.MainActivity](BLAST)#241258
2026-06-25 18:54:54.728  2144-2144  SurfaceFlinger          surfaceflinger                       I  SF-MICapture: mode:0, layerName:com.zkc.androidplate/com.zkc.androidplate.MainActivity#241250
2026-06-25 18:54:54.734  4154-11420 WindowManager           system_server                        D  snapshot isNothing = false source = Task{3151881 #11020 type=standard A=10537:com.zkc.androidplate}
2026-06-25 18:54:54.737 28408-5462  SkJpegCodec             com.zkc.androidplate                 I  [mId: 144] skia-debug SkJpegCodec::+SkJpegCodec
2026-06-25 18:54:54.737 28408-5462  SkJpegCodec             com.zkc.androidplate                 I  [mId: 144] skia-debug SkJpegCodec::ReadHeader: width = 2448, height = 2448, color = 10
2026-06-25 18:54:54.737 28408-5462  SkJpegCodec             com.zkc.androidplate                 I  [mId: 144] skia-debug SkJpegCodec::ReadHeader: progressive_mode = 0, streamType: SkMemoryStream
2026-06-25 18:54:54.737 28408-5462  SkJpegCodec             com.zkc.androidplate                 I  [mId: 144] skia-debug SkJpegCodec::onGetPixels: dstRowBytes = 9792, 
                                                                                                    dstInfo: SkImageInfo: {IsRGB = 1, ColorType = 4, AlphaType = 1, Dimensions.width = 2448, Dimensions.height = 2448};
2026-06-25 18:54:54.737 28408-5462  JpegXmCodec             com.zkc.androidplate                 I   skia-debug JpegXmCodec::isSupported returns true
2026-06-25 18:54:54.737 28408-5462  SkJpegCodec             com.zkc.androidplate                 I  [mId: 144] skia-debug SkJpegCodec::onGetPixels XmCodec start
2026-06-25 18:54:54.737 28408-5462  JpegXmCodec             com.zkc.androidplate                 I  [mId: 144] skia-debug JpegXmCodec::decode: prepare ends
2026-06-25 18:54:54.743  4154-9836  CameraActivitySceneMode system_server                        I  decideSceneMode: ActivityStateChange isn't resumend activityName = com.zkc.androidplate.MainActivity, displayId = 0, state = 3, mIsVideocallResumed = false
2026-06-25 18:54:54.743  4154-9836  CameraActivitySceneMode system_server                        I  decideSceneMode: ActivityStateChange isn't resumend activityName = com.zkc.androidplate.MainActivity, displayId = 0, state = 4, mIsVideocallResumed = false
2026-06-25 18:54:54.743  1954-2113  ANDR-PWR-OPT            poweropt-service                     I  GAMEPOWEROPT: sendEvents() 231: Start hint for app com.zkc.androidplate/com.zkc.androidplate.MainActivity/1, hintID : 4100, hintID hex : 1004 value: -1
2026-06-25 18:54:54.744  1954-2113  ANDR-PWR-OPT            poweropt-service                     I  PowerAppClassifier: getAppType() 59: checking app [com.zkc.androidplate] is type 1
2026-06-25 18:54:54.744  1954-2113  ANDR-PWR-OPT            poweropt-service                     I  GAMEPOWEROPT: isGame() 348: com.zkc.androidplate is Game = 1
2026-06-25 18:54:54.744  4154-7422  Transition              system_server                        D  setToBackByHome for Task{3151881 #11020 type=standard A=10537:com.zkc.androidplate}
2026-06-25 18:54:54.744  4154-7422  BarFollowAnimation      system_server                        D  onTaskInfoChanedForCaptionBar Task{3151881 #11020 type=standard A=10537:com.zkc.androidplate} shouldbeVisible:false isVisible:false isOnTop:false windowMode:1 preDisplayId:-1 displayId:0 mCaptionAssociatedTask:null mIsTouchedInCaption:false
2026-06-25 18:54:54.744  4154-7422  TransitionImpl          system_server                        I  finishTransition: updateLastSurfacePosition tf=Task{3151881 #11020 type=standard A=10537:com.zkc.androidplate}
2026-06-25 18:54:54.744 28408-28408 VRI[MainActivity]       com.zkc.androidplate                 D  visibilityChanged oldVisibility=true newVisibility=false
2026-06-25 18:54:54.744  4154-7422  MiuiMirror...MethodImpl system_server                        D  InsetsControlTarget invalid!:Window{b26b330 u0 com.zkc.androidplate/com.zkc.androidplate.MainActivity}
2026-06-25 18:54:54.745  4154-9836  CameraActivitySceneMode system_server                        I  decideSceneMode: ActivityStateChange isn't resumend activityName = com.zkc.androidplate.MainActivity, displayId = 0, state = 5, mIsVideocallResumed = false
2026-06-25 18:54:54.745 28408-5321  ContentCatcher          com.zkc.androidplate                 I  SettingTrigger : unregister status observer com.zkc.androidplate.MainActivity
2026-06-25 18:54:54.747 28408-5321  ContentCatcher          com.zkc.androidplate                 I  SettingTrigger : unregisterUIAgentListener com.zkc.androidplate.MainActivity, uid:10537
2026-06-25 18:54:54.749  4154-11417 DataHub                 system_server                        I  unregisterUIAgentListener packageName: com.zkc.androidplate~10537
2026-06-25 18:54:54.749  4154-11417 RemoteCallbackList      system_server                        I  unregister success, remove callback for com.zkc.androidplate~10537
2026-06-25 18:54:54.749  4154-4296  WindowManager           system_server                        I  wms.hideSurface mWin:Window{b26b330 u0 com.zkc.androidplate/com.zkc.androidplate.MainActivity} reason:(prepareSurfaceLocked) in Surface(name=com.zkc.androidplate/com.zkc.androidplate.MainActivity#241250)/@0x3a1b848
2026-06-25 18:54:54.750 10804-11003 MiuiDecora...Controller com.android.systemui                 D  relayout::taskId=11020, visible=false, bounds=Rect(0, 0 - 1200, 2670), focused=false, oldImmersive=false, newImmersive=false, windowMode=1, activityType=1, displayId=0, baseActivity=ComponentInfo{com.zkc.androidplate/com.zkc.androidplate.MainActivity}, topActivity=ComponentInfo{com.zkc.androidplate/com.zkc.androidplate.MainActivity}, callers=com.android.wm.shell.multitasking.miuimultiwinswitch.miuiwindowdecor.decoration.MiuiDecorationController.relayout:4 com.android.wm.shell.multitasking.miuimultiwinswitch.miuiwindowdecor.MulWinSwitchDecorViewModel.onTaskInfoChanged:18 com.android.wm.shell.multitasking.common.taskmanager.MultiTaskingTaskListener.onTaskInfoChanged:47 com.android.wm.shell.ShellTaskOrganizer.onTaskInfoChanged:136 android.window.TaskOrganizer$1.lambda$onTaskInfoChanged$6:300 
2026-06-25 18:54:54.752 28408-28408 SurfaceViewImpl         com.zkc.androidplate                 D  Surface destroyed.
2026-06-25 18:54:54.752 28408-28408 SurfaceViewImpl         com.zkc.androidplate                 D  Surface closed androidx.camera.core.SurfaceRequest@5dde56
2026-06-25 18:54:54.752 28408-28408 DeferrableSurface       com.zkc.androidplate                 D  surface closed,  useCount=2 closed=true androidx.camera.core.SurfaceRequest$2@e3a0ed7
2026-06-25 18:54:54.752 28408-28408 BufferQueueProducer     com.zkc.androidplate                 D  [c88906 SurfaceView[com.zkc.androidplate/com.zkc.androidplate.MainActivity]#1(BLAST Consumer)1](id:6ef800000003,api:4,p:2689,c:28408) disconnect: api -1 (caller=28408)
2026-06-25 18:54:54.752 28408-28408 BufferQueueConsumer     com.zkc.androidplate                 D  [c88906 SurfaceView[com.zkc.androidplate/com.zkc.androidplate.MainActivity]#1(BLAST Consumer)1](id:6ef800000003,api:4,p:2689,c:28408) disconnect: caller 28408
2026-06-25 18:54:54.753 28408-28408 ViewRootImplStubImpl    com.zkc.androidplate                 D  onSurfaceViewDetached:
                                                                                                    , vri:android.view.ViewRootImpl@7a219a5, com.zkc.androidplate/com.zkc.androidplate.MainActivity
                                                                                                    , vri size:1200x2670
                                                                                                    , surfaceView:android.view.SurfaceView{c88906 V.E...... ........ 0,0-1600,1200}, SurfaceView[com.zkc.androidplate/com.zkc.androidplate.MainActivity]
                                                                                                    , surfaceView size:1600x1200
                                                                                                    , surfaceControl:Surface(name=c88906 SurfaceView[com.zkc.androidplate/com.zkc.androidplate.MainActivity](BLAST)#241258)/@0xa81b2de
2026-06-25 18:54:54.758 28408-5315  BufferQueueProducer     com.zkc.androidplate                 D  [VRI[MainActivity]#0(BLAST Consumer)0](id:6ef800000000,api:1,p:28408,c:28408) disconnect: api 1 (caller=28408)
2026-06-25 18:54:54.759 28408-5462  JpegXmCodec             com.zkc.androidplate                 I  [mId: 144] skia-debug JpegXmCodec::decode: done
2026-06-25 18:54:54.759 28408-5462  SkJpegCodec             com.zkc.androidplate                 I  [mId: 144] skia-debug SkJpegCodec::onGetPixels XmCodec ends with output size = 23970816
2026-06-25 18:54:54.759 28408-5462  SkJpegCodec             com.zkc.androidplate                 I  [mId: 144] skia-debug onGetGainmapInfo returns false
2026-06-25 18:54:54.759 28408-5462  HWUI                    com.zkc.androidplate                 W  Image decoding logging dropped!
2026-06-25 18:54:54.767 28408-5435  BufferQueueProducer     com.zkc.androidplate                 E  [c88906 SurfaceView[com.zkc.androidplate/com.zkc.androidplate.MainActivity]#1(BLAST Consumer)1](id:6ef800000003,api:4,p:2689,c:28408) dequeueBuffer: BufferQueue has been abandoned
2026-06-25 18:54:54.769 28408-5436  BufferQueueProducer     com.zkc.androidplate                 E  [c88906 SurfaceView[com.zkc.androidplate/com.zkc.androidplate.MainActivity]#1(BLAST Consumer)1](id:6ef800000003,api:4,p:2689,c:28408) queueBuffer: BufferQueue has been abandoned
2026-06-25 18:54:54.771 15443-15443 SogouIME                com.sohu.inputmethod.sogou.xiaomi    D  onUnbindInput: editorInfo:com.zkc.androidplate 127711718
2026-06-25 18:54:54.772 28408-5275  kc.androidplate         com.zkc.androidplate                 I  This is non sticky GC, maxfree is 33554432 minfree is 8388608
2026-06-25 18:54:54.772 15443-15443 SogouIME                com.sohu.inputmethod.sogou.xiaomi    D  onBindInput: editorInfo:com.zkc.androidplate 127711718
2026-06-25 18:54:54.774 28408-28408 InsetsSource            com.zkc.androidplate                 W  Has no intersection or mTmpFrame.height(), return Insets.NONE mTmpFrame.height() =0 hasIntersection =false
2026-06-25 18:54:54.774 28408-28408 InsetsSource            com.zkc.androidplate                 W  Has no intersection or mTmpFrame.height(), return Insets.NONE mTmpFrame.height() =0 hasIntersection =false
2026-06-25 18:54:54.774 28408-28408 InsetsSource            com.zkc.androidplate                 W  Has no intersection or mTmpFrame.height(), return Insets.NONE mTmpFrame.height() =0 hasIntersection =false
2026-06-25 18:54:54.774 28408-28408 InsetsSource            com.zkc.androidplate                 W  Has no intersection or mTmpFrame.height(), return Insets.NONE mTmpFrame.height() =0 hasIntersection =false
2026-06-25 18:54:54.776 28408-28408 kc.androidplate         com.zkc.androidplate                 W  Binder 0xb400007cd6a577c0 destroyed after setInheritRt before being parceled.
2026-06-25 18:54:54.776 28408-28408 BufferQueueConsumer     com.zkc.androidplate                 D  [VRI[MainActivity]#0(BLAST Consumer)0](id:6ef800000000,api:0,p:-1,c:28408) disconnect: caller 28408
2026-06-25 18:54:54.777 15443-15443 SogouIME                com.sohu.inputmethod.sogou.xiaomi    D  onFinishInput: attribute:com.zkc.androidplate 127711718
2026-06-25 18:54:54.784 28408-5330  Camera2CameraImpl       com.zkc.androidplate                 D  {Camera@f70a0ed[id=0]} Use cases [androidx.camera.core.Preview-f5639604-c0ab-4fbd-89cd-f1821ce6f9e0131325415, androidx.camera.core.ImageAnalysis-d280e0c0-cf58-41c5-aaff-99d99e872ce6175902100] now DETACHED for camera
2026-06-25 18:54:54.785 28408-5330  UseCaseAttachState      com.zkc.androidplate                 D  All use case: [] for camera: 0
2026-06-25 18:54:54.785 28408-5330  Camera2CameraImpl       com.zkc.androidplate                 D  {Camera@f70a0ed[id=0]} Resetting Capture Session
2026-06-25 18:54:54.787 28408-5330  Camera2CameraImpl       com.zkc.androidplate                 D  {Camera@f70a0ed[id=0]} Releasing session in state OPENED
2026-06-25 18:54:54.787 28408-5330  UseCaseAttachState      com.zkc.androidplate                 D  Active and attached use case: [] for camera: 0
2026-06-25 18:54:54.787 28408-5330  UseCaseAttachState      com.zkc.androidplate                 D  Active and attached use case: [] for camera: 0
2026-06-25 18:54:54.788 28408-5330  Camera2CameraImpl       com.zkc.androidplate                 D  {Camera@f70a0ed[id=0]} Closing camera.
2026-06-25 18:54:54.788 28408-5330  Camera2CameraImpl       com.zkc.androidplate                 D  {Camera@f70a0ed[id=0]} Transitioning camera internal state: OPENED --> CLOSING
2026-06-25 18:54:54.788 28408-5330  CameraStateRegistry     com.zkc.androidplate                 D  Recalculating open cameras:
                                                                                                    Camera                                       State                 
                                                                                                    -------------------------------------------------------------------
                                                                                                    Camera@82e0f[id=1]                           UNKNOWN               
                                                                                                    Camera@f70a0ed[id=0]                         CLOSING               
                                                                                                    -------------------------------------------------------------------
                                                                                                    Open count: 1 (Max allowed: 1)
2026-06-25 18:54:54.788 28408-5330  CameraStateMachine      com.zkc.androidplate                 D  New public camera state CameraState{type=CLOSING, error=null} from CLOSING and null
2026-06-25 18:54:54.788 28408-5330  CameraStateMachine      com.zkc.androidplate                 D  Publishing new public camera state CameraState{type=CLOSING, error=null}
2026-06-25 18:54:54.788 28408-5330  Camera2CameraImpl       com.zkc.androidplate                 D  {Camera@f70a0ed[id=0]} Resetting Capture Session
2026-06-25 18:54:54.788 28408-5330  Camera2CameraImpl       com.zkc.androidplate                 D  {Camera@f70a0ed[id=0]} Releasing session in state CLOSING
2026-06-25 18:54:54.788 28408-5330  CaptureSession          com.zkc.androidplate                 D  onSessionFinished()
2026-06-25 18:54:54.788 28408-5330  CameraExtImplXiaoMi     com.zkc.androidplate                 D  releaseCameraDevice: 0
2026-06-25 18:54:54.789 28408-5330  CameraDevice-JV-0       com.zkc.androidplate                 D  close: E. id = 0
2026-06-25 18:54:54.792  4154-7422  SmartPower...537(28408) system_server                        I  visible->invisible(9589ms) R(become invisible) adj=200.
2026-06-25 18:54:54.792  4154-7422  SmartPower...537(28408) system_server                        I  invisible->background(0ms) R(become background) adj=200.
2026-06-25 18:54:54.796 28408-5435  CameraDevice-JV-0       com.zkc.androidplate                 W  Device error received, code 4, frame number 263, request ID 0, subseq ID 0
2026-06-25 18:54:54.801 28408-28408 DeferrableSurface       com.zkc.androidplate                 D  surface closed,  useCount=0 closed=true androidx.camera.core.processing.SurfaceEdge$SettableSurface@fda8dfb
2026-06-25 18:54:54.802 28408-28408 DeferrableSurface       com.zkc.androidplate                 D  Surface terminated[total_surfaces=2, used_surfaces=2](androidx.camera.core.processing.SurfaceEdge$SettableSurface@fda8dfb}
2026-06-25 18:54:54.802 28408-28408 DeferrableSurface       com.zkc.androidplate                 D  use count-1,  useCount=1 closed=true androidx.camera.core.SurfaceRequest$2@e3a0ed7
2026-06-25 18:54:54.804 28408-28408 InsetsSource            com.zkc.androidplate                 W  Has no intersection or mTmpFrame.height(), return Insets.NONE mTmpFrame.height() =0 hasIntersection =false
2026-06-25 18:54:54.804 28408-28408 InsetsSource            com.zkc.androidplate                 W  Has no intersection or mTmpFrame.height(), return Insets.NONE mTmpFrame.height() =0 hasIntersection =false
2026-06-25 18:54:54.804 28408-28408 InsetsSource            com.zkc.androidplate                 W  Has no intersection or mTmpFrame.height(), return Insets.NONE mTmpFrame.height() =0 hasIntersection =false
2026-06-25 18:54:54.804 28408-28408 InsetsSource            com.zkc.androidplate                 W  Has no intersection or mTmpFrame.height(), return Insets.NONE mTmpFrame.height() =0 hasIntersection =false
2026-06-25 18:54:54.805 28408-28408 StreamStateObserver     com.zkc.androidplate                 D  Update Preview stream state to IDLE
2026-06-25 18:54:54.806  4154-9836  CameraActivitySceneMode system_server                        I  decideSceneMode: ActivityStateChange isn't resumend activityName = com.zkc.androidplate.MainActivity, displayId = 0, state = 6, mIsVideocallResumed = false
2026-06-25 18:54:54.806  4154-4277  SSRU-ResourceUsageProxy system_server                        W  Nonexistent ongoing transaction AW_TOP:199408999 for u:0 pkg:com.zkc.androidplate ended
2026-06-25 18:54:54.807 12812-12812 AppLifecycleObserver    com.xiaomi.xmsf:services             D  onReceive: com.zkc.androidplate BACKGROUND
2026-06-25 18:54:54.807 12812-16993 GameEventTag            com.xiaomi.xmsf:services             I  notify start com.zkc.androidplate event=5
2026-06-25 18:54:54.808 12812-12812 PkgUtils                com.xiaomi.xmsf:services             D  getApplicationInfo packageName:com.zkc.androidplate, flags:128 applicationInfo:ApplicationInfo{f9afbed com.zkc.androidplate} needSecondSpace:false
2026-06-25 18:54:54.809 15107-16964 travelServ...erverUtils com.miui.personalassistant           D  activityStopped ComponentInfo{com.zkc.androidplate/com.zkc.androidplate.MainActivity}
2026-06-25 18:54:54.813 12812-31957 GameEventTag            com.xiaomi.xmsf:services             I  queryGameName pkg= com.zkc.androidplate gameName=Unknown
2026-06-25 18:54:54.813 12812-16993 GameEventTag            com.xiaomi.xmsf:services             I  notify failed, pkg=com.zkc.androidplate event=5 not game
2026-06-25 18:54:54.820 28408-5351  BufferQueueProducer     com.zkc.androidplate                 E  [c88906 SurfaceView[com.zkc.androidplate/com.zkc.androidplate.MainActivity]#1(BLAST Consumer)1](id:6ef800000003,api:4,p:2689,c:28408) cancelBuffer: BufferQueue has been abandoned
2026-06-25 18:54:54.820 28408-5351  BufferQueueProducer     com.zkc.androidplate                 E  [c88906 SurfaceView[com.zkc.androidplate/com.zkc.androidplate.MainActivity]#1(BLAST Consumer)1](id:6ef800000003,api:4,p:2689,c:28408) cancelBuffer: BufferQueue has been abandoned
2026-06-25 18:54:54.823 15268-17870 MIUISafety-Monitor      com.miui.securitycenter.remote       W  sync com.zkc.androidplate,userId:0,op:26,active:false,isNote:false,isTerminal:false,notify:true
2026-06-25 18:54:54.836 28408-5462  HyperLPR3-Native        com.zkc.androidplate                 D  cost: 0.073734
2026-06-25 18:54:54.848 10100-11730 ActivityManagerWrapper  com.miui.home                        E  getRecentTasksForceIncludingTaskIdIfValid: getRecentTasks: size=4
                                                                                                     mainTaskId=11020   userId=0   windowMode=1   isExcludedFromRecents=false   baseIntent=Intent { act=android.intent.action.MAIN flag=270532608 cmp=ComponentInfo{com.zkc.androidplate/com.zkc.androidplate.MainActivity} }
                                                                                                     mainTaskId=11017   userId=0   windowMode=1   isExcludedFromRecents=false   baseIntent=Intent { act=android.intent.action.MAIN flag=270532608 cmp=ComponentInfo{com.aliyun.tongyi/com.ucpro.MainActivity} }
                                                                                                     mainTaskId=11016   userId=0   windowMode=1   isExcludedFromRecents=false   baseIntent=Intent { act=null flag=268435456 cmp=ComponentInfo{com.tencent.mm/com.tencent.mm.plugin.appbrand.ui.AppBrandUI00} }
                                                                                                     mainTaskId=11013   userId=0   windowMode=1   isExcludedFromRecents=false   baseIntent=Intent { act=android.intent.action.MAIN flag=270532608 cmp=ComponentInfo{com.xingin.xhs/com.xingin.xhs.index.v2.IndexActivityV2} }
2026-06-25 18:54:54.849 10100-11730 RecentsTaskLoader       com.miui.home                        D  reloadTasksData [TaskKey{id=11020, stackId=0, baseIntent=Intent { act=android.intent.action.MAIN cat=[android.intent.category.LAUNCHER] flg=0x10200000 cmp=com.zkc.androidplate/.MainActivity }, userId=0, lastActiveTime=678345183, windowingMode=1, isThumbnailBlur=false, isAccessLocked=false, isScreening=false, topActivity=ComponentInfo{com.zkc.androidplate/com.zkc.androidplate.MainActivity}, mHashCode=329220372}, title=androidPlate, titleDescription=androidPlate, bounds=null, isLaunchTarget=true, isStackTask=true, isSystemApp=false, isDockable=true, baseActivity=ComponentInfo{com.zkc.androidplate/com.zkc.androidplate.MainActivity}, isLocked=false, mNeedHide=false, hasMultipleTasks=false, cti1Key=, cti2Key=, cti1Task=, cti2Task=] 
2026-06-25 18:54:54.866 28408-5462  SkJpegCodec             com.zkc.androidplate                 I  [mId: 145] skia-debug SkJpegCodec::+SkJpegCodec
2026-06-25 18:54:54.866 28408-5462  SkJpegCodec             com.zkc.androidplate                 I  [mId: 145] skia-debug SkJpegCodec::ReadHeader: width = 2448, height = 2448, color = 10
2026-06-25 18:54:54.866 28408-5462  SkJpegCodec             com.zkc.androidplate                 I  [mId: 145] skia-debug SkJpegCodec::ReadHeader: progressive_mode = 0, streamType: SkMemoryStream
2026-06-25 18:54:54.866 28408-5462  SkJpegCodec             com.zkc.androidplate                 I  [mId: 145] skia-debug SkJpegCodec::onGetPixels: dstRowBytes = 9792, 
                                                                                                    dstInfo: SkImageInfo: {IsRGB = 1, ColorType = 4, AlphaType = 1, Dimensions.width = 2448, Dimensions.height = 2448};
2026-06-25 18:54:54.866 28408-5462  JpegXmCodec             com.zkc.androidplate                 I   skia-debug JpegXmCodec::isSupported returns true
2026-06-25 18:54:54.866 28408-5462  SkJpegCodec             com.zkc.androidplate                 I  [mId: 145] skia-debug SkJpegCodec::onGetPixels XmCodec start
2026-06-25 18:54:54.866 28408-5275  kc.androidplate         com.zkc.androidplate                 I  This is sticky GC, maxfree is 33554432 minfree is 8388608
2026-06-25 18:54:54.866 28408-5462  JpegXmCodec             com.zkc.androidplate                 I  [mId: 145] skia-debug JpegXmCodec::decode: prepare ends
2026-06-25 18:54:54.883 28408-5462  JpegXmCodec             com.zkc.androidplate                 I  [mId: 145] skia-debug JpegXmCodec::decode: done
2026-06-25 18:54:54.883 28408-5462  SkJpegCodec             com.zkc.androidplate                 I  [mId: 145] skia-debug SkJpegCodec::onGetPixels XmCodec ends with output size = 23970816
2026-06-25 18:54:54.883 28408-5462  SkJpegCodec             com.zkc.androidplate                 I  [mId: 145] skia-debug onGetGainmapInfo returns false
2026-06-25 18:54:54.883 28408-5462  HWUI                    com.zkc.androidplate                 W  Image decoding logging dropped!
2026-06-25 18:54:54.911 28408-5330  BufferQueueProducer     com.zkc.androidplate                 D  [c88906 SurfaceView[com.zkc.androidplate/com.zkc.androidplate.MainActivity]#1(BLAST Consumer)1](id:6ef800000003,api:4,p:2689,c:28408) disconnect: api 4 (caller=2689)
2026-06-25 18:54:54.911 28408-5351  CameraInjector          com.zkc.androidplate                 D  updateCloudCameraControllerInfoAsync: has aleardy start update task.
2026-06-25 18:54:54.911 28408-5351  CameraInjector          com.zkc.androidplate                 D  waitForResult: 
2026-06-25 18:54:54.911 28408-5330  BufferQueueProducer     com.zkc.androidplate                 D  [ImageReader-2448x2448f23m4-28408-0](id:6ef800000001,api:4,p:2689,c:28408) disconnect: api 4 (caller=2689)
2026-06-25 18:54:54.911 28408-5351  libc                    com.zkc.androidplate                 W  Access denied finding property "vendor.camera.aux.packagelist"
2026-06-25 18:54:54.911 28408-5351  libc                    com.zkc.androidplate                 W  Access denied finding property "vendor.camera.aux.packagelistext"
2026-06-25 18:54:54.911 28408-5351  CameraManagerGlobal     com.zkc.androidplate                 W  ignore the torch status update of camera: 2
2026-06-25 18:54:54.913 28408-5351  CameraInjector          com.zkc.androidplate                 D  updateCloudCameraControllerInfoAsync: has aleardy start update task.
2026-06-25 18:54:54.913 28408-5351  CameraInjector          com.zkc.androidplate                 D  waitForResult: 
2026-06-25 18:54:54.914 28408-5351  libc                    com.zkc.androidplate                 W  Access denied finding property "vendor.camera.aux.packagelist"
2026-06-25 18:54:54.914 28408-5351  libc                    com.zkc.androidplate                 W  Access denied finding property "vendor.camera.aux.packagelistext"
2026-06-25 18:54:54.914 28408-5351  CameraManagerGlobal     com.zkc.androidplate                 W  ignore the torch status update of camera: 3
2026-06-25 18:54:54.914 28408-5351  CameraInjector          com.zkc.androidplate                 D  updateCloudCameraControllerInfoAsync: has aleardy start update task.
2026-06-25 18:54:54.914 28408-5351  CameraInjector          com.zkc.androidplate                 D  waitForResult: 
2026-06-25 18:54:54.914 28408-5351  libc                    com.zkc.androidplate                 W  Access denied finding property "vendor.camera.aux.packagelist"
2026-06-25 18:54:54.914 28408-5351  libc                    com.zkc.androidplate                 W  Access denied finding property "vendor.camera.aux.packagelistext"
2026-06-25 18:54:54.914 28408-5351  CameraManagerGlobal     com.zkc.androidplate                 W  ignore the torch status update of camera: 4
2026-06-25 18:54:54.915 28408-5351  CameraInjector          com.zkc.androidplate                 D  updateCloudCameraControllerInfoAsync: has aleardy start update task.
2026-06-25 18:54:54.915 28408-5351  CameraInjector          com.zkc.androidplate                 D  waitForResult: 
2026-06-25 18:54:54.915 28408-5351  libc                    com.zkc.androidplate                 W  Access denied finding property "vendor.camera.aux.packagelist"
2026-06-25 18:54:54.915 28408-5351  libc                    com.zkc.androidplate                 W  Access denied finding property "vendor.camera.aux.packagelistext"
2026-06-25 18:54:54.915 28408-5351  CameraManagerGlobal     com.zkc.androidplate                 W  ignore the torch status update of camera: 5
2026-06-25 18:54:54.916 28408-5436  CameraInjector          com.zkc.androidplate                 D  updateCloudCameraControllerInfoAsync: has aleardy start update task.
2026-06-25 18:54:54.916 28408-5436  CameraInjector          com.zkc.androidplate                 D  waitForResult: 
2026-06-25 18:54:54.916 28408-5436  libc                    com.zkc.androidplate                 W  Access denied finding property "vendor.camera.aux.packagelist"
2026-06-25 18:54:54.916 28408-5436  libc                    com.zkc.androidplate                 W  Access denied finding property "vendor.camera.aux.packagelistext"
2026-06-25 18:54:54.916 28408-5436  CameraManagerGlobal     com.zkc.androidplate                 W  ignore the torch status update of camera: 6
2026-06-25 18:54:54.917  4154-9836  CamOpt_Service          system_server                        I  notifyCameraStatusChanged cameraId: 0, callerPkg: com.zkc.androidplate, callerAr: com.zkc.androidplate.MainActivity, uid: 10537, pid: 28408, status: 4
2026-06-25 18:54:54.917  4154-9836  CamOpt_Booster          system_server                        I  notifyCameraStatusChanged : status: 4, caller: com.zkc.androidplate, modelevel: 0
2026-06-25 18:54:54.918 28408-5330  CameraDevice-JV-0       com.zkc.androidplate                 D  close: X
2026-06-25 18:54:54.918 28408-5330  UseCaseAttachState      com.zkc.androidplate                 D  Active and attached use case: [] for camera: 0
2026-06-25 18:54:54.919 28408-5435  CameraDevice-JV-0       com.zkc.androidplate                 W  Device error received, code 4, frame number 264, request ID 0, subseq ID 0
2026-06-25 18:54:54.919 28408-5435  CameraDevice-JV-0       com.zkc.androidplate                 W  Device error received, code 4, frame number 265, request ID 0, subseq ID 0
2026-06-25 18:54:54.919 28408-5435  CameraDevice-JV-0       com.zkc.androidplate                 W  Device error received, code 4, frame number 266, request ID 0, subseq ID 0
2026-06-25 18:54:54.919 28408-5435  CameraDevice-JV-0       com.zkc.androidplate                 W  Device error received, code 4, frame number 261, request ID 0, subseq ID 0
2026-06-25 18:54:54.919 28408-5435  CameraDevice-JV-0       com.zkc.androidplate                 W  Device error received, code 5, frame number 261, request ID 0, subseq ID 0
2026-06-25 18:54:54.919 28408-5330  DeferrableSurface       com.zkc.androidplate                 D  use count-1,  useCount=0 closed=true androidx.camera.core.SurfaceRequest$2@e3a0ed7
2026-06-25 18:54:54.919 28408-5435  CameraDevice-JV-0       com.zkc.androidplate                 W  Device error received, code 4, frame number 262, request ID 0, subseq ID 0
2026-06-25 18:54:54.919 28408-5435  CameraDevice-JV-0       com.zkc.androidplate                 W  Device error received, code 5, frame number 262, request ID 0, subseq ID 0
2026-06-25 18:54:54.919 28408-5330  DeferrableSurface       com.zkc.androidplate                 D  Surface no longer in use[total_surfaces=2, used_surfaces=1](androidx.camera.core.SurfaceRequest$2@e3a0ed7}
2026-06-25 18:54:54.919 28408-5435  CameraDevice-JV-0       com.zkc.androidplate                 W  Device error received, code 5, frame number 262, request ID 0, subseq ID 0
2026-06-25 18:54:54.919 28408-5330  DeferrableSurface       com.zkc.androidplate                 D  Surface terminated[total_surfaces=1, used_surfaces=1](androidx.camera.core.SurfaceRequest$2@e3a0ed7}
2026-06-25 18:54:54.919 28408-5435  CameraDevice-JV-0       com.zkc.androidplate                 W  Device error received, code 5, frame number 263, request ID 0, subseq ID 0
2026-06-25 18:54:54.919 28408-5435  CameraDevice-JV-0       com.zkc.androidplate                 W  Device error received, code 5, frame number 263, request ID 0, subseq ID 0
2026-06-25 18:54:54.919 28408-5435  CameraDevice-JV-0       com.zkc.androidplate                 W  Device error received, code 5, frame number 264, request ID 0, subseq ID 0
2026-06-25 18:54:54.919 28408-5435  CameraDevice-JV-0       com.zkc.androidplate                 W  Device error received, code 5, frame number 264, request ID 0, subseq ID 0
2026-06-25 18:54:54.919 28408-5435  CameraDevice-JV-0       com.zkc.androidplate                 W  Device error received, code 5, frame number 265, request ID 0, subseq ID 0
2026-06-25 18:54:54.919 28408-5435  CameraDevice-JV-0       com.zkc.androidplate                 W  Device error received, code 5, frame number 265, request ID 0, subseq ID 0
2026-06-25 18:54:54.919 28408-5435  CameraDevice-JV-0       com.zkc.androidplate                 W  Device error received, code 5, frame number 266, request ID 0, subseq ID 0
2026-06-25 18:54:54.919 28408-5435  CameraDevice-JV-0       com.zkc.androidplate                 W  Device error received, code 5, frame number 266, request ID 0, subseq ID 0
2026-06-25 18:54:54.919 28408-28408 SurfaceViewImpl         com.zkc.androidplate                 D  Safe to release surface.
2026-06-25 18:54:54.919 28408-5330  DeferrableSurface       com.zkc.androidplate                 D  use count-1,  useCount=0 closed=false androidx.camera.core.impl.ImmediateSurface@7e39830
2026-06-25 18:54:54.919 28408-5330  DeferrableSurface       com.zkc.androidplate                 D  Surface no longer in use[total_surfaces=1, used_surfaces=0](androidx.camera.core.impl.ImmediateSurface@7e39830}
2026-06-25 18:54:54.919 28408-5330  Camera2CameraImpl       com.zkc.androidplate                 D  {Camera@f70a0ed[id=0]} CameraDevice.onClosed()
2026-06-25 18:54:54.919 28408-5330  Camera2CameraImpl       com.zkc.androidplate                 D  {Camera@f70a0ed[id=0]} Transitioning camera internal state: CLOSING --> INITIALIZED
2026-06-25 18:54:54.920 28408-5330  CameraStateRegistry     com.zkc.androidplate                 D  Recalculating open cameras:
                                                                                                    Camera                                       State                 
                                                                                                    -------------------------------------------------------------------
                                                                                                    Camera@82e0f[id=1]                           UNKNOWN               
                                                                                                    Camera@f70a0ed[id=0]                         CLOSED                
                                                                                                    -------------------------------------------------------------------
                                                                                                    Open count: 0 (Max allowed: 1)
2026-06-25 18:54:54.920 28408-5330  CameraStateMachine      com.zkc.androidplate                 D  New public camera state CameraState{type=CLOSED, error=null} from CLOSED and null
2026-06-25 18:54:54.920 28408-5330  CameraStateMachine      com.zkc.androidplate                 D  Publishing new public camera state CameraState{type=CLOSED, error=null}
2026-06-25 18:54:54.944 28408-5462  HyperLPR3-Native        com.zkc.androidplate                 D  cost: 0.058029
2026-06-25 18:54:55.011  4154-9780  Aurogon                 system_server                        D   onForegroundActivitiesChanged packageName = com.zkc.androidplate
2026-06-25 18:54:55.258 10100-11730 ActivityManagerWrapper  com.miui.home                        E  getRecentTasksForceIncludingTaskIdIfValid: getRecentTasks: size=4
                                                                                                     mainTaskId=11020   userId=0   windowMode=1   isExcludedFromRecents=false   baseIntent=Intent { act=android.intent.action.MAIN flag=270532608 cmp=ComponentInfo{com.zkc.androidplate/com.zkc.androidplate.MainActivity} }
                                                                                                     mainTaskId=11017   userId=0   windowMode=1   isExcludedFromRecents=false   baseIntent=Intent { act=android.intent.action.MAIN flag=270532608 cmp=ComponentInfo{com.aliyun.tongyi/com.ucpro.MainActivity} }
                                                                                                     mainTaskId=11016   userId=0   windowMode=1   isExcludedFromRecents=false   baseIntent=Intent { act=null flag=268435456 cmp=ComponentInfo{com.tencent.mm/com.tencent.mm.plugin.appbrand.ui.AppBrandUI00} }
                                                                                                     mainTaskId=11013   userId=0   windowMode=1   isExcludedFromRecents=false   baseIntent=Intent { act=android.intent.action.MAIN flag=270532608 cmp=ComponentInfo{com.xingin.xhs/com.xingin.xhs.index.v2.IndexActivityV2} }
2026-06-25 18:54:55.260 10100-11730 RecentsTaskLoader       com.miui.home                        D  reloadTasksData [TaskKey{id=11020, stackId=0, baseIntent=Intent { act=android.intent.action.MAIN cat=[android.intent.category.LAUNCHER] flg=0x10200000 cmp=com.zkc.androidplate/.MainActivity }, userId=0, lastActiveTime=678345183, windowingMode=1, isThumbnailBlur=false, isAccessLocked=false, isScreening=false, topActivity=ComponentInfo{com.zkc.androidplate/com.zkc.androidplate.MainActivity}, mHashCode=329220372}, title=androidPlate, titleDescription=androidPlate, bounds=null, isLaunchTarget=true, isStackTask=true, isSystemApp=false, isDockable=true, baseActivity=ComponentInfo{com.zkc.androidplate/com.zkc.androidplate.MainActivity}, isLocked=false, mNeedHide=false, hasMultipleTasks=false, cti1Key=, cti2Key=, cti1Task=, cti2Task=] 
2026-06-25 18:54:55.326 10100-11730 ActivityManagerWrapper  com.miui.home                        E  getRecentTasksForceIncludingTaskIdIfValid: getRecentTasks: size=4
                                                                                                     mainTaskId=11020   userId=0   windowMode=1   isExcludedFromRecents=false   baseIntent=Intent { act=android.intent.action.MAIN flag=270532608 cmp=ComponentInfo{com.zkc.androidplate/com.zkc.androidplate.MainActivity} }
                                                                                                     mainTaskId=11017   userId=0   windowMode=1   isExcludedFromRecents=false   baseIntent=Intent { act=android.intent.action.MAIN flag=270532608 cmp=ComponentInfo{com.aliyun.tongyi/com.ucpro.MainActivity} }
                                                                                                     mainTaskId=11016   userId=0   windowMode=1   isExcludedFromRecents=false   baseIntent=Intent { act=null flag=268435456 cmp=ComponentInfo{com.tencent.mm/com.tencent.mm.plugin.appbrand.ui.AppBrandUI00} }
                                                                                                     mainTaskId=11013   userId=0   windowMode=1   isExcludedFromRecents=false   baseIntent=Intent { act=android.intent.action.MAIN flag=270532608 cmp=ComponentInfo{com.xingin.xhs/com.xingin.xhs.index.v2.IndexActivityV2} }
2026-06-25 18:54:55.326 10804-11003 MiuiDecora...Controller com.android.systemui                 D  relayout::taskId=11020, visible=false, bounds=Rect(0, 0 - 1200, 2670), focused=false, oldImmersive=false, newImmersive=false, windowMode=1, activityType=1, displayId=0, baseActivity=ComponentInfo{com.zkc.androidplate/com.zkc.androidplate.MainActivity}, topActivity=ComponentInfo{com.zkc.androidplate/com.zkc.androidplate.MainActivity}, callers=com.android.wm.shell.multitasking.miuimultiwinswitch.miuiwindowdecor.decoration.MiuiDecorationController.relayout:4 com.android.wm.shell.multitasking.miuimultiwinswitch.miuiwindowdecor.MulWinSwitchDecorViewModel.lambda$relayoutDecorations$12:5 com.android.wm.shell.multitasking.miuimultiwinswitch.miuiwindowdecor.MulWinSwitchDecorViewModel.$r8$lambda$3XUvBAeRtPEOdi-13ite9VIoLt8:1 com.android.wm.shell.multitasking.miuimultiwinswitch.miuiwindowdecor.MulWinSwitchDecorViewModel$$ExternalSyntheticLambda9.accept:10 java.util.concurrent.ConcurrentHashMap.forEach:1608 
2026-06-25 18:54:55.328 10100-11730 RecentsTaskLoader       com.miui.home                        D  reloadTasksData [TaskKey{id=11020, stackId=0, baseIntent=Intent { act=android.intent.action.MAIN cat=[android.intent.category.LAUNCHER] flg=0x10200000 cmp=com.zkc.androidplate/.MainActivity }, userId=0, lastActiveTime=678345183, windowingMode=1, isThumbnailBlur=false, isAccessLocked=false, isScreening=false, topActivity=ComponentInfo{com.zkc.androidplate/com.zkc.androidplate.MainActivity}, mHashCode=329220372}, title=androidPlate, titleDescription=androidPlate, bounds=null, isLaunchTarget=true, isStackTask=true, isSystemApp=false, isDockable=true, baseActivity=ComponentInfo{com.zkc.androidplate/com.zkc.androidplate.MainActivity}, isLocked=false, mNeedHide=false, hasMultipleTasks=false, cti1Key=, cti2Key=, cti1Task=, cti2Task=] 
2026-06-25 18:54:55.346 10804-11003 MiuiDecora...Controller com.android.systemui                 D  relayout::taskId=11020, visible=false, bounds=Rect(0, 0 - 1200, 2670), focused=false, oldImmersive=false, newImmersive=false, windowMode=1, activityType=1, displayId=0, baseActivity=ComponentInfo{com.zkc.androidplate/com.zkc.androidplate.MainActivity}, topActivity=ComponentInfo{com.zkc.androidplate/com.zkc.androidplate.MainActivity}, callers=com.android.wm.shell.multitasking.miuimultiwinswitch.miuiwindowdecor.decoration.MiuiDecorationController.relayout:4 com.android.wm.shell.multitasking.miuimultiwinswitch.miuiwindowdecor.decoration.MiuiDecorationController.updateNeedShowAndRelayout:38 com.android.wm.shell.multitasking.miuimultiwinswitch.miuiwindowdecor.MulWinSwitchDecorViewModel.lambda$disable$4:3 com.android.wm.shell.multitasking.miuimultiwinswitch.miuiwindowdecor.MulWinSwitchDecorViewModel.$r8$lambda$lfZznhn5bTM5EA7GvCf8XHKgFAY:1 com.android.wm.shell.multitasking.miuimultiwinswitch.miuiwindowdecor.MulWinSwitchDecorViewModel$$ExternalSyntheticLambda6.accept:12 
2026-06-25 18:54:56.188 12741-12820 WakeupConsumer          com.xiaomi.xmsf                      I  event=FRONT_APP_EXIT subject=FRONT_APP data=ForegroundAppState(packageName=com.zkc.androidplate, trackId=com.zkc.androidplate, lastEnterAt=1782384886895, lastExitAt=1782384896188, stayTime=-1, attributes=ForegroundAppAttributes(categoryL1=unknown, categoryL2=unknown, categoryL3=unknown))
