2026-06-25 18:54:45.556 10804-11003 MiuiFreefo...Controller com.android.systemui                 D  onFocusTaskChanged taskInfo: TaskInfo{userId=0 taskId=11020 effectiveUid=10537 displayId=0 isRunning=true baseIntent=Intent { act=android.intent.action.MAIN cat=[android.intent.category.LAUNCHER] flg=0x10200000 cmp=com.zkc.androidplate/.MainActivity } baseActivity=ComponentInfo{com.zkc.androidplate/com.zkc.androidplate.MainActivity} topActivity=ComponentInfo{com.zkc.androidplate/com.zkc.androidplate.MainActivity} origActivity=null realActivity=ComponentInfo{com.zkc.androidplate/com.zkc.androidplate.MainActivity} numActivities=1 lastActiveTime=678335640 supportsSplitScreenMultiWindow=true mSoScDisplayMode=-1 supportsMultiWindow=true resizeMode=1 isResizeable=true minWidth=-1 minHeight=-1 defaultMinSize=200 token=WCT{android.window.IWindowContainerToken$Stub$Proxy@8af0544} topActivityType=1 pictureInPictureParams=null shouldDockBigOverlays=false launchIntoPipHostTaskId=-1 lastParentTaskIdBeforePip=-1 displayCutoutSafeInsets=Rect(0, 0 - 0, 0) topActivityInfo=ActivityInfo{cb8262d com.zkc.androidplate.MainActivity} launchCookies=[] positionInParent=Point(0, 0) parentTaskId=-1 isFocused=true isVisible=true isVisibleRequested=true isTopActivityNoDisplay=false isSleeping=false locusId=null displayAreaFeatureId=1 isTopActivityTransparent=false isActivityStackTransparent=false lastNonFullscreenBounds=Rect(310, 779 - 891, 1979) capturedLink=null capturedLinkTimestamp=0 requestedVisibleTypes=-9 topActivityRequestOpenInBrowserEducationTimestamp=0 appCompatTaskInfo=AppCompatTaskInfo { topActivityInSizeCompat=false eligibleForLetterboxEducation= false topActivityInMiuiSizeCompat=false isLetterboxEducationEnabled= false isLetterboxDoubleTapEnabled= false eligibleForUserAspectRatioButton= false topActivityBoundsLetterboxed= false isFromLetterboxDoubleTap= false topActivityLetterboxVerticalPosition= -1 topActivityLetterboxHorizontalPosition= -1 topActivityLetterboxWidth=-1 topActivityLetterboxHeight=-1 topActivityAppBounds=Rect(0, 0 - 1200, 2670) isUserFullscreenOverrideEnabled=false isSystemFullscreenOverrideEnabled=false hasMinAspectRatioOverride=false topActivityLetterboxBounds=null cameraCompatTaskInfo=CameraCompatTaskInfo { freeformCameraCompatMode=inactive}} isImmersive=false mTopActivityRequestOrientation=-1 mStatusBarParent=Surface(name=StatusBar Container of Task = 11020#241232)/@0xf4da3d6 mNavBarParent=null mBehindAppLockPkg=null mOriginatingUid=0 isEmbedded=false shouldBeVisible=true isCreatedByOrganizer=false mIsCastMode=false mTopActivityMediaSize=null mTopActivityRecordName=ActivityRecord{46297995 u0 com.zkc.androidplate/.MainActivity t11020} mTopActivityOrientation=-1 topActivityMainWindowFrame=null}
2026-06-25 18:54:45.556  4154-11589 ActivityTaskManager     system_server                        D   setSkipCaptureLayers tr: Task{3151881 #11020 type=standard A=10537:com.zkc.androidplate}
2026-06-25 18:54:45.599 28408-28408 kc.androidplate         com.zkc.androidplate                 I  hiddenapi: Accessing hidden method Landroid/os/SystemProperties;->addChangeCallback(Ljava/lang/Runnable;)V (runtime_flags=0, domain=platform, api=unsupported) from Landroidx/compose/ui/platform/AndroidComposeView$Companion; (domain=app) using reflection: allowed
2026-06-25 18:54:45.616 28408-5274  kc.androidplate         com.zkc.androidplate                 I  Compiler allocated 6765KB to compile void android.view.ViewRootImpl.performTraversals()
2026-06-25 18:54:45.628 28408-5330  CameraManagerGlobal     com.zkc.androidplate                 I  Connecting to camera service
2026-06-25 18:54:45.632 28408-5330  CameraExtStub           com.zkc.androidplate                 D  init android.hardware.camera2.impl.CameraExtImplXiaoMi
2026-06-25 18:54:45.632 28408-28408 InsetsSource            com.zkc.androidplate                 W  Has no intersection or mTmpFrame.height(), return Insets.NONE mTmpFrame.height() =0 hasIntersection =false
2026-06-25 18:54:45.632 28408-28408 InsetsSource            com.zkc.androidplate                 W  Has no intersection or mTmpFrame.height(), return Insets.NONE mTmpFrame.height() =0 hasIntersection =false
2026-06-25 18:54:45.632 28408-28408 InsetsSource            com.zkc.androidplate                 W  Has no intersection or mTmpFrame.height(), return Insets.NONE mTmpFrame.height() =0 hasIntersection =false
2026-06-25 18:54:45.632 28408-28408 InsetsSource            com.zkc.androidplate                 W  Has no intersection or mTmpFrame.height(), return Insets.NONE mTmpFrame.height() =0 hasIntersection =false
2026-06-25 18:54:45.632 28408-28408 InsetsSource            com.zkc.androidplate                 W  Has no intersection or mTmpFrame.height(), return Insets.NONE mTmpFrame.height() =0 hasIntersection =false
2026-06-25 18:54:45.632 28408-28408 InsetsSource            com.zkc.androidplate                 W  Has no intersection or mTmpFrame.height(), return Insets.NONE mTmpFrame.height() =0 hasIntersection =false
2026-06-25 18:54:45.632 28408-5330  CameraInjector          com.zkc.androidplate                 D  waitForResult: 
2026-06-25 18:54:45.633 28408-5331  CameraInjector          com.zkc.androidplate                 D  updateCloudCameraControllerInfoAsync: E
2026-06-25 18:54:45.635 28408-5331  CameraInjector          com.zkc.androidplate                 D  isMiviInfo4: use MiviInfo V4.0
2026-06-25 18:54:45.635 28408-5331  CameraInjector          com.zkc.androidplate                 D  parseMiviInfo4 cameraExposedRoleIdList: 21#20#60#61#0#63#64
2026-06-25 18:54:45.635 28408-5331  CameraInjector          com.zkc.androidplate                 D  updateCloudCameraControllerInfoAsync: X
2026-06-25 18:54:45.635 28408-5330  libc                    com.zkc.androidplate                 W  Access denied finding property "vendor.camera.aux.packagelist"
2026-06-25 18:54:45.635 28408-5330  libc                    com.zkc.androidplate                 W  Access denied finding property "vendor.camera.aux.packagelistext"
2026-06-25 18:54:45.635 28408-5330  CameraExtImplXiaoMi     com.zkc.androidplate                 W  ignore the status update of camera: 2
2026-06-25 18:54:45.635 28408-5330  CameraInjector          com.zkc.androidplate                 D  updateCloudCameraControllerInfoAsync: has aleardy start update task.
2026-06-25 18:54:45.635 28408-5330  CameraInjector          com.zkc.androidplate                 D  waitForResult: 
2026-06-25 18:54:45.635 28408-5330  libc                    com.zkc.androidplate                 W  Access denied finding property "vendor.camera.aux.packagelist"
2026-06-25 18:54:45.635 28408-5330  libc                    com.zkc.androidplate                 W  Access denied finding property "vendor.camera.aux.packagelistext"
2026-06-25 18:54:45.635 28408-5330  CameraExtImplXiaoMi     com.zkc.androidplate                 W  ignore the status update of camera: 3
2026-06-25 18:54:45.635 28408-5330  CameraInjector          com.zkc.androidplate                 D  updateCloudCameraControllerInfoAsync: has aleardy start update task.
2026-06-25 18:54:45.635 28408-5330  CameraInjector          com.zkc.androidplate                 D  waitForResult: 
2026-06-25 18:54:45.636 28408-5330  libc                    com.zkc.androidplate                 W  Access denied finding property "vendor.camera.aux.packagelist"
2026-06-25 18:54:45.636 28408-5330  libc                    com.zkc.androidplate                 W  Access denied finding property "vendor.camera.aux.packagelistext"
2026-06-25 18:54:45.636 28408-5330  CameraExtImplXiaoMi     com.zkc.androidplate                 W  ignore the status update of camera: 4
2026-06-25 18:54:45.636 28408-5330  CameraInjector          com.zkc.androidplate                 D  updateCloudCameraControllerInfoAsync: has aleardy start update task.
2026-06-25 18:54:45.636 28408-5330  CameraInjector          com.zkc.androidplate                 D  waitForResult: 
2026-06-25 18:54:45.636 28408-5330  libc                    com.zkc.androidplate                 W  Access denied finding property "vendor.camera.aux.packagelist"
2026-06-25 18:54:45.636 28408-5330  libc                    com.zkc.androidplate                 W  Access denied finding property "vendor.camera.aux.packagelistext"
2026-06-25 18:54:45.636 28408-5330  CameraExtImplXiaoMi     com.zkc.androidplate                 W  ignore the status update of camera: 5
2026-06-25 18:54:45.636 28408-5330  CameraInjector          com.zkc.androidplate                 D  updateCloudCameraControllerInfoAsync: has aleardy start update task.
2026-06-25 18:54:45.636 28408-5330  CameraInjector          com.zkc.androidplate                 D  waitForResult: 
2026-06-25 18:54:45.636 28408-5330  libc                    com.zkc.androidplate                 W  Access denied finding property "vendor.camera.aux.packagelist"
2026-06-25 18:54:45.636 28408-5330  libc                    com.zkc.androidplate                 W  Access denied finding property "vendor.camera.aux.packagelistext"
2026-06-25 18:54:45.636 28408-5330  CameraExtImplXiaoMi     com.zkc.androidplate                 W  ignore the status update of camera: 6
2026-06-25 18:54:45.636 28408-5330  CameraInjector          com.zkc.androidplate                 D  updateCloudCameraControllerInfoAsync: has aleardy start update task.
2026-06-25 18:54:45.636 28408-5330  CameraInjector          com.zkc.androidplate                 D  waitForResult: 
2026-06-25 18:54:45.636 28408-5330  libc                    com.zkc.androidplate                 W  Access denied finding property "vendor.camera.aux.packagelist"
2026-06-25 18:54:45.636 28408-5330  libc                    com.zkc.androidplate                 W  Access denied finding property "vendor.camera.aux.packagelistext"
2026-06-25 18:54:45.637 28408-5280  CameraInjector          com.zkc.androidplate                 D  updateCloudCameraControllerInfoAsync: has aleardy start update task.
2026-06-25 18:54:45.637 28408-5280  CameraInjector          com.zkc.androidplate                 D  waitForResult: 
2026-06-25 18:54:45.637 28408-5280  libc                    com.zkc.androidplate                 W  Access denied finding property "vendor.camera.aux.packagelist"
2026-06-25 18:54:45.637 28408-5280  libc                    com.zkc.androidplate                 W  Access denied finding property "vendor.camera.aux.packagelistext"
2026-06-25 18:54:45.637 28408-5280  CameraManagerGlobal     com.zkc.androidplate                 W  ignore the torch status update of camera: 2
2026-06-25 18:54:45.637 28408-5280  CameraInjector          com.zkc.androidplate                 D  updateCloudCameraControllerInfoAsync: has aleardy start update task.
2026-06-25 18:54:45.637 28408-5280  CameraInjector          com.zkc.androidplate                 D  waitForResult: 
2026-06-25 18:54:45.637 28408-5280  libc                    com.zkc.androidplate                 W  Access denied finding property "vendor.camera.aux.packagelist"
2026-06-25 18:54:45.637 28408-5280  libc                    com.zkc.androidplate                 W  Access denied finding property "vendor.camera.aux.packagelistext"
2026-06-25 18:54:45.637 28408-5280  CameraManagerGlobal     com.zkc.androidplate                 W  ignore the torch status update of camera: 3
2026-06-25 18:54:45.637 28408-5280  CameraInjector          com.zkc.androidplate                 D  updateCloudCameraControllerInfoAsync: has aleardy start update task.
2026-06-25 18:54:45.637 28408-5280  CameraInjector          com.zkc.androidplate                 D  waitForResult: 
2026-06-25 18:54:45.637 28408-5280  libc                    com.zkc.androidplate                 W  Access denied finding property "vendor.camera.aux.packagelist"
2026-06-25 18:54:45.637 28408-5280  libc                    com.zkc.androidplate                 W  Access denied finding property "vendor.camera.aux.packagelistext"
2026-06-25 18:54:45.637 28408-5280  CameraManagerGlobal     com.zkc.androidplate                 W  ignore the torch status update of camera: 4
2026-06-25 18:54:45.637 28408-5280  CameraInjector          com.zkc.androidplate                 D  updateCloudCameraControllerInfoAsync: has aleardy start update task.
2026-06-25 18:54:45.637 28408-5280  CameraInjector          com.zkc.androidplate                 D  waitForResult: 
2026-06-25 18:54:45.637 28408-5280  libc                    com.zkc.androidplate                 W  Access denied finding property "vendor.camera.aux.packagelist"
2026-06-25 18:54:45.637 28408-5280  libc                    com.zkc.androidplate                 W  Access denied finding property "vendor.camera.aux.packagelistext"
2026-06-25 18:54:45.637 28408-5280  CameraManagerGlobal     com.zkc.androidplate                 W  ignore the torch status update of camera: 5
2026-06-25 18:54:45.637 28408-5280  CameraInjector          com.zkc.androidplate                 D  updateCloudCameraControllerInfoAsync: has aleardy start update task.
2026-06-25 18:54:45.637 28408-5280  CameraInjector          com.zkc.androidplate                 D  waitForResult: 
2026-06-25 18:54:45.638 28408-5280  libc                    com.zkc.androidplate                 W  Access denied finding property "vendor.camera.aux.packagelist"
2026-06-25 18:54:45.638 28408-5280  libc                    com.zkc.androidplate                 W  Access denied finding property "vendor.camera.aux.packagelistext"
2026-06-25 18:54:45.638 28408-5280  CameraManagerGlobal     com.zkc.androidplate                 W  ignore the torch status update of camera: 6
2026-06-25 18:54:45.648  4154-11589 BarFollowAnimation      system_server                        D  onTaskInfoChanedForCaptionBar Task{3151881 #11020 type=standard A=10537:com.zkc.androidplate} shouldbeVisible:true isVisible:true isOnTop:true windowMode:1 preDisplayId:-1 displayId:0 mCaptionAssociatedTask:null mIsTouchedInCaption:false
2026-06-25 18:54:45.649  4154-7422  BarFollowAnimation      system_server                        D  pairAppearanceRegionAndWin win=Window{3fe1128 u0 Splash Screen com.zkc.androidplate} 8
2026-06-25 18:54:45.650 10804-11003 MiuiDecora...Controller com.android.systemui                 D  relayout::taskId=11020, visible=true, bounds=Rect(0, 0 - 1200, 2670), focused=true, oldImmersive=false, newImmersive=false, windowMode=1, activityType=1, displayId=0, baseActivity=ComponentInfo{com.zkc.androidplate/com.zkc.androidplate.MainActivity}, topActivity=ComponentInfo{com.zkc.androidplate/com.zkc.androidplate.MainActivity}, callers=com.android.wm.shell.multitasking.miuimultiwinswitch.miuiwindowdecor.decoration.MiuiDecorationController.relayout:4 com.android.wm.shell.multitasking.miuimultiwinswitch.miuiwindowdecor.MulWinSwitchDecorViewModel.onTaskInfoChanged:18 com.android.wm.shell.multitasking.common.taskmanager.MultiTaskingTaskListener.onTaskInfoChanged:47 com.android.wm.shell.ShellTaskOrganizer.onTaskInfoChanged:136 android.window.TaskOrganizer$1.lambda$onTaskInfoChanged$6:300 
2026-06-25 18:54:45.650  4154-7422  BarFollowAnimation      system_server                        D  current status bar control target is : Window{b26b330 u0 com.zkc.androidplate/com.zkc.androidplate.MainActivity}
2026-06-25 18:54:45.650  4154-7422  WindowManager           system_server                        D  wms.Input focus has changed to Window{b26b330 u0 com.zkc.androidplate/com.zkc.androidplate.MainActivity} display=0 updateInputWindows = true
2026-06-25 18:54:45.650  4154-7422  WindowManager           system_server                        I  Allow fixed rotation for not collecting:ActivityRecord{46297995 u0 com.zkc.androidplate/.MainActivity t11020}
2026-06-25 18:54:45.651  4154-11417 ActivityTaskManager     system_server                        D   setSkipCaptureLayers tr: Task{3151881 #11020 type=standard A=10537:com.zkc.androidplate}
2026-06-25 18:54:45.651 28408-28408 InsetsSource            com.zkc.androidplate                 W  Has no intersection or mTmpFrame.height(), return Insets.NONE mTmpFrame.height() =0 hasIntersection =false
2026-06-25 18:54:45.651 28408-28408 InsetsSource            com.zkc.androidplate                 W  Has no intersection or mTmpFrame.height(), return Insets.NONE mTmpFrame.height() =0 hasIntersection =false
2026-06-25 18:54:45.651 28408-28408 InsetsSource            com.zkc.androidplate                 W  Has no intersection or mTmpFrame.height(), return Insets.NONE mTmpFrame.height() =0 hasIntersection =false
2026-06-25 18:54:45.651 28408-28408 InsetsSource            com.zkc.androidplate                 W  Has no intersection or mTmpFrame.height(), return Insets.NONE mTmpFrame.height() =0 hasIntersection =false
2026-06-25 18:54:45.654 28408-5330  CameraRepository        com.zkc.androidplate                 D  Added camera: 0
2026-06-25 18:54:45.660 28408-5330  Camera2CameraInfo       com.zkc.androidplate                 I  Device Level: INFO_SUPPORTED_HARDWARE_LEVEL_3
2026-06-25 18:54:45.661 28408-5330  CameraRepository        com.zkc.androidplate                 D  Added camera: 1
2026-06-25 18:54:45.661 28408-5330  Camera2CameraInfo       com.zkc.androidplate                 I  Device Level: INFO_SUPPORTED_HARDWARE_LEVEL_3
2026-06-25 18:54:45.661 28408-5330  CameraValidator         com.zkc.androidplate                 D  Verifying camera lens facing on dada, lensFacingInteger: null
2026-06-25 18:54:45.662 28408-28408 VRI[MainActivity]       com.zkc.androidplate                 D  vri.Setup new sync=wmsSync-VRI[MainActivity]#0
2026-06-25 18:54:45.666 28408-5315  AdrenoUtils             com.zkc.androidplate                 I  <ReadGpuID:366>: Reading chip ID through GSL
2026-06-25 18:54:45.669 28408-5315  SKIA                    com.zkc.androidplate                 I  CreateGraphicsPipeline pipeline cache hit. elpased time: 1.03 ms.
2026-06-25 18:54:45.669 28408-5315  SKIA                    com.zkc.androidplate                 I  CreateGraphicsPipeline pipeline cache hit. elpased time: 0.07 ms.
2026-06-25 18:54:45.669 28408-5315  SKIA                    com.zkc.androidplate                 I  CreateGraphicsPipeline pipeline cache hit. elpased time: 0.07 ms.
2026-06-25 18:54:45.670 28408-28408 VRI[MainActivity]       com.zkc.androidplate                 D  vri.reportDrawFinished 0 0 Rect(0, 0 - 1200, 2670)
2026-06-25 18:54:45.671 28408-28408 NativeTurboSchedManager com.zkc.androidplate                 I  Load libmiui_runtime
2026-06-25 18:54:45.671 28408-28408 Choreographer           com.zkc.androidplate                 I  first vsync insert message into MessageQueue Head
2026-06-25 18:54:45.671  4154-7422  WindowManager           system_server                        D  wms.finishDrawingLocked: mDrawState=COMMIT_DRAW_PENDING Window{b26b330 u0 com.zkc.androidplate/com.zkc.androidplate.MainActivity} in Surface(name=com.zkc.androidplate/com.zkc.androidplate.MainActivity#241250)/@0x3a1b848
2026-06-25 18:54:45.671 28408-5315  HWUI                    com.zkc.androidplate                 D  [HWUI] Flag vulkan_enhance_pipeline_cache enabled
2026-06-25 18:54:45.671  4154-4296  BarFollowAnimation      system_server                        D  pairAppearanceRegionAndWin win=Window{3fe1128 u0 Splash Screen com.zkc.androidplate} 8
2026-06-25 18:54:45.671 28408-5315  HWUI                    com.zkc.androidplate                 D  [HWUI] EnhanceVkPipelineCache is enabled
2026-06-25 18:54:45.671 28408-5315  HWUI                    com.zkc.androidplate                 D  [HWUI] Flag ddre enabled
2026-06-25 18:54:45.672  4154-4296  WindowManager           system_server                        D  wms.commitFinishDrawingLocked: mDrawState=READY_TO_SHOW Window{b26b330 u0 com.zkc.androidplate/com.zkc.androidplate.MainActivity} in Surface(name=com.zkc.androidplate/com.zkc.androidplate.MainActivity#241250)/@0x3a1b848
2026-06-25 18:54:45.672  4154-4296  WindowManager           system_server                        I  onFirstWindowDrawn, try to remove startingWindow. ar: ActivityRecord{46297995 u0 com.zkc.androidplate/.MainActivity t11020}  associatedTask: null  isMainWindow: true  startingWindow: Window{3fe1128 u0 Splash Screen com.zkc.androidplate}  startingData: SplashScreenStartingData{d67afe removeAfterTransaction= 0}
2026-06-25 18:54:45.672 28408-28408 InsetsSource            com.zkc.androidplate                 W  Has no intersection or mTmpFrame.height(), return Insets.NONE mTmpFrame.height() =0 hasIntersection =false
2026-06-25 18:54:45.672 28408-28408 InsetsSource            com.zkc.androidplate                 W  Has no intersection or mTmpFrame.height(), return Insets.NONE mTmpFrame.height() =0 hasIntersection =false
2026-06-25 18:54:45.672 28408-28408 InsetsSource            com.zkc.androidplate                 W  Has no intersection or mTmpFrame.height(), return Insets.NONE mTmpFrame.height() =0 hasIntersection =false
2026-06-25 18:54:45.672 28408-28408 InsetsSource            com.zkc.androidplate                 W  Has no intersection or mTmpFrame.height(), return Insets.NONE mTmpFrame.height() =0 hasIntersection =false
2026-06-25 18:54:45.673  4154-4296  SmartPower              system_server                        I  Miui monitor launch : com.zkc.androidplate/.MainActivity  transitionTime:10  launchTime:479  launchFrom:com.miui.home  launchType:1
2026-06-25 18:54:45.673  4154-4296  AppStartScenario        system_server                        I  notifyScenarioChanged: active=false param=Bundle[{renderThreadId=5315, pid=28408, uid=10537, name=com.zkc.androidplate.MainActivity, type=2, state=2, processName=com.zkc.androidplate, packageName=com.zkc.androidplate}]
2026-06-25 18:54:45.674  4154-4295  IorapForwardingService  system_server                        D  AppLaunchObserver#onActivityLaunchFinished! pid:28408; uid:10537; name:com.zkc.androidplate
2026-06-25 18:54:45.674  4154-4296  BarFollowAnimation      system_server                        D  pairAppearanceRegionAndWin win=Window{3fe1128 u0 Splash Screen com.zkc.androidplate} 8
2026-06-25 18:54:45.675  4154-4265  ActivityTaskManager     system_server                        I  Displayed com.zkc.androidplate/.MainActivity for user 0: +479ms
2026-06-25 18:54:45.676  4154-7422  AppCompatL...rboxPolicy system_server                        W  start not layout letterbox Window{3fe1128 u0 Splash Screen com.zkc.androidplate EXITING}
2026-06-25 18:54:45.676  4154-7422  BarFollowAnimation      system_server                        D  pairAppearanceRegionAndWin win=Window{3fe1128 u0 Splash Screen com.zkc.androidplate EXITING} 8
2026-06-25 18:54:45.677  4154-4296  BarFollowAnimation      system_server                        D  pairAppearanceRegionAndWin win=Window{3fe1128 u0 Splash Screen com.zkc.androidplate EXITING} 8
2026-06-25 18:54:45.678 28408-28408 CameraOrientationUtil   com.zkc.androidplate                 D  getRelativeImageRotation: destRotationDegrees=0, sourceRotationDegrees=90, isOppositeFacing=true, result=90
2026-06-25 18:54:45.678 28408-28408 CameraOrientationUtil   com.zkc.androidplate                 D  getRelativeImageRotation: destRotationDegrees=0, sourceRotationDegrees=90, isOppositeFacing=true, result=90
2026-06-25 18:54:45.678  4154-4296  WindowManager           system_server                        I  wms.showSurfaceRobustly mWin:Window{b26b330 u0 com.zkc.androidplate/com.zkc.androidplate.MainActivity} in Surface(name=com.zkc.androidplate/com.zkc.androidplate.MainActivity#241250)/@0x3a1b848
2026-06-25 18:54:45.681 28408-28408 CameraOrientationUtil   com.zkc.androidplate                 D  getRelativeImageRotation: destRotationDegrees=0, sourceRotationDegrees=90, isOppositeFacing=true, result=90
2026-06-25 18:54:45.682 28408-28408 CameraOrientationUtil   com.zkc.androidplate                 D  getRelativeImageRotation: destRotationDegrees=0, sourceRotationDegrees=90, isOppositeFacing=true, result=90
2026-06-25 18:54:45.683 28408-28408 DynamicRangeResolver    com.zkc.androidplate                 D  Resolved dynamic range for use case androidx.camera.core.Preview-f5639604-c0ab-4fbd-89cd-f1821ce6f9e0 to no compatible HDR dynamic ranges.
                                                                                                    DynamicRange@4959d7e{encoding=UNSPECIFIED, bitDepth=0}
                                                                                                    ->
                                                                                                    DynamicRange@71f7339{encoding=SDR, bitDepth=8}
2026-06-25 18:54:45.686 28408-28408 CameraOrientationUtil   com.zkc.androidplate                 D  getRelativeImageRotation: destRotationDegrees=0, sourceRotationDegrees=90, isOppositeFacing=true, result=90
2026-06-25 18:54:45.687 28408-28408 DeferrableSurface       com.zkc.androidplate                 D  Surface created[total_surfaces=1, used_surfaces=0](androidx.camera.core.processing.SurfaceEdge$SettableSurface@fda8dfb}
2026-06-25 18:54:45.687 28408-28408 DeferrableSurface       com.zkc.androidplate                 D  Surface created[total_surfaces=2, used_surfaces=0](androidx.camera.core.SurfaceRequest$2@e3a0ed7}
2026-06-25 18:54:45.687 28408-28408 DeferrableSurface       com.zkc.androidplate                 D  New surface in use[total_surfaces=2, used_surfaces=1](androidx.camera.core.SurfaceRequest$2@e3a0ed7}
2026-06-25 18:54:45.687 28408-28408 DeferrableSurface       com.zkc.androidplate                 D  use count+1, useCount=1 androidx.camera.core.SurfaceRequest$2@e3a0ed7
2026-06-25 18:54:45.687 28408-28408 CameraOrientationUtil   com.zkc.androidplate                 D  getRelativeImageRotation: destRotationDegrees=0, sourceRotationDegrees=90, isOppositeFacing=true, result=90
2026-06-25 18:54:45.688 28408-28408 CameraOrientationUtil   com.zkc.androidplate                 D  getRelativeImageRotation: destRotationDegrees=0, sourceRotationDegrees=90, isOppositeFacing=true, result=90
2026-06-25 18:54:45.689 28408-28408 CameraOrientationUtil   com.zkc.androidplate                 D  getRelativeImageRotation: destRotationDegrees=0, sourceRotationDegrees=90, isOppositeFacing=true, result=90
2026-06-25 18:54:45.689 28408-28408 DeferrableSurface       com.zkc.androidplate                 D  Surface created[total_surfaces=3, used_surfaces=1](androidx.camera.core.impl.ImmediateSurface@7e39830}
2026-06-25 18:54:45.689 28408-5330  Camera2CameraImpl       com.zkc.androidplate                 D  {Camera@f70a0ed[id=0]} Use case androidx.camera.core.Preview-f5639604-c0ab-4fbd-89cd-f1821ce6f9e0131325415 ACTIVE
2026-06-25 18:54:45.690 28408-28408 PreviewView             com.zkc.androidplate                 D  Surface requested by Preview.
2026-06-25 18:54:45.690 28408-5330  UseCaseAttachState      com.zkc.androidplate                 D  Active and attached use case: [] for camera: 0
2026-06-25 18:54:45.690 28408-5330  Camera2CameraImpl       com.zkc.androidplate                 D  {Camera@f70a0ed[id=0]} Use case androidx.camera.core.ImageAnalysis-d280e0c0-cf58-41c5-aaff-99d99e872ce6175902100 ACTIVE
2026-06-25 18:54:45.690 28408-5330  UseCaseAttachState      com.zkc.androidplate                 D  Active and attached use case: [] for camera: 0
2026-06-25 18:54:45.691 28408-5330  Camera2CameraImpl       com.zkc.androidplate                 D  {Camera@f70a0ed[id=0]} Use cases [androidx.camera.core.Preview-f5639604-c0ab-4fbd-89cd-f1821ce6f9e0131325415, androidx.camera.core.ImageAnalysis-d280e0c0-cf58-41c5-aaff-99d99e872ce6175902100] now ATTACHED
2026-06-25 18:54:45.691 28408-5330  UseCaseAttachState      com.zkc.androidplate                 D  All use case: [androidx.camera.core.Preview-f5639604-c0ab-4fbd-89cd-f1821ce6f9e0131325415, androidx.camera.core.ImageAnalysis-d280e0c0-cf58-41c5-aaff-99d99e872ce6175902100] for camera: 0
2026-06-25 18:54:45.691 28408-5330  UseCaseAttachState      com.zkc.androidplate                 D  Active and attached use case: [androidx.camera.core.Preview-f5639604-c0ab-4fbd-89cd-f1821ce6f9e0131325415, androidx.camera.core.ImageAnalysis-d280e0c0-cf58-41c5-aaff-99d99e872ce6175902100] for camera: 0
2026-06-25 18:54:45.692 28408-28408 MiuiMultiWindowUtils    com.zkc.androidplate                 D  freeform resolution args raw data:{  "wide_default":{    "freeform_args": {        "vertical_portrait":{"aspect_ratio":0.626, "original_ratio":0.5643,"original_scale":0.74,"top_margin":0.168,"left_margin":0.484},        "horizontal_portrait":{"aspect_ratio":0.626, "original_ratio":0.5643,"original_scale":0.74,"top_margin":0.1222,"left_margin":0.59745},        "vertical_landscape":{"aspect_ratio":1.6, "original_ratio":0.6992,"original_scale":0.604,"top_margin":0.2596,"left_margin":0.2624},        "horizontal_landscape":{"aspect_ratio":1.6, "original_ratio":0.6992,"original_scale":0.604,"top_margin":0.213,"left_margin":0.3758}    },    "mini_freeform_args":{        "vertical_portrait":{"original_ratio":0.147},        "horizontal_portrait":{"original_ratio":0.147},        "vertical_landscape":{"original_ratio":0.165},        "horizontal_landscape":{"original_ratio":0.165}    }  },  "narrow_default": {    "freeform_args": {        "vertical_portrait":{"aspect_ratio":0.626, "original_ratio":1,"original_scale":0.74,"top_margin":0.0753,"left_margin":-1},        "horizontal_portrait":{"aspect_ratio":0.626, "original_ratio":1,"original_scale":0.5756,"top_margin":-1,"left_margin":0.0753},        "vertical_landscape":{"aspect_ratio":1.6, "original_ratio":1,"original_scale":0.587,"top_margin":0.0753,"left_margin":-1},        "horizontal_landscape":{"aspect_ratio":1.6, "original_ratio":1,"original_scale":0.587,"top_margin":-1,"left_margin":0.0753}    },    "mini_freeform_args":{        "vertical_portrait":{"original_ratio":0.26},        "horizontal_portrait":{"original_ratio":0.26},        "vertical_landscape":{"original_ratio":0.293},        "horizontal_landscape":{"original_ratio":0.293}    }  },  "regular_default": {    "freeform_args": {      "vertical_portrait":{"aspect_ratio":0.625, "original_ratio":1,"original_scale":0.7,"top_margin":0.109,"left_margin":-1},      "horizontal_portrait":{"aspect_ratio":0.6667, "original_ratio":1,"original_scale":0.6102,"top_margin":-1,"left_margin":0.026},      "vertical_landscape":{"aspect_ratio":1.6, "original_ratio":1,"original_scale":0.5899,"top_margin":0.109,"left_margin":-1},      "horizontal_landscape":{"aspect_ratio":1.6, "original_ratio":1,"original_scale":0.5899,"top_margin":-1,"left_margin":0.026}    },    "mini_freeform_args":{      "vertical_portrait":{"original_ratio":0.25},      "horizontal_portrait":{"original_ratio":0.25},      "vertical_landscape":{"original_ratio":0.25},      "horizontal_landscape":{"original_ratio":0.25}    }  },  "pad_default": {    "freeform_args": {      "vertical_portrait":{"aspect_ratio":0.5625, "original_ratio":0.375,"original_scale":0.835,"top_margin":0.049,"left_margin":0.2775},      "horizontal_portrait":{"aspect_ratio":0.5625, "original_ratio":0.375,"original_scale":0.835,"top_margin":-1,"left_margin":0.6525},      "vertical_landscape":{"aspect_ratio":-1, "original_ratio":1,"original_scale":0.468,"top_margin":0.049,"left_margin":-1},      "horizontal_landscape":{"aspect_ratio":-1, "original_ratio":1,"original_scale":0.468,"top_margin":-1,"left_margin":0.4976}    },    "mini_freeform_args":{      "vertical_portrait":{"original_ratio":0.144},      "horizontal_portrait":{"original_ratio":0.144},      "vertical_landscape":{"original_ratio":0.2},      "horizontal_landscape":{"original_ratio":0.2}    }  }}
2026-06-25 18:54:45.692 28408-5330  Camera2CameraImpl       com.zkc.androidplate                 D  {Camera@f70a0ed[id=0]} Resetting Capture Session
2026-06-25 18:54:45.692 28408-5330  Camera2CameraImpl       com.zkc.androidplate                 D  {Camera@f70a0ed[id=0]} Releasing session in state INITIALIZED
2026-06-25 18:54:45.692 28408-5330  Camera2CameraImpl       com.zkc.androidplate                 D  {Camera@f70a0ed[id=0]} Attempting to force open the camera.
2026-06-25 18:54:45.692 28408-5330  CameraStateRegistry     com.zkc.androidplate                 D  tryOpenCamera(Camera@f70a0ed[id=0]) [Available Cameras: 1, Already Open: false (Previous state: null)] --> SUCCESS
2026-06-25 18:54:45.692 28408-5330  CameraStateRegistry     com.zkc.androidplate                 D  Recalculating open cameras:
                                                                                                    Camera                                       State                 
                                                                                                    -------------------------------------------------------------------
                                                                                                    Camera@82e0f[id=1]                           UNKNOWN               
                                                                                                    Camera@f70a0ed[id=0]                         OPENING               
                                                                                                    -------------------------------------------------------------------
                                                                                                    Open count: 1 (Max allowed: 1)
2026-06-25 18:54:45.692 28408-5330  Camera2CameraImpl       com.zkc.androidplate                 D  {Camera@f70a0ed[id=0]} Opening camera.
2026-06-25 18:54:45.692 28408-5330  Camera2CameraImpl       com.zkc.androidplate                 D  {Camera@f70a0ed[id=0]} Transitioning camera internal state: INITIALIZED --> OPENING
2026-06-25 18:54:45.693 28408-5330  CameraStateMachine      com.zkc.androidplate                 D  New public camera state CameraState{type=OPENING, error=null} from OPENING and null
2026-06-25 18:54:45.693 28408-5330  CameraStateMachine      com.zkc.androidplate                 D  Publishing new public camera state CameraState{type=OPENING, error=null}
2026-06-25 18:54:45.693 28408-28408 MiuiMultiWindowUtils    com.zkc.androidplate                 D  initFreeFormResolutionArgs failed, device is dada
2026-06-25 18:54:45.693 28408-5330  UseCaseAttachState      com.zkc.androidplate                 D  All use case: [androidx.camera.core.Preview-f5639604-c0ab-4fbd-89cd-f1821ce6f9e0131325415, androidx.camera.core.ImageAnalysis-d280e0c0-cf58-41c5-aaff-99d99e872ce6175902100] for camera: 0
2026-06-25 18:54:45.693 28408-5330  EpFrameworkFactory      com.zkc.androidplate                 W  activated: false jar exist: false
2026-06-25 18:54:45.693 28408-5330  EpFrameworkFactory      com.zkc.androidplate                 W  activated: false jar exist: false
2026-06-25 18:54:45.694 28408-28408 HandWritingStubImpl     com.zkc.androidplate                 I  refreshLastKeyboardType: 1
2026-06-25 18:54:45.694 28408-28408 HandWritingStubImpl     com.zkc.androidplate                 I  getCurrentKeyboardType: 1
2026-06-25 18:54:45.694  4154-7566  ImeTracker              system_server                        I  com.zkc.androidplate:542b5e1f: onRequestHide at ORIGIN_SERVER reason HIDE_UNSPECIFIED_WINDOW fromUser false
2026-06-25 18:54:45.695 28408-5330  libc                    com.zkc.androidplate                 W  Access denied finding property "persist.vendor.camera.privapp.list"
2026-06-25 18:54:45.695 28408-5330  CameraExtImplXiaoMi     com.zkc.androidplate                 D  initCameraDevice: 0
2026-06-25 18:54:45.695 28408-28408 PreviewView             com.zkc.androidplate                 D  Preview transformation info updated. TransformationInfo{getCropRect=Rect(0, 0 - 1600, 1200), getRotationDegrees=90, getTargetRotation=-1, hasCameraTransform=true, getSensorToBufferTransform=Matrix{[1.0, 0.0, 0.0][0.0, 1.0, 0.0][0.0, 0.0, 1.0]}, getMirroring=false}
2026-06-25 18:54:45.695 28408-28408 PreviewTransform        com.zkc.androidplate                 D  Transformation info set: TransformationInfo{getCropRect=Rect(0, 0 - 1600, 1200), getRotationDegrees=90, getTargetRotation=-1, hasCameraTransform=true, getSensorToBufferTransform=Matrix{[1.0, 0.0, 0.0][0.0, 1.0, 0.0][0.0, 0.0, 1.0]}, getMirroring=false} 1600x1200 false
2026-06-25 18:54:45.695 28408-28408 CameraOrientationUtil   com.zkc.androidplate                 D  getRelativeImageRotation: destRotationDegrees=0, sourceRotationDegrees=90, isOppositeFacing=true, result=90
2026-06-25 18:54:45.695 28408-28408 InsetsController        com.zkc.androidplate                 D  hide(ime(), fromIme=false)
2026-06-25 18:54:45.695 28408-28408 ImeTracker              com.zkc.androidplate                 I  com.zkc.androidplate:542b5e1f: onCancelled at PHASE_CLIENT_ALREADY_HIDDEN
2026-06-25 18:54:45.696 28408-28408 VRI[MainActivity]       com.zkc.androidplate                 D  getMiuiFreeformStackInfo mTmpFrames.miuiFreeFormStackInfo: null
2026-06-25 18:54:45.696  4154-7422  AppCompatL...rboxPolicy system_server                        W  start not layout letterbox Window{3fe1128 u0 Splash Screen com.zkc.androidplate EXITING}
2026-06-25 18:54:45.696  4154-7422  BarFollowAnimation      system_server                        D  pairAppearanceRegionAndWin win=Window{3fe1128 u0 Splash Screen com.zkc.androidplate EXITING} 8
2026-06-25 18:54:45.697  4154-7422  WindowManager           system_server                        I  Allow fixed rotation for not collecting:ActivityRecord{46297995 u0 com.zkc.androidplate/.MainActivity t11020}
2026-06-25 18:54:45.698 28408-28408 SurfaceViewImpl         com.zkc.androidplate                 D  Wait for new Surface creation.
2026-06-25 18:54:45.698 28408-5330  CameraManager           com.zkc.androidplate                 I  Open camera top activityName is com.zkc.androidplate.MainActivity
2026-06-25 18:54:45.698  2689-7484  CameraImpl              cameraserver                         D  splitClientPackageActivityName: app packageName is com.zkc.androidplate,activityName is com.zkc.androidplate.MainActivity, fullName is com.zkc.androidplate&com.zkc.androidplate.MainActivity
2026-06-25 18:54:45.698  2689-7484  MiCameraSceneIdentify   cameraserver                         I  setClientActivityName: The activity is com.zkc.androidplate.MainActivity 
2026-06-25 18:54:45.698  2689-7484  CameraService           cameraserver                         I  CameraService::connect call (PID 28408 "com.zkc.androidplate", camera ID 0) and Camera API version 2
2026-06-25 18:54:45.698  4154-9836  CamOpt_Service          system_server                        I  notifyCameraStatusChanged cameraId: 0, callerPkg: com.zkc.androidplate, callerAr: com.zkc.androidplate.MainActivity, uid: 10537, pid: 28408, status: 1
2026-06-25 18:54:45.698  4154-9836  CamOpt_Booster          system_server                        I  notifyCameraStatusChanged : status: 1, caller: com.zkc.androidplate, modelevel: 0
2026-06-25 18:54:45.698  2689-7484  Camera2ClientBase       cameraserver                         I  Camera 0: Opened. Client: com.zkc.androidplate (PID 28408, UID 10537)
2026-06-25 18:54:45.698  2689-7484  MiCameraCustomize       cameraserver                         I  parseFunctionMask: activity: com.zkc.androidplate.MainActivity，package: com.zkc.androidplate, cameraid: 0
2026-06-25 18:54:45.698  2689-7484  MiCameraCustomize       cameraserver                         I  trdCloudControl: activity: com.zkc.androidplate.MainActivity,package: com.zkc.androidplate
2026-06-25 18:54:45.699  2689-7484  CameraService           cameraserver                         D  notifyCameraOpening: Start camera ops, package name = com.zkc.androidplate, client UID = 10537
2026-06-25 18:54:45.699 28408-28408 HandWritingStubImpl     com.zkc.androidplate                 I  getCurrentKeyboardType: 1
2026-06-25 18:54:45.699  4154-11039 MiuiSplitI...MethodImpl system_server                        D  Make sure ime layering to: Window{b26b330 u0 com.zkc.androidplate/com.zkc.androidplate.MainActivity} when transition animation start
2026-06-25 18:54:45.700 15443-15443 SogouIME                com.sohu.inputmethod.sogou.xiaomi    D  onStartInput: attribute:com.zkc.androidplate 127711718 restarting:false
2026-06-25 18:54:45.700  4154-11039 MiuiMirror...MethodImpl system_server                        D  InsetsControlTarget invalid!:Window{b26b330 u0 com.zkc.androidplate/com.zkc.androidplate.MainActivity}
2026-06-25 18:54:45.700  4154-4296  BarFollowAnimation      system_server                        D  pairAppearanceRegionAndWin win=Window{3fe1128 u0 Splash Screen com.zkc.androidplate EXITING} 8
2026-06-25 18:54:45.705 28408-28408 SurfaceView             com.zkc.androidplate                 D  UPDATE null, mIsCastMode = false
2026-06-25 18:54:45.705 28408-28408 ViewRootImplStubImpl    com.zkc.androidplate                 D  onSurfaceViewAttached:
                                                                                                    , vri:android.view.ViewRootImpl@7a219a5, com.zkc.androidplate/com.zkc.androidplate.MainActivity
                                                                                                    , vri size:1200x2670
                                                                                                    , surfaceView:android.view.SurfaceView{c88906 V.E...... ......I. 0,0-1600,1200}, SurfaceView[com.zkc.androidplate/com.zkc.androidplate.MainActivity]
                                                                                                    , surfaceView size:1600x1200
                                                                                                    , surfaceControl:Surface(name=c88906 SurfaceView[com.zkc.androidplate/com.zkc.androidplate.MainActivity](BLAST)#241258)/@0xa81b2de
2026-06-25 18:54:45.706 28408-28408 SurfaceViewImpl         com.zkc.androidplate                 D  Surface created.
2026-06-25 18:54:45.706 28408-28408 SurfaceViewImpl         com.zkc.androidplate                 D  Surface changed. Size: 1600x1200
2026-06-25 18:54:45.706 28408-28408 SurfaceViewImpl         com.zkc.androidplate                 D  Surface set on Preview.
2026-06-25 18:54:45.707 28408-28408 SurfaceView             com.zkc.androidplate                 D  UPDATE Surface(name=c88906 SurfaceView[com.zkc.androidplate/com.zkc.androidplate.MainActivity]#241257)/@0x5f21eea, mIsProjectionMode = false
2026-06-25 18:54:45.710 28408-5315  SKIA                    com.zkc.androidplate                 I  CreateGraphicsPipeline pipeline cache hit. elpased time: 0.53 ms.
2026-06-25 18:54:45.710 28408-5280  CameraInjector          com.zkc.androidplate                 D  updateCloudCameraControllerInfoAsync: has aleardy start update task.
2026-06-25 18:54:45.710 28408-5280  CameraInjector          com.zkc.androidplate                 D  waitForResult: 
2026-06-25 18:54:45.710 28408-5280  libc                    com.zkc.androidplate                 W  Access denied finding property "vendor.camera.aux.packagelist"
2026-06-25 18:54:45.710 28408-5280  libc                    com.zkc.androidplate                 W  Access denied finding property "vendor.camera.aux.packagelistext"
2026-06-25 18:54:45.710 28408-5280  CameraManagerGlobal     com.zkc.androidplate                 W  ignore the torch status update of camera: 2
2026-06-25 18:54:45.710 28408-5315  SKIA                    com.zkc.androidplate                 I  CreateGraphicsPipeline pipeline cache hit. elpased time: 0.24 ms.
2026-06-25 18:54:45.710 28408-5280  CameraInjector          com.zkc.androidplate                 D  updateCloudCameraControllerInfoAsync: has aleardy start update task.
2026-06-25 18:54:45.710 28408-5280  CameraInjector          com.zkc.androidplate                 D  waitForResult: 
2026-06-25 18:54:45.710 28408-5280  libc                    com.zkc.androidplate                 W  Access denied finding property "vendor.camera.aux.packagelist"
2026-06-25 18:54:45.710 28408-5280  libc                    com.zkc.androidplate                 W  Access denied finding property "vendor.camera.aux.packagelistext"
2026-06-25 18:54:45.710 28408-5280  CameraManagerGlobal     com.zkc.androidplate                 W  ignore the torch status update of camera: 3
2026-06-25 18:54:45.710 28408-5280  CameraInjector          com.zkc.androidplate                 D  updateCloudCameraControllerInfoAsync: has aleardy start update task.
2026-06-25 18:54:45.710 28408-5280  CameraInjector          com.zkc.androidplate                 D  waitForResult: 
2026-06-25 18:54:45.710 28408-5280  libc                    com.zkc.androidplate                 W  Access denied finding property "vendor.camera.aux.packagelist"
2026-06-25 18:54:45.710 28408-5280  libc                    com.zkc.androidplate                 W  Access denied finding property "vendor.camera.aux.packagelistext"
2026-06-25 18:54:45.710 28408-5280  CameraManagerGlobal     com.zkc.androidplate                 W  ignore the torch status update of camera: 4
2026-06-25 18:54:45.711 28408-5280  CameraInjector          com.zkc.androidplate                 D  updateCloudCameraControllerInfoAsync: has aleardy start update task.
2026-06-25 18:54:45.711 28408-5280  CameraInjector          com.zkc.androidplate                 D  waitForResult: 
2026-06-25 18:54:45.711 28408-5280  libc                    com.zkc.androidplate                 W  Access denied finding property "vendor.camera.aux.packagelist"
2026-06-25 18:54:45.711 28408-5280  libc                    com.zkc.androidplate                 W  Access denied finding property "vendor.camera.aux.packagelistext"
2026-06-25 18:54:45.711 28408-5280  CameraManagerGlobal     com.zkc.androidplate                 W  ignore the torch status update of camera: 5
2026-06-25 18:54:45.711 28408-5280  CameraInjector          com.zkc.androidplate                 D  updateCloudCameraControllerInfoAsync: has aleardy start update task.
2026-06-25 18:54:45.711 28408-5280  CameraInjector          com.zkc.androidplate                 D  waitForResult: 
2026-06-25 18:54:45.711 28408-5280  libc                    com.zkc.androidplate                 W  Access denied finding property "vendor.camera.aux.packagelist"
2026-06-25 18:54:45.711 28408-5280  libc                    com.zkc.androidplate                 W  Access denied finding property "vendor.camera.aux.packagelistext"
2026-06-25 18:54:45.711 28408-5280  CameraManagerGlobal     com.zkc.androidplate                 W  ignore the torch status update of camera: 6
2026-06-25 18:54:45.713 28408-28408 InsetsSource            com.zkc.androidplate                 W  Has no intersection or mTmpFrame.height(), return Insets.NONE mTmpFrame.height() =0 hasIntersection =false
2026-06-25 18:54:45.713 28408-28408 InsetsSource            com.zkc.androidplate                 W  Has no intersection or mTmpFrame.height(), return Insets.NONE mTmpFrame.height() =0 hasIntersection =false
2026-06-25 18:54:45.713 28408-28408 InsetsSource            com.zkc.androidplate                 W  Has no intersection or mTmpFrame.height(), return Insets.NONE mTmpFrame.height() =0 hasIntersection =false
2026-06-25 18:54:45.713 28408-28408 InsetsSource            com.zkc.androidplate                 W  Has no intersection or mTmpFrame.height(), return Insets.NONE mTmpFrame.height() =0 hasIntersection =false
2026-06-25 18:54:45.715  4154-4388  MiuiEmbeddingWindow     system_server                        D  notifyCameraStateChanged packageName:com.zkc.androidplate cameraState:1
2026-06-25 18:54:45.716  4154-4388  MiuiEmbeddingWindow     system_server                        D  close:3rdApp camera pipeline :com.zkc.androidplate, force=true
2026-06-25 18:54:45.716  4154-9836  CamOpt_Service          system_server                        I  notifyCameraStatusChanged cameraId: 0, callerPkg: com.zkc.androidplate, callerAr: com.zkc.androidplate.MainActivity, uid: 10537, pid: 28408, status: 3
2026-06-25 18:54:45.716  4154-9836  CamOpt_Booster          system_server                        I  notifyCameraStatusChanged : status: 3, caller: com.zkc.androidplate, modelevel: 0
2026-06-25 18:54:45.718 28408-5330  Camera2CameraImpl       com.zkc.androidplate                 D  {Camera@f70a0ed[id=0]} Use case androidx.camera.core.Preview-f5639604-c0ab-4fbd-89cd-f1821ce6f9e0131325415 ACTIVE
2026-06-25 18:54:45.718 28408-5330  UseCaseAttachState      com.zkc.androidplate                 D  Active and attached use case: [androidx.camera.core.Preview-f5639604-c0ab-4fbd-89cd-f1821ce6f9e0131325415, androidx.camera.core.ImageAnalysis-d280e0c0-cf58-41c5-aaff-99d99e872ce6175902100] for camera: 0
2026-06-25 18:54:45.719 28408-5330  Camera2CameraImpl       com.zkc.androidplate                 D  {Camera@f70a0ed[id=0]} Use case androidx.camera.core.ImageAnalysis-d280e0c0-cf58-41c5-aaff-99d99e872ce6175902100 ACTIVE
2026-06-25 18:54:45.719 28408-5330  UseCaseAttachState      com.zkc.androidplate                 D  Active and attached use case: [androidx.camera.core.Preview-f5639604-c0ab-4fbd-89cd-f1821ce6f9e0131325415, androidx.camera.core.ImageAnalysis-d280e0c0-cf58-41c5-aaff-99d99e872ce6175902100] for camera: 0
2026-06-25 18:54:45.719 28408-5330  Camera2CameraImpl       com.zkc.androidplate                 D  {Camera@f70a0ed[id=0]} CameraDevice.onOpened()
2026-06-25 18:54:45.719 28408-5330  Camera2CameraImpl       com.zkc.androidplate                 D  {Camera@f70a0ed[id=0]} Transitioning camera internal state: OPENING --> OPENED
2026-06-25 18:54:45.719 28408-5330  CameraStateRegistry     com.zkc.androidplate                 D  Recalculating open cameras:
                                                                                                    Camera                                       State                 
                                                                                                    -------------------------------------------------------------------
