2026-06-25 18:54:53.784 10100-11730 RecentsModel            com.miui.home                        W  getRunningTask   taskInfo=TaskInfo{userId=0 taskId=11020 effectiveUid=10537 displayId=0 isRunning=true baseIntent=Intent { act=android.intent.action.MAIN cat=[android.intent.category.LAUNCHER] flg=0x10200000 cmp=com.zkc.androidplate/.MainActivity } baseActivity=ComponentInfo{com.zkc.androidplate/com.zkc.androidplate.MainActivity} topActivity=ComponentInfo{com.zkc.androidplate/com.zkc.androidplate.MainActivity} origActivity=null realActivity=ComponentInfo{com.zkc.androidplate/com.zkc.androidplate.MainActivity} numActivities=1 lastActiveTime=678344228 supportsSplitScreenMultiWindow=true mSoScDisplayMode=-1 supportsMultiWindow=true resizeMode=1 isResizeable=true minWidth=-1 minHeight=-1 defaultMinSize=200 token=WCT{android.window.IWindowContainerToken$Stub$Proxy@c8dd4cc} topActivityType=1 pictureInPictureParams=null shouldDockBigOverlays=false launchIntoPipHostTaskId=-1 lastParentTaskIdBeforePip=-1 displayCutoutSafeInsets=Rect(0, 0 - 0, 0) topActivityInfo=ActivityInfo{101f315 com.zkc.androidplate.MainActivity} launchCookies=[] positionInParent=Point(0, 0) parentTaskId=-1 isFocused=true isVisible=true isVisibleRequested=true isTopActivityNoDisplay=false isSleeping=false locusId=null displayAreaFeatureId=1 isTopActivityTransparent=false isActivityStackTransparent=false lastNonFullscreenBounds=Rect(310, 779 - 891, 1979) capturedLink=null capturedLinkTimestamp=0 requestedVisibleTypes=-9 topActivityRequestOpenInBrowserEducationTimestamp=0 appCompatTaskInfo=AppCompatTaskInfo { topActivityInSizeCompat=false eligibleForLetterboxEducation= false topActivityInMiuiSizeCompat=false isLetterboxEducationEnabled= false isLetterboxDoubleTapEnabled= false eligibleForUserAspectRatioButton= false topActivityBoundsLetterboxed= false isFromLetterboxDoubleTap= false topActivityLetterboxVerticalPosition= -1 topActivityLetterboxHorizontalPosition= -1 topActivityLetterboxWidth=-1 topActivityLetterboxHeight=-1 topActivityAppBounds=Rect(0, 0 - 1200, 2670) isUserFullscreenOverrideEnabled=false isSystemFullscreenOverrideEnabled=false hasMinAspectRatioOverride=false topActivityLetterboxBounds=null cameraCompatTaskInfo=CameraCompatTaskInfo { freeformCameraCompatMode=inactive}} isImmersive=false mTopActivityRequestOrientation=-1 mStatusBarParent=null mNavBarParent=null mBehindAppLockPkg=null mOriginatingUid=0 isEmbedded=false shouldBeVisible=true isCreatedByOrganizer=false mIsCastMode=false mTopActivityMediaSize=null mTopActivityRecordName=ActivityRecord{46297995 u0 com.zkc.androidplate/.MainActivity t11020} mTopActivityOrientation=-1 topActivityMainWindowFrame=null}
2026-06-25 18:54:53.786  4154-9789  CamOpt_Adapter          system_server                        I  onForegroundInfoChanged: ForegroundInfo{mForegroundPackageName='com.miui.home', mForegroundUid=10140, mForegroundPid=10100, mForegroundDisplayId=0, mLastForegroundPackageName='com.zkc.androidplate', mLastForegroundUid=10537, mLastForegroundPid=28408, mLastForegroundDisplayId=0, mMultiWindowForegroundPackageName='com.miui.home', mMultiWindowForegroundUid=10140, mFlags=0}
2026-06-25 18:54:53.786 18346-20350 PerfEngineController    com.miui.powerkeeper                 D  ForegroundInfo{mForegroundPackageName='com.miui.home', mForegroundUid=10140, mForegroundPid=10100, mForegroundDisplayId=0, mLastForegroundPackageName='com.zkc.androidplate', mLastForegroundUid=10537, mLastForegroundPid=28408, mLastForegroundDisplayId=0, mMultiWindowForegroundPackageName='com.miui.home', mMultiWindowForegroundUid=10140, mFlags=0}
2026-06-25 18:54:53.786  4154-9789  CamOpt_Service          system_server                        I  onForegroundInfoChanged: ForegroundInfo{mForegroundPackageName='com.miui.home', mForegroundUid=10140, mForegroundPid=10100, mForegroundDisplayId=0, mLastForegroundPackageName='com.zkc.androidplate', mLastForegroundUid=10537, mLastForegroundPid=28408, mLastForegroundDisplayId=0, mMultiWindowForegroundPackageName='com.miui.home', mMultiWindowForegroundUid=10140, mFlags=0}
2026-06-25 18:54:53.786  9065-14552 BluetoothLatencyMode    com.android.bluetooth                D  ForegroundInfo{mForegroundPackageName='com.miui.home', mForegroundUid=10140, mForegroundPid=10100, mForegroundDisplayId=0, mLastForegroundPackageName='com.zkc.androidplate', mLastForegroundUid=10537, mLastForegroundPid=28408, mLastForegroundDisplayId=0, mMultiWindowForegroundPackageName='com.miui.home', mMultiWindowForegroundUid=10140, mFlags=0}
2026-06-25 18:54:53.787 18356-18570 GST                     com.xiaomi.joyose                    I  forePkg: com.miui.home, preForePkg: com.zkc.androidplate
2026-06-25 18:54:53.787 10625-20922 HyperComm_AppMonitor    com.xiaomi.hypercomm                 D  onForegroundInfoChanged: foregroundInfo = ForegroundInfo{mForegroundPackageName='com.miui.home', mForegroundUid=10140, mForegroundPid=10100, mForegroundDisplayId=0, mLastForegroundPackageName='com.zkc.androidplate', mLastForegroundUid=10537, mLastForegroundPid=28408, mLastForegroundDisplayId=0, mMultiWindowForegroundPackageName='com.miui.home', mMultiWindowForegroundUid=10140, mFlags=0}
2026-06-25 18:54:53.787 24924-5400  DockWindow...gerService com.miui.securitycenter:ui           D  onActivityChanged: curName = ComponentInfo{com.miui.home/com.miui.home.launcher.Launcher}	preName = ComponentInfo{com.zkc.androidplate/com.zkc.androidplate.MainActivity}
2026-06-25 18:54:53.787 15268-25818 GlobalDock...torService com.miui.securitycenter.remote       D  onForegroundInfoChanged: appUserId=0	myUserId=0	foregroundInfo = ForegroundInfo{mForegroundPackageName='com.miui.home', mForegroundUid=10140, mForegroundPid=10100, mForegroundDisplayId=0, mLastForegroundPackageName='com.zkc.androidplate', mLastForegroundUid=10537, mLastForegroundPid=28408, mLastForegroundDisplayId=0, mMultiWindowForegroundPackageName='com.miui.home', mMultiWindowForegroundUid=10140, mFlags=0}
2026-06-25 18:54:53.788 10100-11730 ActivityManagerWrapper  com.miui.home                        E  getRecentTasksForceIncludingTaskIdIfValid: getRecentTasks: size=4
                                                                                                     mainTaskId=11020   userId=0   windowMode=1   isExcludedFromRecents=false   baseIntent=Intent { act=android.intent.action.MAIN flag=270532608 cmp=ComponentInfo{com.zkc.androidplate/com.zkc.androidplate.MainActivity} }
                                                                                                     mainTaskId=11017   userId=0   windowMode=1   isExcludedFromRecents=false   baseIntent=Intent { act=android.intent.action.MAIN flag=270532608 cmp=ComponentInfo{com.aliyun.tongyi/com.ucpro.MainActivity} }
                                                                                                     mainTaskId=11016   userId=0   windowMode=1   isExcludedFromRecents=false   baseIntent=Intent { act=null flag=268435456 cmp=ComponentInfo{com.tencent.mm/com.tencent.mm.plugin.appbrand.ui.AppBrandUI00} }
                                                                                                     mainTaskId=11013   userId=0   windowMode=1   isExcludedFromRecents=false   baseIntent=Intent { act=android.intent.action.MAIN flag=270532608 cmp=ComponentInfo{com.xingin.xhs/com.xingin.xhs.index.v2.IndexActivityV2} }
2026-06-25 18:54:53.788 15268-25818 BeautyService           com.miui.securitycenter.remote       I  onForegroundInfoChanged: Cur=com.miui.home	 last=com.zkc.androidplate
2026-06-25 18:54:53.788 10100-11730 RecentsTaskLoader       com.miui.home                        D  reloadTasksData [TaskKey{id=11020, stackId=0, baseIntent=Intent { act=android.intent.action.MAIN cat=[android.intent.category.LAUNCHER] flg=0x10200000 cmp=com.zkc.androidplate/.MainActivity }, userId=0, lastActiveTime=678335640, windowingMode=1, isThumbnailBlur=false, isAccessLocked=false, isScreening=false, topActivity=ComponentInfo{com.zkc.androidplate/com.zkc.androidplate.MainActivity}, mHashCode=329220372}, title=androidPlate, titleDescription=androidPlate, bounds=null, isLaunchTarget=true, isStackTask=true, isSystemApp=false, isDockable=true, baseActivity=ComponentInfo{com.zkc.androidplate/com.zkc.androidplate.MainActivity}, isLocked=false, mNeedHide=false, hasMultipleTasks=false, cti1Key=, cti2Key=, cti1Task=, cti2Task=] 
2026-06-25 18:54:53.799  4154-11420 BarFollowAnimation      system_server                        D  pairAppearanceRegionAndWin win=Window{b26b330 u0 com.zkc.androidplate/com.zkc.androidplate.MainActivity} 8
2026-06-25 18:54:53.801  4154-11589 BarFollowAnimation      system_server                        D  pairAppearanceRegionAndWin win=Window{b26b330 u0 com.zkc.androidplate/com.zkc.androidplate.MainActivity} 8
2026-06-25 18:54:53.802  4154-11589 MiuiMirror...MethodImpl system_server                        D  InsetsControlTarget invalid!:Window{b26b330 u0 com.zkc.androidplate/com.zkc.androidplate.MainActivity}
2026-06-25 18:54:53.802 28408-5462  JpegXmCodec             com.zkc.androidplate                 I  [mId: 131] skia-debug JpegXmCodec::decode: done
2026-06-25 18:54:53.802 28408-5462  SkJpegCodec             com.zkc.androidplate                 I  [mId: 131] skia-debug SkJpegCodec::onGetPixels XmCodec ends with output size = 23970816
2026-06-25 18:54:53.802 28408-5462  SkJpegCodec             com.zkc.androidplate                 I  [mId: 131] skia-debug onGetGainmapInfo returns false
2026-06-25 18:54:53.802 28408-5462  HWUI                    com.zkc.androidplate                 W  Image decoding logging dropped!
2026-06-25 18:54:53.803  4154-10295 BarFollowAnimation      system_server                        D  pairAppearanceRegionAndWin win=Window{b26b330 u0 com.zkc.androidplate/com.zkc.androidplate.MainActivity} 8
2026-06-25 18:54:53.809 15107-15161 TopActivityMonitor      com.miui.personalassistant           I  send TopActivityChangeEvent=TopActivityChangeEvent(prev=ComponentInfo{com.zkc.androidplate/com.zkc.androidplate.MainActivity}, current=ComponentInfo{com.miui.home/com.miui.home.launcher.Launcher},appChanged=true)
2026-06-25 18:54:53.811  4154-4296  BarFollowAnimation      system_server                        D  pairAppearanceRegionAndWin win=Window{b26b330 u0 com.zkc.androidplate/com.zkc.androidplate.MainActivity} 8
2026-06-25 18:54:53.812  4154-4293  BarFollowAnimation      system_server                        D  pairAppearanceRegionAndWin win=Window{b26b330 u0 com.zkc.androidplate/com.zkc.androidplate.MainActivity} 8
2026-06-25 18:54:53.816  4154-11084 BarFollowAnimation      system_server                        D  pairAppearanceRegionAndWin win=Window{b26b330 u0 com.zkc.androidplate/com.zkc.androidplate.MainActivity} 8
2026-06-25 18:54:53.817 28408-28408 CameraOrientationUtil   com.zkc.androidplate                 D  getRelativeImageRotation: destRotationDegrees=0, sourceRotationDegrees=90, isOppositeFacing=true, result=90
2026-06-25 18:54:53.817  4154-4296  BarFollowAnimation      system_server                        D  pairAppearanceRegionAndWin win=Window{b26b330 u0 com.zkc.androidplate/com.zkc.androidplate.MainActivity} 8
2026-06-25 18:54:53.818  4154-4296  WindowManager           system_server                        D  Final targets: [ChangeInfo{f8ce7cf container=Task{b852c96 #1 type=home} flags=0x30}, ChangeInfo{d38a630 container=Task{3151881 #11020 type=standard A=10537:com.zkc.androidplate} flags=0x4}, ChangeInfo{ce192a9 container=WallpaperWindowToken{4a0b964 showWhenLocked=false} flags=0x0}]
2026-06-25 18:54:53.819  4154-4296  DynamicIslandService    system_server                        I  elementSurfaceTransition is null for:com.zkc.androidplate
2026-06-25 18:54:53.819  4154-4296  WindowManager           system_server                        D  Calling onTransitionReady info={id=17531 t=TO_FRONT f=0x80 trk=0 r=[0@Point(0, 0)] c=[{WCT{RemoteToken{771ec30 Task{b852c96 #1 type=home}}} m=TO_FRONT f=SHOW_WALLPAPER|MOVE_TO_TOP leash=Surface(name=Task=1#51)/@0xa4fb258 sb=Rect(0, 0 - 1200, 2670) eb=Rect(0, 0 - 1200, 2670) epz=Point(1200, 2670) d=0 taskParent=-1 v=trueMiuiChangeImpl {miuiEmbedding:false, scale:1.0}},{WCT{RemoteToken{6c0832f Task{3151881 #11020 type=standard A=10537:com.zkc.androidplate}}} m=TO_BACK f=NONE leash=Surface(name=Task=11020#241231)/@0x481bc68 sb=Rect(0, 0 - 1200, 2670) eb=Rect(0, 0 - 1200, 2670) epz=Point(1200, 2670) d=0 taskParent=-1 v=trueMiuiChangeImpl {miuiEmbedding:false, scale:1.0}},{m=TO_FRONT f=IS_WALLPAPER leash=Surface(name=WallpaperWindowToken{4a0b964 showWhenLocked=false}#57)/@0x84397cd sb=Rect(0, 0 - 1200, 2670) eb=Rect(0, 0 - 1200, 2670) epz=Point(1200, 2670) d=0 v=trueMiuiChangeImpl {miuiEmbedding:false, scale:1.0}}] mk=[false] noAni=[false] df=[false] rsa=[false] oa=[false] nc=[0] ho=[false] hla=[false] iSync=[-1]}, mToken=Token{99351bc TransitionRecord{30634d7 id=17531 type=TO_FRONT flags=0x80 c=[
                                                                                                       ChangeInfo{30831c4 container=WallpaperWindowToken{ea4301 showWhenLocked=true} flags=0x0}
                                                                                                       ChangeInfo{b3f18ad container=ActivityRecord{32499754 u0 com.miui.home/.launcher.Launcher t2} flags=0x0}
                                                                                                       ChangeInfo{63067e2 container=DefaultTaskDisplayArea@43608094 flags=0x0}
                                                                                                       ChangeInfo{d0f4773 container=OneHanded:0:14@46459790 flags=0x0}
                                                                                                       ChangeInfo{d38a630 container=Task{3151881 #11020 type=standard A=10537:com.zkc.androidplate} flags=0x4}
                                                                                                       ChangeInfo{ce192a9 container=WallpaperWindowToken{4a0b964 showWhenLocked=false} flags=0x0}
                                                                                                       ChangeInfo{e71202e container=Display{#0 state=ON size=1200x2670 ROTATION_0} flags=0x0}
                                                                                                       ChangeInfo{f8ce7cf container=Task{b852c96 #1 type=home} flags=0x30}
                                                                                                       ChangeInfo{6b9f55c container=Task{c96cd15 #2 type=home I=com.miui.home/.launcher.Launcher} flags=0x30}
                                                                                                    ]
                                                                                                    }}
2026-06-25 18:54:53.820  4154-4296  BarFollowAnimation      system_server                        D  pairAppearanceRegionAndWin win=Window{b26b330 u0 com.zkc.androidplate/com.zkc.androidplate.MainActivity} 8
2026-06-25 18:54:53.821 10804-11003 MiuiDecora...Controller com.android.systemui                 D  relayout::taskId=11020, visible=true, bounds=Rect(0, 0 - 1200, 2670), focused=true, oldImmersive=false, newImmersive=false, windowMode=1, activityType=1, displayId=0, baseActivity=ComponentInfo{com.zkc.androidplate/com.zkc.androidplate.MainActivity}, topActivity=ComponentInfo{com.zkc.androidplate/com.zkc.androidplate.MainActivity}, callers=com.android.wm.shell.multitasking.miuimultiwinswitch.miuiwindowdecor.MulWinSwitchDecorViewModel.onTaskChanging:110 com.android.wm.shell.freeform.FreeformTaskTransitionObserver.onTransitionReady:187 com.android.wm.shell.transition.Transitions.dispatchReady:241 com.android.wm.shell.transition.Transitions.onTransitionReady:280 com.android.wm.shell.transition.Transitions$TransitionPlayerImpl$$ExternalSyntheticLambda1.run:48 
2026-06-25 18:54:53.822  4154-9829  ScrollScenario          system_server                        D  ScrollState: fling start on com.zkc.androidplate
2026-06-25 18:54:53.822  4154-9829  ScrollScenario          system_server                        D  ScrollState: scroll end on com.zkc.androidplate
2026-06-25 18:54:53.823  4154-11084 ActivityTaskManager     system_server                        D   setSkipCaptureLayers tr: Task{3151881 #11020 type=standard A=10537:com.zkc.androidplate}
2026-06-25 18:54:53.825  4154-4296  BarFollowAnimation      system_server                        D  pairAppearanceRegionAndWin win=Window{b26b330 u0 com.zkc.androidplate/com.zkc.androidplate.MainActivity} 8
2026-06-25 18:54:53.825  4154-4296  SmartPower              system_server                        I  Miui monitor launch : com.miui.home/.launcher.Launcher  transitionTime:50  launchTime:55  launchFrom:com.zkc.androidplate  launchType:6
2026-06-25 18:54:53.826  4154-4296  BarFollowAnimation      system_server                        D  pairAppearanceRegionAndWin win=Window{b26b330 u0 com.zkc.androidplate/com.zkc.androidplate.MainActivity} 8
2026-06-25 18:54:53.827  4154-4293  DisplayPolicyStubImpl   system_server                        I  boost for touch up, package:com.zkc.androidplate
2026-06-25 18:54:53.829 10804-10804 DynamicIsl...Controller com.android.systemui                 D  cancelDelayExitApp com.miui.home com.zkc.androidplate
2026-06-25 18:54:53.832 10100-10100 RemoteAnim...nTargetSet com.miui.home                        D  1, RemoteAnimationTargetCompat{taskId=11020, mode=1, isTranslucent=false, clipRect=Rect(0, 0 - 0, 0), position=Point(0, 0), sourceContainerBounds=Rect(0, 0 - 1200, 2670), prefixOrderIndex=2, isNotInRecents=false, contentInsets=Rect(0, 0 - 0, 0), activityType=1, packageName=com.zkc.androidplate, startBounds=Rect(0, 0 - 1200, 2670), windowType=-1}
2026-06-25 18:54:53.833  4154-10295 BarFollowAnimation      system_server                        D  onTaskInfoChanedForCaptionBar Task{3151881 #11020 type=standard A=10537:com.zkc.androidplate} shouldbeVisible:true isVisible:true isOnTop:false windowMode:1 preDisplayId:-1 displayId:0 mCaptionAssociatedTask:null mIsTouchedInCaption:false
2026-06-25 18:54:53.834  4154-9829  ScrollScenario          system_server                        D  ScrollState: fling end on com.zkc.androidplate
2026-06-25 18:54:53.834  4154-11417 WindowManager           system_server                        E   source = Task{3151881 #11020 type=standard A=10537:com.zkc.androidplate} excludeMiuiNavBar = false excludeMiuiStatusBar = true excludeIme = false excludeNavBar = true miuiNavSurfaceControl = null miuiStatusSurfaceControl = Surface(name=StatusBar Container of Task = 11020#241232)/@0x238ed26
2026-06-25 18:54:53.834 10100-10100 NavStubView             com.miui.home                        I  getClosingApp mRunningTaskComponentName=ComponentInfo{com.zkc.androidplate/com.zkc.androidplate.MainActivity}, launcher=com.miui.home.launcher.Launcher@8b88386
2026-06-25 18:54:53.834 10100-10100 NavStubView             com.miui.home                        D  findClosingAnimTarget, closingApp=ClosingAppInfo{componentName=ComponentInfo{com.zkc.androidplate/com.zkc.androidplate.MainActivity}, userId=0, isAppPair=false, isIconLayoutFromSoscChange=false}
2026-06-25 18:54:53.834 10100-10100 StatusBarI...AnimHelper com.miui.home                        D  isNeedShowStatusBarTypeAnim:false judgePackage=com.zkc.androidplate
2026-06-25 18:54:53.834 10100-10100 FloatingIc...ew25dba7cf com.miui.home                        D  init addView: com.zkc.androidplate, index: 2, rootView:com.miui.home.launcher.StrictFrameLayout{bf161ab V.E...... ......ID 0,0-1200,2670 aid=1073743070}
2026-06-25 18:54:53.835  2144-2144  SurfaceFlinger          surfaceflinger                       I  SF-MICapture: mode:0, layerName:Background for c88906 SurfaceView[com.zkc.androidplate/com.zkc.androidplate.MainActivity]#241259
2026-06-25 18:54:53.835  2144-2144  SurfaceFlinger          surfaceflinger                       I  SF-MICapture: mode:0, layerName:c88906 SurfaceView[com.zkc.androidplate/com.zkc.androidplate.MainActivity](BLAST)#241258
2026-06-25 18:54:53.835 10100-10100 PauseAdvancedHelper     com.miui.home                        D  needPauseAdvance=false   packageName=com.zkc.androidplate
2026-06-25 18:54:53.835  2144-2144  SurfaceFlinger          surfaceflinger                       I  SF-MICapture: mode:0, layerName:com.zkc.androidplate/com.zkc.androidplate.MainActivity#241250
2026-06-25 18:54:53.835 10100-10100 K8FrontCameraManager    com.miui.home                        D  needPauseAdvance=false   packageName=com.zkc.androidplate
2026-06-25 18:54:53.835 10100-10100 K8FrontCameraManager    com.miui.home                        D  needPauseAdvance=false   packageName=com.zkc.androidplate
2026-06-25 18:54:53.840  4154-11417 WindowManager           system_server                        D  snapshot isNothing = false source = Task{3151881 #11020 type=standard A=10537:com.zkc.androidplate}
2026-06-25 18:54:53.841 28408-5462  HyperLPR3-Native        com.zkc.androidplate                 D  cost: 0.035356
2026-06-25 18:54:53.842  4154-11413 WindowManager           system_server                        E   source = Task{3151881 #11020 type=standard A=10537:com.zkc.androidplate} excludeMiuiNavBar = false excludeMiuiStatusBar = true excludeIme = false excludeNavBar = true miuiNavSurfaceControl = null miuiStatusSurfaceControl = Surface(name=StatusBar Container of Task = 11020#241232)/@0x238ed26
2026-06-25 18:54:53.842 10804-11003 MiuiDecora...Controller com.android.systemui                 D  relayout::taskId=11020, visible=true, bounds=Rect(0, 0 - 1200, 2670), focused=false, oldImmersive=false, newImmersive=false, windowMode=1, activityType=1, displayId=0, baseActivity=ComponentInfo{com.zkc.androidplate/com.zkc.androidplate.MainActivity}, topActivity=ComponentInfo{com.zkc.androidplate/com.zkc.androidplate.MainActivity}, callers=com.android.wm.shell.multitasking.miuimultiwinswitch.miuiwindowdecor.decoration.MiuiDecorationController.relayout:4 com.android.wm.shell.multitasking.miuimultiwinswitch.miuiwindowdecor.MulWinSwitchDecorViewModel.onTaskInfoChanged:18 com.android.wm.shell.multitasking.common.taskmanager.MultiTaskingTaskListener.onTaskInfoChanged:47 com.android.wm.shell.ShellTaskOrganizer.onTaskInfoChanged:136 android.window.TaskOrganizer$1.lambda$onTaskInfoChanged$6:300 
2026-06-25 18:54:53.843  2144-2144  SurfaceFlinger          surfaceflinger                       I  SF-MICapture: mode:0, layerName:Background for c88906 SurfaceView[com.zkc.androidplate/com.zkc.androidplate.MainActivity]#241259
2026-06-25 18:54:53.843  2144-2144  SurfaceFlinger          surfaceflinger                       I  SF-MICapture: mode:0, layerName:c88906 SurfaceView[com.zkc.androidplate/com.zkc.androidplate.MainActivity](BLAST)#241258
2026-06-25 18:54:53.843  2144-2144  SurfaceFlinger          surfaceflinger                       I  SF-MICapture: mode:0, layerName:com.zkc.androidplate/com.zkc.androidplate.MainActivity#241250
2026-06-25 18:54:53.847  4154-11413 WindowManager           system_server                        D  snapshot isNothing = false source = Task{3151881 #11020 type=standard A=10537:com.zkc.androidplate}
2026-06-25 18:54:53.848 28408-28408 InsetsSource            com.zkc.androidplate                 W  Has no intersection or mTmpFrame.height(), return Insets.NONE mTmpFrame.height() =0 hasIntersection =false
2026-06-25 18:54:53.848 28408-28408 InsetsSource            com.zkc.androidplate                 W  Has no intersection or mTmpFrame.height(), return Insets.NONE mTmpFrame.height() =0 hasIntersection =false
2026-06-25 18:54:53.848 28408-28408 InsetsSource            com.zkc.androidplate                 W  Has no intersection or mTmpFrame.height(), return Insets.NONE mTmpFrame.height() =0 hasIntersection =false
2026-06-25 18:54:53.848 28408-28408 InsetsSource            com.zkc.androidplate                 W  Has no intersection or mTmpFrame.height(), return Insets.NONE mTmpFrame.height() =0 hasIntersection =false
2026-06-25 18:54:53.849  4154-11420 ActivityTaskManager     system_server                        D   setSkipCaptureLayers tr: Task{3151881 #11020 type=standard A=10537:com.zkc.androidplate}
2026-06-25 18:54:53.861 28408-5462  SkJpegCodec             com.zkc.androidplate                 I  [mId: 132] skia-debug SkJpegCodec::+SkJpegCodec
2026-06-25 18:54:53.861 28408-5462  SkJpegCodec             com.zkc.androidplate                 I  [mId: 132] skia-debug SkJpegCodec::ReadHeader: width = 2448, height = 2448, color = 10
2026-06-25 18:54:53.861 28408-5462  SkJpegCodec             com.zkc.androidplate                 I  [mId: 132] skia-debug SkJpegCodec::ReadHeader: progressive_mode = 0, streamType: SkMemoryStream
2026-06-25 18:54:53.861 28408-5462  SkJpegCodec             com.zkc.androidplate                 I  [mId: 132] skia-debug SkJpegCodec::onGetPixels: dstRowBytes = 9792, 
                                                                                                    dstInfo: SkImageInfo: {IsRGB = 1, ColorType = 4, AlphaType = 1, Dimensions.width = 2448, Dimensions.height = 2448};
2026-06-25 18:54:53.861 28408-5462  JpegXmCodec             com.zkc.androidplate                 I   skia-debug JpegXmCodec::isSupported returns true
2026-06-25 18:54:53.861 28408-5462  SkJpegCodec             com.zkc.androidplate                 I  [mId: 132] skia-debug SkJpegCodec::onGetPixels XmCodec start
2026-06-25 18:54:53.861 28408-5462  JpegXmCodec             com.zkc.androidplate                 I  [mId: 132] skia-debug JpegXmCodec::decode: prepare ends
2026-06-25 18:54:53.878 28408-5462  JpegXmCodec             com.zkc.androidplate                 I  [mId: 132] skia-debug JpegXmCodec::decode: done
2026-06-25 18:54:53.878 28408-5462  SkJpegCodec             com.zkc.androidplate                 I  [mId: 132] skia-debug SkJpegCodec::onGetPixels XmCodec ends with output size = 23970816
2026-06-25 18:54:53.878 28408-5462  SkJpegCodec             com.zkc.androidplate                 I  [mId: 132] skia-debug onGetGainmapInfo returns false
2026-06-25 18:54:53.878 28408-5462  HWUI                    com.zkc.androidplate                 W  Image decoding logging dropped!
2026-06-25 18:54:53.913 28408-5462  HyperLPR3-Native        com.zkc.androidplate                 D  cost: 0.033060
2026-06-25 18:54:53.932 28408-5462  SkJpegCodec             com.zkc.androidplate                 I  [mId: 133] skia-debug SkJpegCodec::+SkJpegCodec
2026-06-25 18:54:53.932 28408-5462  SkJpegCodec             com.zkc.androidplate                 I  [mId: 133] skia-debug SkJpegCodec::ReadHeader: width = 2448, height = 2448, color = 10
2026-06-25 18:54:53.932 28408-5462  SkJpegCodec             com.zkc.androidplate                 I  [mId: 133] skia-debug SkJpegCodec::ReadHeader: progressive_mode = 0, streamType: SkMemoryStream
2026-06-25 18:54:53.932 28408-5462  SkJpegCodec             com.zkc.androidplate                 I  [mId: 133] skia-debug SkJpegCodec::onGetPixels: dstRowBytes = 9792, 
                                                                                                    dstInfo: SkImageInfo: {IsRGB = 1, ColorType = 4, AlphaType = 1, Dimensions.width = 2448, Dimensions.height = 2448};
2026-06-25 18:54:53.932 28408-5462  JpegXmCodec             com.zkc.androidplate                 I   skia-debug JpegXmCodec::isSupported returns true
2026-06-25 18:54:53.932 28408-5462  SkJpegCodec             com.zkc.androidplate                 I  [mId: 133] skia-debug SkJpegCodec::onGetPixels XmCodec start
2026-06-25 18:54:53.933 28408-5462  JpegXmCodec             com.zkc.androidplate                 I  [mId: 133] skia-debug JpegXmCodec::decode: prepare ends
2026-06-25 18:54:53.934 28408-5275  kc.androidplate         com.zkc.androidplate                 I  This is non sticky GC, maxfree is 33554432 minfree is 8388608
2026-06-25 18:54:53.949 28408-5462  JpegXmCodec             com.zkc.androidplate                 I  [mId: 133] skia-debug JpegXmCodec::decode: done
2026-06-25 18:54:53.949 28408-5462  SkJpegCodec             com.zkc.androidplate                 I  [mId: 133] skia-debug SkJpegCodec::onGetPixels XmCodec ends with output size = 23970816
2026-06-25 18:54:53.949 28408-5462  SkJpegCodec             com.zkc.androidplate                 I  [mId: 133] skia-debug onGetGainmapInfo returns false
2026-06-25 18:54:53.949 28408-5462  HWUI                    com.zkc.androidplate                 W  Image decoding logging dropped!
2026-06-25 18:54:53.982 28408-5462  HyperLPR3-Native        com.zkc.androidplate                 D  cost: 0.032150
2026-06-25 18:54:53.996  4154-4295  SchedBoost              system_server                        D  com.zkc.androidplate boosting, skip reset priority
2026-06-25 18:54:54.000 28408-5462  SkJpegCodec             com.zkc.androidplate                 I  [mId: 134] skia-debug SkJpegCodec::+SkJpegCodec
2026-06-25 18:54:54.000 28408-5462  SkJpegCodec             com.zkc.androidplate                 I  [mId: 134] skia-debug SkJpegCodec::ReadHeader: width = 2448, height = 2448, color = 10
2026-06-25 18:54:54.000 28408-5462  SkJpegCodec             com.zkc.androidplate                 I  [mId: 134] skia-debug SkJpegCodec::ReadHeader: progressive_mode = 0, streamType: SkMemoryStream
2026-06-25 18:54:54.000 28408-5462  SkJpegCodec             com.zkc.androidplate                 I  [mId: 134] skia-debug SkJpegCodec::onGetPixels: dstRowBytes = 9792, 
                                                                                                    dstInfo: SkImageInfo: {IsRGB = 1, ColorType = 4, AlphaType = 1, Dimensions.width = 2448, Dimensions.height = 2448};
2026-06-25 18:54:54.000 28408-5462  JpegXmCodec             com.zkc.androidplate                 I   skia-debug JpegXmCodec::isSupported returns true
2026-06-25 18:54:54.000 28408-5462  SkJpegCodec             com.zkc.androidplate                 I  [mId: 134] skia-debug SkJpegCodec::onGetPixels XmCodec start
2026-06-25 18:54:54.000 28408-5462  JpegXmCodec             com.zkc.androidplate                 I  [mId: 134] skia-debug JpegXmCodec::decode: prepare ends
2026-06-25 18:54:54.015 28408-5462  JpegXmCodec             com.zkc.androidplate                 I  [mId: 134] skia-debug JpegXmCodec::decode: done
2026-06-25 18:54:54.015 28408-5462  SkJpegCodec             com.zkc.androidplate                 I  [mId: 134] skia-debug SkJpegCodec::onGetPixels XmCodec ends with output size = 23970816
2026-06-25 18:54:54.015 28408-5462  SkJpegCodec             com.zkc.androidplate                 I  [mId: 134] skia-debug onGetGainmapInfo returns false
2026-06-25 18:54:54.015 28408-5462  HWUI                    com.zkc.androidplate                 W  Image decoding logging dropped!
2026-06-25 18:54:54.048 28408-5462  HyperLPR3-Native        com.zkc.androidplate                 D  cost: 0.031824
2026-06-25 18:54:54.068 28408-5462  SkJpegCodec             com.zkc.androidplate                 I  [mId: 135] skia-debug SkJpegCodec::+SkJpegCodec
2026-06-25 18:54:54.068 28408-5462  SkJpegCodec             com.zkc.androidplate                 I  [mId: 135] skia-debug SkJpegCodec::ReadHeader: width = 2448, height = 2448, color = 10
2026-06-25 18:54:54.068 28408-5462  SkJpegCodec             com.zkc.androidplate                 I  [mId: 135] skia-debug SkJpegCodec::ReadHeader: progressive_mode = 0, streamType: SkMemoryStream
2026-06-25 18:54:54.068 28408-5462  SkJpegCodec             com.zkc.androidplate                 I  [mId: 135] skia-debug SkJpegCodec::onGetPixels: dstRowBytes = 9792, 
                                                                                                    dstInfo: SkImageInfo: {IsRGB = 1, ColorType = 4, AlphaType = 1, Dimensions.width = 2448, Dimensions.height = 2448};
2026-06-25 18:54:54.069 28408-5462  JpegXmCodec             com.zkc.androidplate                 I   skia-debug JpegXmCodec::isSupported returns true
2026-06-25 18:54:54.069 28408-5462  SkJpegCodec             com.zkc.androidplate                 I  [mId: 135] skia-debug SkJpegCodec::onGetPixels XmCodec start
2026-06-25 18:54:54.069 28408-5462  JpegXmCodec             com.zkc.androidplate                 I  [mId: 135] skia-debug JpegXmCodec::decode: prepare ends
2026-06-25 18:54:54.083 28408-5462  JpegXmCodec             com.zkc.androidplate                 I  [mId: 135] skia-debug JpegXmCodec::decode: done
2026-06-25 18:54:54.083 28408-5462  SkJpegCodec             com.zkc.androidplate                 I  [mId: 135] skia-debug SkJpegCodec::onGetPixels XmCodec ends with output size = 23970816
2026-06-25 18:54:54.083 28408-5462  SkJpegCodec             com.zkc.androidplate                 I  [mId: 135] skia-debug onGetGainmapInfo returns false
2026-06-25 18:54:54.084 28408-5462  HWUI                    com.zkc.androidplate                 W  Image decoding logging dropped!
2026-06-25 18:54:54.119 28408-5462  HyperLPR3-Native        com.zkc.androidplate                 D  cost: 0.031956
2026-06-25 18:54:54.134 28408-5275  kc.androidplate         com.zkc.androidplate                 I  This is sticky GC, maxfree is 33554432 minfree is 8388608
2026-06-25 18:54:54.143 28408-5462  SkJpegCodec             com.zkc.androidplate                 I  [mId: 136] skia-debug SkJpegCodec::+SkJpegCodec
2026-06-25 18:54:54.143 28408-5462  SkJpegCodec             com.zkc.androidplate                 I  [mId: 136] skia-debug SkJpegCodec::ReadHeader: width = 2448, height = 2448, color = 10
2026-06-25 18:54:54.143 28408-5462  SkJpegCodec             com.zkc.androidplate                 I  [mId: 136] skia-debug SkJpegCodec::ReadHeader: progressive_mode = 0, streamType: SkMemoryStream
2026-06-25 18:54:54.143 28408-5462  SkJpegCodec             com.zkc.androidplate                 I  [mId: 136] skia-debug SkJpegCodec::onGetPixels: dstRowBytes = 9792, 
                                                                                                    dstInfo: SkImageInfo: {IsRGB = 1, ColorType = 4, AlphaType = 1, Dimensions.width = 2448, Dimensions.height = 2448};
2026-06-25 18:54:54.143 28408-5462  JpegXmCodec             com.zkc.androidplate                 I   skia-debug JpegXmCodec::isSupported returns true
2026-06-25 18:54:54.143 28408-5462  SkJpegCodec             com.zkc.androidplate                 I  [mId: 136] skia-debug SkJpegCodec::onGetPixels XmCodec start
2026-06-25 18:54:54.143 28408-5462  JpegXmCodec             com.zkc.androidplate                 I  [mId: 136] skia-debug JpegXmCodec::decode: prepare ends
2026-06-25 18:54:54.158 28408-5462  JpegXmCodec             com.zkc.androidplate                 I  [mId: 136] skia-debug JpegXmCodec::decode: done
2026-06-25 18:54:54.158 28408-5462  SkJpegCodec             com.zkc.androidplate                 I  [mId: 136] skia-debug SkJpegCodec::onGetPixels XmCodec ends with output size = 23970816
2026-06-25 18:54:54.158 28408-5462  SkJpegCodec             com.zkc.androidplate                 I  [mId: 136] skia-debug onGetGainmapInfo returns false
2026-06-25 18:54:54.158 28408-5462  HWUI                    com.zkc.androidplate                 W  Image decoding logging dropped!
2026-06-25 18:54:54.194 28408-5462  HyperLPR3-Native        com.zkc.androidplate                 D  cost: 0.034133
2026-06-25 18:54:54.213 28408-5462  SkJpegCodec             com.zkc.androidplate                 I  [mId: 137] skia-debug SkJpegCodec::+SkJpegCodec
2026-06-25 18:54:54.213 28408-5462  SkJpegCodec             com.zkc.androidplate                 I  [mId: 137] skia-debug SkJpegCodec::ReadHeader: width = 2448, height = 2448, color = 10
2026-06-25 18:54:54.213 28408-5462  SkJpegCodec             com.zkc.androidplate                 I  [mId: 137] skia-debug SkJpegCodec::ReadHeader: progressive_mode = 0, streamType: SkMemoryStream
2026-06-25 18:54:54.213 28408-5462  SkJpegCodec             com.zkc.androidplate                 I  [mId: 137] skia-debug SkJpegCodec::onGetPixels: dstRowBytes = 9792, 
                                                                                                    dstInfo: SkImageInfo: {IsRGB = 1, ColorType = 4, AlphaType = 1, Dimensions.width = 2448, Dimensions.height = 2448};
2026-06-25 18:54:54.213 28408-5462  JpegXmCodec             com.zkc.androidplate                 I   skia-debug JpegXmCodec::isSupported returns true
2026-06-25 18:54:54.213 28408-5462  SkJpegCodec             com.zkc.androidplate                 I  [mId: 137] skia-debug SkJpegCodec::onGetPixels XmCodec start
2026-06-25 18:54:54.213 28408-5462  JpegXmCodec             com.zkc.androidplate                 I  [mId: 137] skia-debug JpegXmCodec::decode: prepare ends
2026-06-25 18:54:54.227 28408-5462  JpegXmCodec             com.zkc.androidplate                 I  [mId: 137] skia-debug JpegXmCodec::decode: done
2026-06-25 18:54:54.227 28408-5462  SkJpegCodec             com.zkc.androidplate                 I  [mId: 137] skia-debug SkJpegCodec::onGetPixels XmCodec ends with output size = 23970816
2026-06-25 18:54:54.228 28408-5462  SkJpegCodec             com.zkc.androidplate                 I  [mId: 137] skia-debug onGetGainmapInfo returns false
2026-06-25 18:54:54.228 28408-5462  HWUI                    com.zkc.androidplate                 W  Image decoding logging dropped!
2026-06-25 18:54:54.261 28408-5462  HyperLPR3-Native        com.zkc.androidplate                 D  cost: 0.031607
2026-06-25 18:54:54.280 28408-5462  SkJpegCodec             com.zkc.androidplate                 I  [mId: 138] skia-debug SkJpegCodec::+SkJpegCodec
2026-06-25 18:54:54.280 28408-5462  SkJpegCodec             com.zkc.androidplate                 I  [mId: 138] skia-debug SkJpegCodec::ReadHeader: width = 2448, height = 2448, color = 10
2026-06-25 18:54:54.280 28408-5462  SkJpegCodec             com.zkc.androidplate                 I  [mId: 138] skia-debug SkJpegCodec::ReadHeader: progressive_mode = 0, streamType: SkMemoryStream
2026-06-25 18:54:54.280 28408-5462  SkJpegCodec             com.zkc.androidplate                 I  [mId: 138] skia-debug SkJpegCodec::onGetPixels: dstRowBytes = 9792, 
                                                                                                    dstInfo: SkImageInfo: {IsRGB = 1, ColorType = 4, AlphaType = 1, Dimensions.width = 2448, Dimensions.height = 2448};
2026-06-25 18:54:54.280 28408-5462  JpegXmCodec             com.zkc.androidplate                 I   skia-debug JpegXmCodec::isSupported returns true
2026-06-25 18:54:54.280 28408-5462  SkJpegCodec             com.zkc.androidplate                 I  [mId: 138] skia-debug SkJpegCodec::onGetPixels XmCodec start
2026-06-25 18:54:54.281 28408-5462  JpegXmCodec             com.zkc.androidplate                 I  [mId: 138] skia-debug JpegXmCodec::decode: prepare ends
2026-06-25 18:54:54.298 28408-5462  JpegXmCodec             com.zkc.androidplate                 I  [mId: 138] skia-debug JpegXmCodec::decode: done
2026-06-25 18:54:54.298 28408-5462  SkJpegCodec             com.zkc.androidplate                 I  [mId: 138] skia-debug SkJpegCodec::onGetPixels XmCodec ends with output size = 23970816
2026-06-25 18:54:54.298 28408-5462  SkJpegCodec             com.zkc.androidplate                 I  [mId: 138] skia-debug onGetGainmapInfo returns false
2026-06-25 18:54:54.298 28408-5462  HWUI                    com.zkc.androidplate                 W  Image decoding logging dropped!
2026-06-25 18:54:54.331 28408-5462  HyperLPR3-Native        com.zkc.androidplate                 D  cost: 0.030968
2026-06-25 18:54:54.353 28408-5275  kc.androidplate         com.zkc.androidplate                 I  This is non sticky GC, maxfree is 33554432 minfree is 8388608
2026-06-25 18:54:54.356 28408-5462  SkJpegCodec             com.zkc.androidplate                 I  [mId: 139] skia-debug SkJpegCodec::+SkJpegCodec
2026-06-25 18:54:54.356 28408-5462  SkJpegCodec             com.zkc.androidplate                 I  [mId: 139] skia-debug SkJpegCodec::ReadHeader: width = 2448, height = 2448, color = 10
2026-06-25 18:54:54.356 28408-5462  SkJpegCodec             com.zkc.androidplate                 I  [mId: 139] skia-debug SkJpegCodec::ReadHeader: progressive_mode = 0, streamType: SkMemoryStream
2026-06-25 18:54:54.356 28408-5462  SkJpegCodec             com.zkc.androidplate                 I  [mId: 139] skia-debug SkJpegCodec::onGetPixels: dstRowBytes = 9792, 
                                                                                                    dstInfo: SkImageInfo: {IsRGB = 1, ColorType = 4, AlphaType = 1, Dimensions.width = 2448, Dimensions.height = 2448};
2026-06-25 18:54:54.356 28408-5462  JpegXmCodec             com.zkc.androidplate                 I   skia-debug JpegXmCodec::isSupported returns true
2026-06-25 18:54:54.356 28408-5462  SkJpegCodec             com.zkc.androidplate                 I  [mId: 139] skia-debug SkJpegCodec::onGetPixels XmCodec start
2026-06-25 18:54:54.356 28408-5462  JpegXmCodec             com.zkc.androidplate                 I  [mId: 139] skia-debug JpegXmCodec::decode: prepare ends
2026-06-25 18:54:54.371 28408-5462  JpegXmCodec             com.zkc.androidplate                 I  [mId: 139] skia-debug JpegXmCodec::decode: done
2026-06-25 18:54:54.371 28408-5462  SkJpegCodec             com.zkc.androidplate                 I  [mId: 139] skia-debug SkJpegCodec::onGetPixels XmCodec ends with output size = 23970816
2026-06-25 18:54:54.371 28408-5462  SkJpegCodec             com.zkc.androidplate                 I  [mId: 139] skia-debug onGetGainmapInfo returns false
2026-06-25 18:54:54.371 28408-5462  HWUI                    com.zkc.androidplate                 W  Image decoding logging dropped!
2026-06-25 18:54:54.406 28408-5462  HyperLPR3-Native        com.zkc.androidplate                 D  cost: 0.032859
2026-06-25 18:54:54.425 28408-5462  SkJpegCodec             com.zkc.androidplate                 I  [mId: 140] skia-debug SkJpegCodec::+SkJpegCodec
2026-06-25 18:54:54.425 28408-5462  SkJpegCodec             com.zkc.androidplate                 I  [mId: 140] skia-debug SkJpegCodec::ReadHeader: width = 2448, height = 2448, color = 10
2026-06-25 18:54:54.425 28408-5462  SkJpegCodec             com.zkc.androidplate                 I  [mId: 140] skia-debug SkJpegCodec::ReadHeader: progressive_mode = 0, streamType: SkMemoryStream
2026-06-25 18:54:54.425 28408-5462  SkJpegCodec             com.zkc.androidplate                 I  [mId: 140] skia-debug SkJpegCodec::onGetPixels: dstRowBytes = 9792, 
                                                                                                    dstInfo: SkImageInfo: {IsRGB = 1, ColorType = 4, AlphaType = 1, Dimensions.width = 2448, Dimensions.height = 2448};
2026-06-25 18:54:54.425 28408-5462  JpegXmCodec             com.zkc.androidplate                 I   skia-debug JpegXmCodec::isSupported returns true
2026-06-25 18:54:54.425 28408-5462  SkJpegCodec             com.zkc.androidplate                 I  [mId: 140] skia-debug SkJpegCodec::onGetPixels XmCodec start
2026-06-25 18:54:54.426 28408-5462  JpegXmCodec             com.zkc.androidplate                 I  [mId: 140] skia-debug JpegXmCodec::decode: prepare ends
2026-06-25 18:54:54.442 28408-5462  JpegXmCodec             com.zkc.androidplate                 I  [mId: 140] skia-debug JpegXmCodec::decode: done
2026-06-25 18:54:54.442 28408-5462  SkJpegCodec             com.zkc.androidplate                 I  [mId: 140] skia-debug SkJpegCodec::onGetPixels XmCodec ends with output size = 23970816
2026-06-25 18:54:54.442 28408-5462  SkJpegCodec             com.zkc.androidplate                 I  [mId: 140] skia-debug onGetGainmapInfo returns false
2026-06-25 18:54:54.442 28408-5462  HWUI                    com.zkc.androidplate                 W  Image decoding logging dropped!
2026-06-25 18:54:54.486 28408-5462  HyperLPR3-Native        com.zkc.androidplate                 D  cost: 0.042003
2026-06-25 18:54:54.505 28408-5462  SkJpegCodec             com.zkc.androidplate                 I  [mId: 141] skia-debug SkJpegCodec::+SkJpegCodec
2026-06-25 18:54:54.505 28408-5462  SkJpegCodec             com.zkc.androidplate                 I  [mId: 141] skia-debug SkJpegCodec::ReadHeader: width = 2448, height = 2448, color = 10
2026-06-25 18:54:54.505 28408-5462  SkJpegCodec             com.zkc.androidplate                 I  [mId: 141] skia-debug SkJpegCodec::ReadHeader: progressive_mode = 0, streamType: SkMemoryStream
2026-06-25 18:54:54.505 28408-5462  SkJpegCodec             com.zkc.androidplate                 I  [mId: 141] skia-debug SkJpegCodec::onGetPixels: dstRowBytes = 9792, 
                                                                                                    dstInfo: SkImageInfo: {IsRGB = 1, ColorType = 4, AlphaType = 1, Dimensions.width = 2448, Dimensions.height = 2448};
2026-06-25 18:54:54.505 28408-5462  JpegXmCodec             com.zkc.androidplate                 I   skia-debug JpegXmCodec::isSupported returns true
2026-06-25 18:54:54.505 28408-5462  SkJpegCodec             com.zkc.androidplate                 I  [mId: 141] skia-debug SkJpegCodec::onGetPixels XmCodec start
2026-06-25 18:54:54.505 28408-5462  JpegXmCodec             com.zkc.androidplate                 I  [mId: 141] skia-debug JpegXmCodec::decode: prepare ends
2026-06-25 18:54:54.523 28408-5462  JpegXmCodec             com.zkc.androidplate                 I  [mId: 141] skia-debug JpegXmCodec::decode: done
2026-06-25 18:54:54.523 28408-5462  SkJpegCodec             com.zkc.androidplate                 I  [mId: 141] skia-debug SkJpegCodec::onGetPixels XmCodec ends with output size = 23970816
2026-06-25 18:54:54.523 28408-5462  SkJpegCodec             com.zkc.androidplate                 I  [mId: 141] skia-debug onGetGainmapInfo returns false
2026-06-25 18:54:54.524 28408-5462  HWUI                    com.zkc.androidplate                 W  Image decoding logging dropped!
2026-06-25 18:54:54.558 28408-5462  HyperLPR3-Native        com.zkc.androidplate                 D  cost: 0.033018
2026-06-25 18:54:54.583 28408-5462  SkJpegCodec             com.zkc.androidplate                 I  [mId: 142] skia-debug SkJpegCodec::+SkJpegCodec
2026-06-25 18:54:54.583 28408-5462  SkJpegCodec             com.zkc.androidplate                 I  [mId: 142] skia-debug SkJpegCodec::ReadHeader: width = 2448, height = 2448, color = 10
2026-06-25 18:54:54.583 28408-5462  SkJpegCodec             com.zkc.androidplate                 I  [mId: 142] skia-debug SkJpegCodec::ReadHeader: progressive_mode = 0, streamType: SkMemoryStream
2026-06-25 18:54:54.583 28408-5462  SkJpegCodec             com.zkc.androidplate                 I  [mId: 142] skia-debug SkJpegCodec::onGetPixels: dstRowBytes = 9792, 
                                                                                                    dstInfo: SkImageInfo: {IsRGB = 1, ColorType = 4, AlphaType = 1, Dimensions.width = 2448, Dimensions.height = 2448};
2026-06-25 18:54:54.583 28408-5462  JpegXmCodec             com.zkc.androidplate                 I   skia-debug JpegXmCodec::isSupported returns true
2026-06-25 18:54:54.583 28408-5462  SkJpegCodec             com.zkc.androidplate                 I  [mId: 142] skia-debug SkJpegCodec::onGetPixels XmCodec start
2026-06-25 18:54:54.583 28408-5462  JpegXmCodec             com.zkc.androidplate                 I  [mId: 142] skia-debug JpegXmCodec::decode: prepare ends
2026-06-25 18:54:54.604 28408-5462  JpegXmCodec             com.zkc.androidplate                 I  [mId: 142] skia-debug JpegXmCodec::decode: done
2026-06-25 18:54:54.604 28408-5462  SkJpegCodec             com.zkc.androidplate                 I  [mId: 142] skia-debug SkJpegCodec::onGetPixels XmCodec ends with output size = 23970816
2026-06-25 18:54:54.604 28408-5462  SkJpegCodec             com.zkc.androidplate                 I  [mId: 142] skia-debug onGetGainmapInfo returns false
2026-06-25 18:54:54.604 28408-5462  HWUI                    com.zkc.androidplate                 W  Image decoding logging dropped!
2026-06-25 18:54:54.639 28408-5462  HyperLPR3-Native        com.zkc.androidplate                 D  cost: 0.032715
2026-06-25 18:54:54.650 28408-5275  kc.androidplate         com.zkc.androidplate                 I  This is sticky GC, maxfree is 33554432 minfree is 8388608
2026-06-25 18:54:54.663 28408-5462  SkJpegCodec             com.zkc.androidplate                 I  [mId: 143] skia-debug SkJpegCodec::+SkJpegCodec
2026-06-25 18:54:54.663 28408-5462  SkJpegCodec             com.zkc.androidplate                 I  [mId: 143] skia-debug SkJpegCodec::ReadHeader: width = 2448, height = 2448, color = 10
2026-06-25 18:54:54.663 28408-5462  SkJpegCodec             com.zkc.androidplate                 I  [mId: 143] skia-debug SkJpegCodec::ReadHeader: progressive_mode = 0, streamType: SkMemoryStream
2026-06-25 18:54:54.663 28408-5462  SkJpegCodec             com.zkc.androidplate                 I  [mId: 143] skia-debug SkJpegCodec::onGetPixels: dstRowBytes = 9792, 
                                                                                                    dstInfo: SkImageInfo: {IsRGB = 1, ColorType = 4, AlphaType = 1, Dimensions.width = 2448, Dimensions.height = 2448};
2026-06-25 18:54:54.663 28408-5462  JpegXmCodec             com.zkc.androidplate                 I   skia-debug JpegXmCodec::isSupported returns true
2026-06-25 18:54:54.663 28408-5462  SkJpegCodec             com.zkc.androidplate                 I  [mId: 143] skia-debug SkJpegCodec::onGetPixels XmCodec start
2026-06-25 18:54:54.663 28408-5462  JpegXmCodec             com.zkc.androidplate                 I  [mId: 143] skia-debug JpegXmCodec::decode: prepare ends
2026-06-25 18:54:54.684 28408-5462  JpegXmCodec             com.zkc.androidplate                 I  [mId: 143] skia-debug JpegXmCodec::decode: done
