2026-06-25 19:00:01.192  4154-4296  BarFollowAnimation      system_server                        D  pairAppearanceRegionAndWin win=Window{b87a4b9 u0 com.zkc.androidplate/com.zkc.androidplate.MainActivity} 8
2026-06-25 19:00:01.192  4154-9789  CamOpt_Adapter          system_server                        I  onForegroundInfoChanged: ForegroundInfo{mForegroundPackageName='com.miui.home', mForegroundUid=10140, mForegroundPid=10100, mForegroundDisplayId=0, mLastForegroundPackageName='com.zkc.androidplate', mLastForegroundUid=10537, mLastForegroundPid=4178, mLastForegroundDisplayId=0, mMultiWindowForegroundPackageName='com.miui.home', mMultiWindowForegroundUid=10140, mFlags=0}
2026-06-25 19:00:01.192  4154-9789  CamOpt_Service          system_server                        I  onForegroundInfoChanged: ForegroundInfo{mForegroundPackageName='com.miui.home', mForegroundUid=10140, mForegroundPid=10100, mForegroundDisplayId=0, mLastForegroundPackageName='com.zkc.androidplate', mLastForegroundUid=10537, mLastForegroundPid=4178, mLastForegroundDisplayId=0, mMultiWindowForegroundPackageName='com.miui.home', mMultiWindowForegroundUid=10140, mFlags=0}
2026-06-25 19:00:01.192 18346-23532 PerfEngineController    com.miui.powerkeeper                 D  ForegroundInfo{mForegroundPackageName='com.miui.home', mForegroundUid=10140, mForegroundPid=10100, mForegroundDisplayId=0, mLastForegroundPackageName='com.zkc.androidplate', mLastForegroundUid=10537, mLastForegroundPid=4178, mLastForegroundDisplayId=0, mMultiWindowForegroundPackageName='com.miui.home', mMultiWindowForegroundUid=10140, mFlags=0}
2026-06-25 19:00:01.192 18356-18404 GST                     com.xiaomi.joyose                    I  forePkg: com.miui.home, preForePkg: com.zkc.androidplate
2026-06-25 19:00:01.193  9065-9285  BluetoothLatencyMode    com.android.bluetooth                D  ForegroundInfo{mForegroundPackageName='com.miui.home', mForegroundUid=10140, mForegroundPid=10100, mForegroundDisplayId=0, mLastForegroundPackageName='com.zkc.androidplate', mLastForegroundUid=10537, mLastForegroundPid=4178, mLastForegroundDisplayId=0, mMultiWindowForegroundPackageName='com.miui.home', mMultiWindowForegroundUid=10140, mFlags=0}
2026-06-25 19:00:01.193  4154-7422  BarFollowAnimation      system_server                        D  pairAppearanceRegionAndWin win=Window{b87a4b9 u0 com.zkc.androidplate/com.zkc.androidplate.MainActivity} 8
2026-06-25 19:00:01.193 24924-24983 DockWindow...gerService com.miui.securitycenter:ui           D  onActivityChanged: curName = ComponentInfo{com.miui.home/com.miui.home.launcher.Launcher}	preName = ComponentInfo{com.zkc.androidplate/com.zkc.androidplate.MainActivity}
2026-06-25 19:00:01.193 10625-10670 HyperComm_AppMonitor    com.xiaomi.hypercomm                 D  onForegroundInfoChanged: foregroundInfo = ForegroundInfo{mForegroundPackageName='com.miui.home', mForegroundUid=10140, mForegroundPid=10100, mForegroundDisplayId=0, mLastForegroundPackageName='com.zkc.androidplate', mLastForegroundUid=10537, mLastForegroundPid=4178, mLastForegroundDisplayId=0, mMultiWindowForegroundPackageName='com.miui.home', mMultiWindowForegroundUid=10140, mFlags=0}
2026-06-25 19:00:01.193 10100-11730 ActivityManagerWrapper  com.miui.home                        E  getRecentTasksForceIncludingTaskIdIfValid: getRecentTasks: size=5
                                                                                                     mainTaskId=11022   userId=0   windowMode=1   isExcludedFromRecents=false   baseIntent=Intent { act=android.intent.action.MAIN flag=268435456 cmp=ComponentInfo{com.zkc.androidplate/com.zkc.androidplate.MainActivity} }
                                                                                                     mainTaskId=11021   userId=0   windowMode=1   isExcludedFromRecents=false   baseIntent=Intent { act=android.intent.action.MAIN flag=270532608 cmp=ComponentInfo{com.alibaba.android.rimet/com.alibaba.android.rimet.biz.LaunchHomeActivity} }
                                                                                                     mainTaskId=11017   userId=0   windowMode=1   isExcludedFromRecents=false   baseIntent=Intent { act=android.intent.action.MAIN flag=270532608 cmp=ComponentInfo{com.aliyun.tongyi/com.ucpro.MainActivity} }
                                                                                                     mainTaskId=11016   userId=0   windowMode=1   isExcludedFromRecents=false   baseIntent=Intent { act=null flag=268435456 cmp=ComponentInfo{com.tencent.mm/com.tencent.mm.plugin.appbrand.ui.AppBrandUI00} }
                                                                                                     mainTaskId=11013   userId=0   windowMode=1   isExcludedFromRecents=false   baseIntent=Intent { act=android.intent.action.MAIN flag=270532608 cmp=ComponentInfo{com.xingin.xhs/com.xingin.xhs.index.v2.IndexActivityV2} }
2026-06-25 19:00:01.194 10100-11730 RecentsTaskLoader       com.miui.home                        D  reloadTasksData [TaskKey{id=11022, stackId=0, baseIntent=Intent { act=android.intent.action.MAIN cat=[android.intent.category.LAUNCHER] flg=0x10000000 cmp=com.zkc.androidplate/.MainActivity }, userId=0, lastActiveTime=678627438, windowingMode=1, isThumbnailBlur=false, isAccessLocked=false, isScreening=false, topActivity=ComponentInfo{com.zkc.androidplate/com.zkc.androidplate.MainActivity}, mHashCode=329279954}, title=androidPlate, titleDescription=androidPlate, bounds=null, isLaunchTarget=false, isStackTask=true, isSystemApp=false, isDockable=true, baseActivity=ComponentInfo{com.zkc.androidplate/com.zkc.androidplate.MainActivity}, isLocked=false, mNeedHide=false, hasMultipleTasks=false, cti1Key=, cti2Key=, cti1Task=, cti2Task=] 
2026-06-25 19:00:01.194 15268-15334 GlobalDock...torService com.miui.securitycenter.remote       D  onForegroundInfoChanged: appUserId=0	myUserId=0	foregroundInfo = ForegroundInfo{mForegroundPackageName='com.miui.home', mForegroundUid=10140, mForegroundPid=10100, mForegroundDisplayId=0, mLastForegroundPackageName='com.zkc.androidplate', mLastForegroundUid=10537, mLastForegroundPid=4178, mLastForegroundDisplayId=0, mMultiWindowForegroundPackageName='com.miui.home', mMultiWindowForegroundUid=10140, mFlags=0}
2026-06-25 19:00:01.194 15268-15334 BeautyService           com.miui.securitycenter.remote       I  onForegroundInfoChanged: Cur=com.miui.home	 last=com.zkc.androidplate
2026-06-25 19:00:01.198  4154-4296  BarFollowAnimation      system_server                        D  pairAppearanceRegionAndWin win=Window{b87a4b9 u0 com.zkc.androidplate/com.zkc.androidplate.MainActivity} 8
2026-06-25 19:00:01.198  4154-4296  WindowManager           system_server                        D  Final targets: [ChangeInfo{c3e5b16 container=Task{b852c96 #1 type=home} flags=0x30}, ChangeInfo{7fcfbb container=Task{45d82ce #11022 type=standard A=10537:com.zkc.androidplate} flags=0x4}, ChangeInfo{d589cd8 container=WallpaperWindowToken{4a0b964 showWhenLocked=false} flags=0x0}]
2026-06-25 19:00:01.199  4154-4296  DynamicIslandService    system_server                        I  elementSurfaceTransition is null for:com.zkc.androidplate
2026-06-25 19:00:01.199  4154-4296  WindowManager           system_server                        D  Calling onTransitionReady info={id=17550 t=TO_FRONT f=0x80 trk=0 r=[0@Point(0, 0)] c=[{WCT{RemoteToken{771ec30 Task{b852c96 #1 type=home}}} m=TO_FRONT f=SHOW_WALLPAPER|MOVE_TO_TOP leash=Surface(name=Task=1#51)/@0xa4fb258 sb=Rect(0, 0 - 1200, 2670) eb=Rect(0, 0 - 1200, 2670) epz=Point(1200, 2670) d=0 taskParent=-1 v=trueMiuiChangeImpl {miuiEmbedding:false, scale:1.0}},{WCT{RemoteToken{49ded92 Task{45d82ce #11022 type=standard A=10537:com.zkc.androidplate}}} m=TO_BACK f=NONE leash=Surface(name=Task=11022#241506)/@0x74d5bc9 sb=Rect(0, 0 - 1200, 2670) eb=Rect(0, 0 - 1200, 2670) epz=Point(1200, 2670) d=0 taskParent=-1 v=trueMiuiChangeImpl {miuiEmbedding:false, scale:1.0}},{m=TO_FRONT f=IS_WALLPAPER leash=Surface(name=WallpaperWindowToken{4a0b964 showWhenLocked=false}#57)/@0x84397cd sb=Rect(0, 0 - 1200, 2670) eb=Rect(0, 0 - 1200, 2670) epz=Point(1200, 2670) d=0 v=trueMiuiChangeImpl {miuiEmbedding:false, scale:1.0}}] mk=[false] noAni=[false] df=[false] rsa=[false] oa=[false] nc=[0] ho=[false] hla=[false] iSync=[-1]}, mToken=Token{ea91c76 TransitionRecord{804b2f9 id=17550 type=TO_FRONT flags=0x80 c=[
                                                                                                       ChangeInfo{505489f container=WallpaperWindowToken{ea4301 showWhenLocked=true} flags=0x0}
                                                                                                       ChangeInfo{95a8dec container=ActivityRecord{32499754 u0 com.miui.home/.launcher.Launcher t2} flags=0x0}
                                                                                                       ChangeInfo{35485b5 container=DefaultTaskDisplayArea@43608094 flags=0x0}
                                                                                                       ChangeInfo{ab8444a container=OneHanded:0:14@46459790 flags=0x0}
                                                                                                       ChangeInfo{7fcfbb container=Task{45d82ce #11022 type=standard A=10537:com.zkc.androidplate} flags=0x4}
                                                                                                       ChangeInfo{d589cd8 container=WallpaperWindowToken{4a0b964 showWhenLocked=false} flags=0x0}
                                                                                                       ChangeInfo{594c831 container=Display{#0 state=ON size=1200x2670 ROTATION_0} flags=0x0}
                                                                                                       ChangeInfo{c3e5b16 container=Task{b852c96 #1 type=home} flags=0x30}
                                                                                                       ChangeInfo{f51ac97 container=Task{c96cd15 #2 type=home I=com.miui.home/.launcher.Launcher} flags=0x30}
                                                                                                    ]
                                                                                                    }}
2026-06-25 19:00:01.200  4154-4296  BarFollowAnimation      system_server                        D  pairAppearanceRegionAndWin win=Window{b87a4b9 u0 com.zkc.androidplate/com.zkc.androidplate.MainActivity} 8
2026-06-25 19:00:01.201  4154-4296  BarFollowAnimation      system_server                        D  pairAppearanceRegionAndWin win=Window{b87a4b9 u0 com.zkc.androidplate/com.zkc.androidplate.MainActivity} 8
2026-06-25 19:00:01.201 10804-11003 MiuiDecora...Controller com.android.systemui                 D  relayout::taskId=11022, visible=true, bounds=Rect(0, 0 - 1200, 2670), focused=true, oldImmersive=false, newImmersive=false, windowMode=1, activityType=1, displayId=0, baseActivity=ComponentInfo{com.zkc.androidplate/com.zkc.androidplate.MainActivity}, topActivity=ComponentInfo{com.zkc.androidplate/com.zkc.androidplate.MainActivity}, callers=com.android.wm.shell.multitasking.miuimultiwinswitch.miuiwindowdecor.MulWinSwitchDecorViewModel.onTaskChanging:110 com.android.wm.shell.freeform.FreeformTaskTransitionObserver.onTransitionReady:187 com.android.wm.shell.transition.Transitions.dispatchReady:241 com.android.wm.shell.transition.Transitions.onTransitionReady:280 com.android.wm.shell.transition.Transitions$TransitionPlayerImpl$$ExternalSyntheticLambda1.run:48 
2026-06-25 19:00:01.202  4154-7423  ActivityTaskManager     system_server                        D   setSkipCaptureLayers tr: Task{45d82ce #11022 type=standard A=10537:com.zkc.androidplate}
2026-06-25 19:00:01.207  4154-4296  BarFollowAnimation      system_server                        D  pairAppearanceRegionAndWin win=Window{b87a4b9 u0 com.zkc.androidplate/com.zkc.androidplate.MainActivity} 8
2026-06-25 19:00:01.207  4154-4296  SmartPower              system_server                        I  Miui monitor launch : com.miui.home/.launcher.Launcher  transitionTime:29  launchTime:38  launchFrom:com.zkc.androidplate  launchType:6
2026-06-25 19:00:01.208  4154-4296  BarFollowAnimation      system_server                        D  pairAppearanceRegionAndWin win=Window{b87a4b9 u0 com.zkc.androidplate/com.zkc.androidplate.MainActivity} 8
2026-06-25 19:00:01.208 10100-10100 RemoteAnim...nTargetSet com.miui.home                        D  1, RemoteAnimationTargetCompat{taskId=11022, mode=1, isTranslucent=false, clipRect=Rect(0, 0 - 0, 0), position=Point(0, 0), sourceContainerBounds=Rect(0, 0 - 1200, 2670), prefixOrderIndex=2, isNotInRecents=false, contentInsets=Rect(0, 0 - 0, 0), activityType=1, packageName=com.zkc.androidplate, startBounds=Rect(0, 0 - 1200, 2670), windowType=-1}
2026-06-25 19:00:01.209  4154-10295 WindowManager           system_server                        E   source = Task{45d82ce #11022 type=standard A=10537:com.zkc.androidplate} excludeMiuiNavBar = false excludeMiuiStatusBar = true excludeIme = false excludeNavBar = true miuiNavSurfaceControl = null miuiStatusSurfaceControl = Surface(name=StatusBar Container of Task = 11022#241507)/@0x142a8fc
2026-06-25 19:00:01.210  2144-2144  SurfaceFlinger          surfaceflinger                       I  SF-MICapture: mode:0, layerName:com.zkc.androidplate/com.zkc.androidplate.MainActivity#241523
2026-06-25 19:00:01.213  4154-10295 WindowManager           system_server                        D  snapshot isNothing = false source = Task{45d82ce #11022 type=standard A=10537:com.zkc.androidplate}
2026-06-25 19:00:01.213  4154-11416 BarFollowAnimation      system_server                        D  onTaskInfoChanedForCaptionBar Task{45d82ce #11022 type=standard A=10537:com.zkc.androidplate} shouldbeVisible:true isVisible:true isOnTop:false windowMode:1 preDisplayId:-1 displayId:0 mCaptionAssociatedTask:null mIsTouchedInCaption:false
2026-06-25 19:00:01.214  4154-9829  ScrollScenario          system_server                        D  ScrollState: scroll end on com.zkc.androidplate
2026-06-25 19:00:01.217  4154-7422  WindowManager           system_server                        E   source = Task{45d82ce #11022 type=standard A=10537:com.zkc.androidplate} excludeMiuiNavBar = false excludeMiuiStatusBar = true excludeIme = false excludeNavBar = true miuiNavSurfaceControl = null miuiStatusSurfaceControl = Surface(name=StatusBar Container of Task = 11022#241507)/@0x142a8fc
2026-06-25 19:00:01.217 10804-11003 MiuiDecora...Controller com.android.systemui                 D  relayout::taskId=11022, visible=true, bounds=Rect(0, 0 - 1200, 2670), focused=false, oldImmersive=false, newImmersive=false, windowMode=1, activityType=1, displayId=0, baseActivity=ComponentInfo{com.zkc.androidplate/com.zkc.androidplate.MainActivity}, topActivity=ComponentInfo{com.zkc.androidplate/com.zkc.androidplate.MainActivity}, callers=com.android.wm.shell.multitasking.miuimultiwinswitch.miuiwindowdecor.decoration.MiuiDecorationController.relayout:4 com.android.wm.shell.multitasking.miuimultiwinswitch.miuiwindowdecor.MulWinSwitchDecorViewModel.onTaskInfoChanged:18 com.android.wm.shell.multitasking.common.taskmanager.MultiTaskingTaskListener.onTaskInfoChanged:47 com.android.wm.shell.ShellTaskOrganizer.onTaskInfoChanged:136 android.window.TaskOrganizer$1.lambda$onTaskInfoChanged$6:300 
2026-06-25 19:00:01.217  2144-2144  SurfaceFlinger          surfaceflinger                       I  SF-MICapture: mode:0, layerName:com.zkc.androidplate/com.zkc.androidplate.MainActivity#241523
2026-06-25 19:00:01.218 10100-10100 NavStubView             com.miui.home                        I  getClosingApp mRunningTaskComponentName=ComponentInfo{com.zkc.androidplate/com.zkc.androidplate.MainActivity}, launcher=com.miui.home.launcher.Launcher@8b88386
2026-06-25 19:00:01.218 10100-10100 NavStubView             com.miui.home                        D  findClosingAnimTarget, closingApp=ClosingAppInfo{componentName=ComponentInfo{com.zkc.androidplate/com.zkc.androidplate.MainActivity}, userId=0, isAppPair=false, isIconLayoutFromSoscChange=false}
2026-06-25 19:00:01.218 10100-10100 StatusBarI...AnimHelper com.miui.home                        D  isNeedShowStatusBarTypeAnim:false judgePackage=com.zkc.androidplate
2026-06-25 19:00:01.218 10100-10100 PauseAdvancedHelper     com.miui.home                        D  needPauseAdvance=false   packageName=com.zkc.androidplate
2026-06-25 19:00:01.218 10100-10100 K8FrontCameraManager    com.miui.home                        D  needPauseAdvance=false   packageName=com.zkc.androidplate
2026-06-25 19:00:01.218 10100-10100 K8FrontCameraManager    com.miui.home                        D  needPauseAdvance=false   packageName=com.zkc.androidplate
2026-06-25 19:00:01.221  4154-7422  WindowManager           system_server                        D  snapshot isNothing = false source = Task{45d82ce #11022 type=standard A=10537:com.zkc.androidplate}
2026-06-25 19:00:01.221  4154-11416 ActivityTaskManager     system_server                        D   setSkipCaptureLayers tr: Task{45d82ce #11022 type=standard A=10537:com.zkc.androidplate}
2026-06-25 19:00:01.222  4154-4295  SchedBoost              system_server                        D  com.zkc.androidplate boosting, skip reset priority
2026-06-25 19:00:01.222  4178-4178  InsetsSource            com.zkc.androidplate                 W  Has no intersection or mTmpFrame.height(), return Insets.NONE mTmpFrame.height() =0 hasIntersection =false
2026-06-25 19:00:01.222  4178-4178  InsetsSource            com.zkc.androidplate                 W  Has no intersection or mTmpFrame.height(), return Insets.NONE mTmpFrame.height() =0 hasIntersection =false
2026-06-25 19:00:01.222  4178-4178  InsetsSource            com.zkc.androidplate                 W  Has no intersection or mTmpFrame.height(), return Insets.NONE mTmpFrame.height() =0 hasIntersection =false
2026-06-25 19:00:01.222  4178-4178  InsetsSource            com.zkc.androidplate                 W  Has no intersection or mTmpFrame.height(), return Insets.NONE mTmpFrame.height() =0 hasIntersection =false
2026-06-25 19:00:01.233 10804-10804 DynamicIsl...Controller com.android.systemui                 D  cancelDelayExitApp com.miui.home com.zkc.androidplate
2026-06-25 19:00:01.984 15443-15443 SogouIME                com.sohu.inputmethod.sogou.xiaomi    D  onFinishInput: attribute:com.zkc.androidplate 140930306
2026-06-25 19:00:02.122  4154-7422  WindowManager           system_server                        E   source = Task{45d82ce #11022 type=standard A=10537:com.zkc.androidplate} excludeMiuiNavBar = false excludeMiuiStatusBar = true excludeIme = false excludeNavBar = true miuiNavSurfaceControl = null miuiStatusSurfaceControl = Surface(name=StatusBar Container of Task = 11022#241507)/@0x142a8fc
2026-06-25 19:00:02.123  2144-2144  SurfaceFlinger          surfaceflinger                       I  SF-MICapture: mode:0, layerName:com.zkc.androidplate/com.zkc.androidplate.MainActivity#241523
2026-06-25 19:00:02.127  4154-7422  WindowManager           system_server                        D  snapshot isNothing = false source = Task{45d82ce #11022 type=standard A=10537:com.zkc.androidplate}
2026-06-25 19:00:02.128  4154-9836  CameraActivitySceneMode system_server                        I  decideSceneMode: ActivityStateChange isn't resumend activityName = com.zkc.androidplate.MainActivity, displayId = 0, state = 3, mIsVideocallResumed = false
2026-06-25 19:00:02.128  4154-9836  CameraActivitySceneMode system_server                        I  decideSceneMode: ActivityStateChange isn't resumend activityName = com.zkc.androidplate.MainActivity, displayId = 0, state = 4, mIsVideocallResumed = false
2026-06-25 19:00:02.128  1954-2113  ANDR-PWR-OPT            poweropt-service                     I  GAMEPOWEROPT: sendEvents() 231: Start hint for app com.zkc.androidplate/com.zkc.androidplate.MainActivity/1, hintID : 4100, hintID hex : 1004 value: -1
2026-06-25 19:00:02.128  4154-10295 Transition              system_server                        D  setToBackByHome for Task{45d82ce #11022 type=standard A=10537:com.zkc.androidplate}
2026-06-25 19:00:02.129  4154-10295 BarFollowAnimation      system_server                        D  onTaskInfoChanedForCaptionBar Task{45d82ce #11022 type=standard A=10537:com.zkc.androidplate} shouldbeVisible:false isVisible:false isOnTop:false windowMode:1 preDisplayId:-1 displayId:0 mCaptionAssociatedTask:null mIsTouchedInCaption:false
2026-06-25 19:00:02.129  4154-10295 TransitionImpl          system_server                        I  finishTransition: updateLastSurfacePosition tf=Task{45d82ce #11022 type=standard A=10537:com.zkc.androidplate}
2026-06-25 19:00:02.129  1954-2113  ANDR-PWR-OPT            poweropt-service                     I  PowerAppClassifier: getAppType() 59: checking app [com.zkc.androidplate] is type 1
2026-06-25 19:00:02.129  1954-2113  ANDR-PWR-OPT            poweropt-service                     I  GAMEPOWEROPT: isGame() 348: com.zkc.androidplate is Game = 1
2026-06-25 19:00:02.129  4154-10295 MiuiMirror...MethodImpl system_server                        D  InsetsControlTarget invalid!:Window{b87a4b9 u0 com.zkc.androidplate/com.zkc.androidplate.MainActivity}
2026-06-25 19:00:02.130  4178-4178  VRI[MainActivity]       com.zkc.androidplate                 D  visibilityChanged oldVisibility=true newVisibility=false
2026-06-25 19:00:02.130  4154-9836  CameraActivitySceneMode system_server                        I  decideSceneMode: ActivityStateChange isn't resumend activityName = com.zkc.androidplate.MainActivity, displayId = 0, state = 5, mIsVideocallResumed = false
2026-06-25 19:00:02.130  4178-13644 ContentCatcher          com.zkc.androidplate                 I  SettingTrigger : unregister status observer com.zkc.androidplate.MainActivity
2026-06-25 19:00:02.131  4178-13644 ContentCatcher          com.zkc.androidplate                 I  SettingTrigger : unregisterUIAgentListener com.zkc.androidplate.MainActivity, uid:10537
2026-06-25 19:00:02.132  4154-11088 DataHub                 system_server                        I  unregisterUIAgentListener packageName: com.zkc.androidplate~10537
2026-06-25 19:00:02.132  4154-11088 RemoteCallbackList      system_server                        I  unregister success, remove callback for com.zkc.androidplate~10537
2026-06-25 19:00:02.134  4154-4296  WindowManager           system_server                        I  wms.hideSurface mWin:Window{b87a4b9 u0 com.zkc.androidplate/com.zkc.androidplate.MainActivity} reason:(prepareSurfaceLocked) in Surface(name=com.zkc.androidplate/com.zkc.androidplate.MainActivity#241523)/@0xc05337b
2026-06-25 19:00:02.136 10804-11003 MiuiDecora...Controller com.android.systemui                 D  relayout::taskId=11022, visible=false, bounds=Rect(0, 0 - 1200, 2670), focused=false, oldImmersive=false, newImmersive=false, windowMode=1, activityType=1, displayId=0, baseActivity=ComponentInfo{com.zkc.androidplate/com.zkc.androidplate.MainActivity}, topActivity=ComponentInfo{com.zkc.androidplate/com.zkc.androidplate.MainActivity}, callers=com.android.wm.shell.multitasking.miuimultiwinswitch.miuiwindowdecor.decoration.MiuiDecorationController.relayout:4 com.android.wm.shell.multitasking.miuimultiwinswitch.miuiwindowdecor.MulWinSwitchDecorViewModel.onTaskInfoChanged:18 com.android.wm.shell.multitasking.common.taskmanager.MultiTaskingTaskListener.onTaskInfoChanged:47 com.android.wm.shell.ShellTaskOrganizer.onTaskInfoChanged:136 android.window.TaskOrganizer$1.lambda$onTaskInfoChanged$6:300 
2026-06-25 19:00:02.140  4178-13638 BufferQueueProducer     com.zkc.androidplate                 D  [VRI[MainActivity]#0(BLAST Consumer)0](id:105200000000,api:1,p:4178,c:4178) disconnect: api 1 (caller=4178)
2026-06-25 19:00:02.140  4178-13638 HWUI                    com.zkc.androidplate                 D  endAllActiveAnimators on 0xb400007c66a02d20 (UnprojectedRipple) with handle 0xb400007c56a47e40
2026-06-25 19:00:02.148 15443-15443 SogouIME                com.sohu.inputmethod.sogou.xiaomi    D  onUnbindInput: editorInfo:com.zkc.androidplate 140930306
2026-06-25 19:00:02.148 15443-15443 SogouIME                com.sohu.inputmethod.sogou.xiaomi    D  onBindInput: editorInfo:com.zkc.androidplate 140930306
2026-06-25 19:00:02.150  4178-4178  InsetsSource            com.zkc.androidplate                 W  Has no intersection or mTmpFrame.height(), return Insets.NONE mTmpFrame.height() =0 hasIntersection =false
2026-06-25 19:00:02.150  4178-4178  InsetsSource            com.zkc.androidplate                 W  Has no intersection or mTmpFrame.height(), return Insets.NONE mTmpFrame.height() =0 hasIntersection =false
2026-06-25 19:00:02.150  4178-4178  InsetsSource            com.zkc.androidplate                 W  Has no intersection or mTmpFrame.height(), return Insets.NONE mTmpFrame.height() =0 hasIntersection =false
2026-06-25 19:00:02.150  4178-4178  InsetsSource            com.zkc.androidplate                 W  Has no intersection or mTmpFrame.height(), return Insets.NONE mTmpFrame.height() =0 hasIntersection =false
2026-06-25 19:00:02.150  4178-4178  kc.androidplate         com.zkc.androidplate                 W  Binder 0xb400007cd6a57460 destroyed after setInheritRt before being parceled.
2026-06-25 19:00:02.150  4178-4178  BufferQueueConsumer     com.zkc.androidplate                 D  [VRI[MainActivity]#0(BLAST Consumer)0](id:105200000000,api:0,p:-1,c:4178) disconnect: caller 4178
2026-06-25 19:00:02.151  4178-13659 Camera2CameraImpl       com.zkc.androidplate                 D  {Camera@da327fe[id=0]} Use cases [androidx.camera.core.Preview-6d8e548e-bb1a-4c9b-8810-103938adf2db69703790, androidx.camera.core.ImageAnalysis-212addc7-e682-4845-8a6b-f0a0bf9bd01c140614415] now DETACHED for camera
2026-06-25 19:00:02.151  4178-13659 UseCaseAttachState      com.zkc.androidplate                 D  All use case: [] for camera: 0
2026-06-25 19:00:02.151  4178-13659 Camera2CameraImpl       com.zkc.androidplate                 D  {Camera@da327fe[id=0]} Resetting Capture Session
2026-06-25 19:00:02.154  4178-13659 Camera2CameraImpl       com.zkc.androidplate                 D  {Camera@da327fe[id=0]} Releasing session in state OPENED
2026-06-25 19:00:02.154  4178-13659 UseCaseAttachState      com.zkc.androidplate                 D  Active and attached use case: [] for camera: 0
2026-06-25 19:00:02.154  4178-13659 UseCaseAttachState      com.zkc.androidplate                 D  Active and attached use case: [] for camera: 0
2026-06-25 19:00:02.154  4178-13659 Camera2CameraImpl       com.zkc.androidplate                 D  {Camera@da327fe[id=0]} Closing camera.
2026-06-25 19:00:02.154  4178-13659 Camera2CameraImpl       com.zkc.androidplate                 D  {Camera@da327fe[id=0]} Transitioning camera internal state: OPENED --> CLOSING
2026-06-25 19:00:02.154  4178-13659 CameraStateRegistry     com.zkc.androidplate                 D  Recalculating open cameras:
                                                                                                    Camera                                       State                 
                                                                                                    -------------------------------------------------------------------
                                                                                                    Camera@1888e7b[id=1]                         UNKNOWN               
                                                                                                    Camera@da327fe[id=0]                         CLOSING               
                                                                                                    -------------------------------------------------------------------
                                                                                                    Open count: 1 (Max allowed: 1)
2026-06-25 19:00:02.154  4178-13659 CameraStateMachine      com.zkc.androidplate                 D  New public camera state CameraState{type=CLOSING, error=null} from CLOSING and null
2026-06-25 19:00:02.154  4178-13659 CameraStateMachine      com.zkc.androidplate                 D  Publishing new public camera state CameraState{type=CLOSING, error=null}
2026-06-25 19:00:02.154  4178-13659 Camera2CameraImpl       com.zkc.androidplate                 D  {Camera@da327fe[id=0]} Resetting Capture Session
2026-06-25 19:00:02.155  4178-13659 Camera2CameraImpl       com.zkc.androidplate                 D  {Camera@da327fe[id=0]} Releasing session in state CLOSING
2026-06-25 19:00:02.155  4178-13659 DeferrableSurface       com.zkc.androidplate                 D  use count-1,  useCount=0 closed=true androidx.camera.core.SurfaceRequest$2@aa9f45d
2026-06-25 19:00:02.155  4178-13659 DeferrableSurface       com.zkc.androidplate                 D  Surface no longer in use[total_surfaces=2, used_surfaces=1](androidx.camera.core.SurfaceRequest$2@aa9f45d}
2026-06-25 19:00:02.155  4178-13659 DeferrableSurface       com.zkc.androidplate                 D  Surface terminated[total_surfaces=1, used_surfaces=1](androidx.camera.core.SurfaceRequest$2@aa9f45d}
2026-06-25 19:00:02.155  4178-13659 DeferrableSurface       com.zkc.androidplate                 D  use count-1,  useCount=0 closed=false androidx.camera.core.impl.ImmediateSurface@260f91e
2026-06-25 19:00:02.155  4178-13659 DeferrableSurface       com.zkc.androidplate                 D  Surface no longer in use[total_surfaces=1, used_surfaces=0](androidx.camera.core.impl.ImmediateSurface@260f91e}
2026-06-25 19:00:02.155  4178-13659 CaptureSession          com.zkc.androidplate                 D  onSessionFinished()
2026-06-25 19:00:02.155  4178-13659 CameraExtImplXiaoMi     com.zkc.androidplate                 D  releaseCameraDevice: 0
2026-06-25 19:00:02.155  4178-13659 CameraDevice-JV-0       com.zkc.androidplate                 D  close: E. id = 0
2026-06-25 19:00:02.162  4178-4178  StreamStateObserver     com.zkc.androidplate                 D  Update Preview stream state to IDLE
2026-06-25 19:00:02.162  4178-4178  SurfaceViewImpl         com.zkc.androidplate                 D  Safe to release surface.
2026-06-25 19:00:02.162  4178-4178  InsetsSource            com.zkc.androidplate                 W  Has no intersection or mTmpFrame.height(), return Insets.NONE mTmpFrame.height() =0 hasIntersection =false
2026-06-25 19:00:02.162  4178-4178  InsetsSource            com.zkc.androidplate                 W  Has no intersection or mTmpFrame.height(), return Insets.NONE mTmpFrame.height() =0 hasIntersection =false
2026-06-25 19:00:02.162  4178-4178  InsetsSource            com.zkc.androidplate                 W  Has no intersection or mTmpFrame.height(), return Insets.NONE mTmpFrame.height() =0 hasIntersection =false
2026-06-25 19:00:02.162  4178-4178  InsetsSource            com.zkc.androidplate                 W  Has no intersection or mTmpFrame.height(), return Insets.NONE mTmpFrame.height() =0 hasIntersection =false
2026-06-25 19:00:02.162  4154-9836  CameraActivitySceneMode system_server                        I  decideSceneMode: ActivityStateChange isn't resumend activityName = com.zkc.androidplate.MainActivity, displayId = 0, state = 6, mIsVideocallResumed = false
2026-06-25 19:00:02.162  4154-4277  SSRU-ResourceUsageProxy system_server                        W  Nonexistent ongoing transaction AW_TOP:130476933 for u:0 pkg:com.zkc.androidplate ended
2026-06-25 19:00:02.163 15107-16964 travelServ...erverUtils com.miui.personalassistant           D  activityStopped ComponentInfo{com.zkc.androidplate/com.zkc.androidplate.MainActivity}
2026-06-25 19:00:02.164 12812-12812 AppLifecycleObserver    com.xiaomi.xmsf:services             D  onReceive: com.zkc.androidplate BACKGROUND
2026-06-25 19:00:02.165 12812-12812 PkgUtils                com.xiaomi.xmsf:services             D  getApplicationInfo packageName:com.zkc.androidplate, flags:128 applicationInfo:ApplicationInfo{ad118db com.zkc.androidplate} needSecondSpace:false
2026-06-25 19:00:02.165 12812-16996 GameEventTag            com.xiaomi.xmsf:services             I  notify start com.zkc.androidplate event=5
2026-06-25 19:00:02.167 12812-13025 GameEventTag            com.xiaomi.xmsf:services             I  queryGameName pkg= com.zkc.androidplate gameName=Unknown
2026-06-25 19:00:02.167 12812-16996 GameEventTag            com.xiaomi.xmsf:services             I  notify failed, pkg=com.zkc.androidplate event=5 not game
2026-06-25 19:00:02.231 10100-11730 ActivityManagerWrapper  com.miui.home                        E  getRecentTasksForceIncludingTaskIdIfValid: getRecentTasks: size=5
                                                                                                     mainTaskId=11022   userId=0   windowMode=1   isExcludedFromRecents=false   baseIntent=Intent { act=android.intent.action.MAIN flag=268435456 cmp=ComponentInfo{com.zkc.androidplate/com.zkc.androidplate.MainActivity} }
                                                                                                     mainTaskId=11021   userId=0   windowMode=1   isExcludedFromRecents=false   baseIntent=Intent { act=android.intent.action.MAIN flag=270532608 cmp=ComponentInfo{com.alibaba.android.rimet/com.alibaba.android.rimet.biz.LaunchHomeActivity} }
                                                                                                     mainTaskId=11017   userId=0   windowMode=1   isExcludedFromRecents=false   baseIntent=Intent { act=android.intent.action.MAIN flag=270532608 cmp=ComponentInfo{com.aliyun.tongyi/com.ucpro.MainActivity} }
                                                                                                     mainTaskId=11016   userId=0   windowMode=1   isExcludedFromRecents=false   baseIntent=Intent { act=null flag=268435456 cmp=ComponentInfo{com.tencent.mm/com.tencent.mm.plugin.appbrand.ui.AppBrandUI00} }
                                                                                                     mainTaskId=11013   userId=0   windowMode=1   isExcludedFromRecents=false   baseIntent=Intent { act=android.intent.action.MAIN flag=270532608 cmp=ComponentInfo{com.xingin.xhs/com.xingin.xhs.index.v2.IndexActivityV2} }
2026-06-25 19:00:02.232 10100-11730 RecentsTaskLoader       com.miui.home                        D  reloadTasksData [TaskKey{id=11022, stackId=0, baseIntent=Intent { act=android.intent.action.MAIN cat=[android.intent.category.LAUNCHER] flg=0x10000000 cmp=com.zkc.androidplate/.MainActivity }, userId=0, lastActiveTime=678652568, windowingMode=1, isThumbnailBlur=false, isAccessLocked=false, isScreening=false, topActivity=ComponentInfo{com.zkc.androidplate/com.zkc.androidplate.MainActivity}, mHashCode=329279954}, title=androidPlate, titleDescription=androidPlate, bounds=null, isLaunchTarget=false, isStackTask=true, isSystemApp=false, isDockable=true, baseActivity=ComponentInfo{com.zkc.androidplate/com.zkc.androidplate.MainActivity}, isLocked=false, mNeedHide=false, hasMultipleTasks=false, cti1Key=, cti2Key=, cti1Task=, cti2Task=] 
2026-06-25 19:00:02.241  4178-13812 CameraInjector          com.zkc.androidplate                 D  updateCloudCameraControllerInfoAsync: has aleardy start update task.
2026-06-25 19:00:02.241  4178-13812 CameraInjector          com.zkc.androidplate                 D  waitForResult: 
2026-06-25 19:00:02.242  4178-13812 libc                    com.zkc.androidplate                 W  Access denied finding property "vendor.camera.aux.packagelist"
2026-06-25 19:00:02.242  4178-13812 libc                    com.zkc.androidplate                 W  Access denied finding property "vendor.camera.aux.packagelistext"
2026-06-25 19:00:02.242  4178-13812 CameraManagerGlobal     com.zkc.androidplate                 W  ignore the torch status update of camera: 2
2026-06-25 19:00:02.242  4178-13610 CameraInjector          com.zkc.androidplate                 D  updateCloudCameraControllerInfoAsync: has aleardy start update task.
2026-06-25 19:00:02.242  4178-13610 CameraInjector          com.zkc.androidplate                 D  waitForResult: 
2026-06-25 19:00:02.242  4178-13610 libc                    com.zkc.androidplate                 W  Access denied finding property "vendor.camera.aux.packagelist"
2026-06-25 19:00:02.242  4178-13610 libc                    com.zkc.androidplate                 W  Access denied finding property "vendor.camera.aux.packagelistext"
2026-06-25 19:00:02.242  4178-13610 CameraManagerGlobal     com.zkc.androidplate                 W  ignore the torch status update of camera: 3
2026-06-25 19:00:02.243  4178-13610 CameraInjector          com.zkc.androidplate                 D  updateCloudCameraControllerInfoAsync: has aleardy start update task.
2026-06-25 19:00:02.243  4178-13610 CameraInjector          com.zkc.androidplate                 D  waitForResult: 
2026-06-25 19:00:02.243  4178-13610 libc                    com.zkc.androidplate                 W  Access denied finding property "vendor.camera.aux.packagelist"
2026-06-25 19:00:02.243  4178-13610 libc                    com.zkc.androidplate                 W  Access denied finding property "vendor.camera.aux.packagelistext"
2026-06-25 19:00:02.243  4178-13610 CameraManagerGlobal     com.zkc.androidplate                 W  ignore the torch status update of camera: 4
2026-06-25 19:00:02.243  4178-13659 BufferQueueProducer     com.zkc.androidplate                 D  [5850df6 SurfaceView[com.zkc.androidplate/com.zkc.androidplate.MainActivity]#2(BLAST Consumer)2](id:105200000006,api:4,p:2689,c:4178) disconnect: api 4 (caller=2689)
2026-06-25 19:00:02.243  4178-13610 CameraInjector          com.zkc.androidplate                 D  updateCloudCameraControllerInfoAsync: has aleardy start update task.
2026-06-25 19:00:02.243  4178-13610 CameraInjector          com.zkc.androidplate                 D  waitForResult: 
2026-06-25 19:00:02.243  4178-13610 libc                    com.zkc.androidplate                 W  Access denied finding property "vendor.camera.aux.packagelist"
2026-06-25 19:00:02.243  4178-13610 libc                    com.zkc.androidplate                 W  Access denied finding property "vendor.camera.aux.packagelistext"
2026-06-25 19:00:02.243  4178-13610 CameraManagerGlobal     com.zkc.androidplate                 W  ignore the torch status update of camera: 5
2026-06-25 19:00:02.243  4178-13610 CameraInjector          com.zkc.androidplate                 D  updateCloudCameraControllerInfoAsync: has aleardy start update task.
2026-06-25 19:00:02.243  4178-13610 CameraInjector          com.zkc.androidplate                 D  waitForResult: 
2026-06-25 19:00:02.243  4178-13610 libc                    com.zkc.androidplate                 W  Access denied finding property "vendor.camera.aux.packagelist"
2026-06-25 19:00:02.243  4178-13610 libc                    com.zkc.androidplate                 W  Access denied finding property "vendor.camera.aux.packagelistext"
2026-06-25 19:00:02.243  4178-13610 CameraManagerGlobal     com.zkc.androidplate                 W  ignore the torch status update of camera: 6
2026-06-25 19:00:02.243  4178-13659 BufferQueueProducer     com.zkc.androidplate                 D  [ImageReader-2448x2448f23m4-4178-2](id:105200000004,api:4,p:2689,c:4178) disconnect: api 4 (caller=2689)
2026-06-25 19:00:02.249  4154-9836  CamOpt_Service          system_server                        I  notifyCameraStatusChanged cameraId: 0, callerPkg: com.zkc.androidplate, callerAr: com.zkc.androidplate.MainActivity, uid: 10537, pid: 4178, status: 4
2026-06-25 19:00:02.249  4154-9836  CamOpt_Booster          system_server                        I  notifyCameraStatusChanged : status: 4, caller: com.zkc.androidplate, modelevel: 0
2026-06-25 19:00:02.251  4178-13659 CameraDevice-JV-0       com.zkc.androidplate                 D  close: X
2026-06-25 19:00:02.252  4178-13659 UseCaseAttachState      com.zkc.androidplate                 D  Active and attached use case: [] for camera: 0
2026-06-25 19:00:02.252  4178-13659 Camera2CameraImpl       com.zkc.androidplate                 D  {Camera@da327fe[id=0]} CameraDevice.onClosed()
2026-06-25 19:00:02.252  4178-13659 Camera2CameraImpl       com.zkc.androidplate                 D  {Camera@da327fe[id=0]} Transitioning camera internal state: CLOSING --> INITIALIZED
2026-06-25 19:00:02.252  4178-13659 CameraStateRegistry     com.zkc.androidplate                 D  Recalculating open cameras:
                                                                                                    Camera                                       State                 
                                                                                                    -------------------------------------------------------------------
                                                                                                    Camera@1888e7b[id=1]                         UNKNOWN               
                                                                                                    Camera@da327fe[id=0]                         CLOSED                
                                                                                                    -------------------------------------------------------------------
                                                                                                    Open count: 0 (Max allowed: 1)
2026-06-25 19:00:02.252  4178-13659 CameraStateMachine      com.zkc.androidplate                 D  New public camera state CameraState{type=CLOSED, error=null} from CLOSED and null
2026-06-25 19:00:02.252  4178-13659 CameraStateMachine      com.zkc.androidplate                 D  Publishing new public camera state CameraState{type=CLOSED, error=null}
2026-06-25 19:00:02.364  4154-9780  Aurogon                 system_server                        D   onForegroundActivitiesChanged packageName = com.zkc.androidplate
2026-06-25 19:00:02.378  4154-4421  SmartPower...0537(4178) system_server                        I  visible->invisible(25626ms) R(become invisible) adj=400.
2026-06-25 19:00:02.379  4154-4421  SmartPower...0537(4178) system_server                        I  invisible->background(0ms) R(become background) adj=400.
2026-06-25 19:00:02.491 10100-11730 ActivityManagerWrapper  com.miui.home                        E  getRecentTasksForceIncludingTaskIdIfValid: getRecentTasks: size=5
                                                                                                     mainTaskId=11022   userId=0   windowMode=1   isExcludedFromRecents=false   baseIntent=Intent { act=android.intent.action.MAIN flag=268435456 cmp=ComponentInfo{com.zkc.androidplate/com.zkc.androidplate.MainActivity} }
                                                                                                     mainTaskId=11021   userId=0   windowMode=1   isExcludedFromRecents=false   baseIntent=Intent { act=android.intent.action.MAIN flag=270532608 cmp=ComponentInfo{com.alibaba.android.rimet/com.alibaba.android.rimet.biz.LaunchHomeActivity} }
                                                                                                     mainTaskId=11017   userId=0   windowMode=1   isExcludedFromRecents=false   baseIntent=Intent { act=android.intent.action.MAIN flag=270532608 cmp=ComponentInfo{com.aliyun.tongyi/com.ucpro.MainActivity} }
                                                                                                     mainTaskId=11016   userId=0   windowMode=1   isExcludedFromRecents=false   baseIntent=Intent { act=null flag=268435456 cmp=ComponentInfo{com.tencent.mm/com.tencent.mm.plugin.appbrand.ui.AppBrandUI00} }
                                                                                                     mainTaskId=11013   userId=0   windowMode=1   isExcludedFromRecents=false   baseIntent=Intent { act=android.intent.action.MAIN flag=270532608 cmp=ComponentInfo{com.xingin.xhs/com.xingin.xhs.index.v2.IndexActivityV2} }
2026-06-25 19:00:02.492 10100-11730 RecentsTaskLoader       com.miui.home                        D  reloadTasksData [TaskKey{id=11022, stackId=0, baseIntent=Intent { act=android.intent.action.MAIN cat=[android.intent.category.LAUNCHER] flg=0x10000000 cmp=com.zkc.androidplate/.MainActivity }, userId=0, lastActiveTime=678652568, windowingMode=1, isThumbnailBlur=false, isAccessLocked=false, isScreening=false, topActivity=ComponentInfo{com.zkc.androidplate/com.zkc.androidplate.MainActivity}, mHashCode=329279954}, title=androidPlate, titleDescription=androidPlate, bounds=null, isLaunchTarget=false, isStackTask=true, isSystemApp=false, isDockable=true, baseActivity=ComponentInfo{com.zkc.androidplate/com.zkc.androidplate.MainActivity}, isLocked=false, mNeedHide=false, hasMultipleTasks=false, cti1Key=, cti2Key=, cti1Task=, cti2Task=] 
2026-06-25 19:00:02.555 10100-11730 ActivityManagerWrapper  com.miui.home                        E  getRecentTasksForceIncludingTaskIdIfValid: getRecentTasks: size=5
                                                                                                     mainTaskId=11022   userId=0   windowMode=1   isExcludedFromRecents=false   baseIntent=Intent { act=android.intent.action.MAIN flag=268435456 cmp=ComponentInfo{com.zkc.androidplate/com.zkc.androidplate.MainActivity} }
                                                                                                     mainTaskId=11021   userId=0   windowMode=1   isExcludedFromRecents=false   baseIntent=Intent { act=android.intent.action.MAIN flag=270532608 cmp=ComponentInfo{com.alibaba.android.rimet/com.alibaba.android.rimet.biz.LaunchHomeActivity} }
                                                                                                     mainTaskId=11017   userId=0   windowMode=1   isExcludedFromRecents=false   baseIntent=Intent { act=android.intent.action.MAIN flag=270532608 cmp=ComponentInfo{com.aliyun.tongyi/com.ucpro.MainActivity} }
                                                                                                     mainTaskId=11016   userId=0   windowMode=1   isExcludedFromRecents=false   baseIntent=Intent { act=null flag=268435456 cmp=ComponentInfo{com.tencent.mm/com.tencent.mm.plugin.appbrand.ui.AppBrandUI00} }
                                                                                                     mainTaskId=11013   userId=0   windowMode=1   isExcludedFromRecents=false   baseIntent=Intent { act=android.intent.action.MAIN flag=270532608 cmp=ComponentInfo{com.xingin.xhs/com.xingin.xhs.index.v2.IndexActivityV2} }
2026-06-25 19:00:02.556 10804-11003 MiuiDecora...Controller com.android.systemui                 D  relayout::taskId=11022, visible=false, bounds=Rect(0, 0 - 1200, 2670), focused=false, oldImmersive=false, newImmersive=false, windowMode=1, activityType=1, displayId=0, baseActivity=ComponentInfo{com.zkc.androidplate/com.zkc.androidplate.MainActivity}, topActivity=ComponentInfo{com.zkc.androidplate/com.zkc.androidplate.MainActivity}, callers=com.android.wm.shell.multitasking.miuimultiwinswitch.miuiwindowdecor.decoration.MiuiDecorationController.relayout:4 com.android.wm.shell.multitasking.miuimultiwinswitch.miuiwindowdecor.MulWinSwitchDecorViewModel.lambda$relayoutDecorations$12:5 com.android.wm.shell.multitasking.miuimultiwinswitch.miuiwindowdecor.MulWinSwitchDecorViewModel.$r8$lambda$3XUvBAeRtPEOdi-13ite9VIoLt8:1 com.android.wm.shell.multitasking.miuimultiwinswitch.miuiwindowdecor.MulWinSwitchDecorViewModel$$ExternalSyntheticLambda9.accept:10 java.util.concurrent.ConcurrentHashMap.forEach:1608 
2026-06-25 19:00:02.556 10100-11730 RecentsTaskLoader       com.miui.home                        D  reloadTasksData [TaskKey{id=11022, stackId=0, baseIntent=Intent { act=android.intent.action.MAIN cat=[android.intent.category.LAUNCHER] flg=0x10000000 cmp=com.zkc.androidplate/.MainActivity }, userId=0, lastActiveTime=678652568, windowingMode=1, isThumbnailBlur=false, isAccessLocked=false, isScreening=false, topActivity=ComponentInfo{com.zkc.androidplate/com.zkc.androidplate.MainActivity}, mHashCode=329279954}, title=androidPlate, titleDescription=androidPlate, bounds=null, isLaunchTarget=false, isStackTask=true, isSystemApp=false, isDockable=true, baseActivity=ComponentInfo{com.zkc.androidplate/com.zkc.androidplate.MainActivity}, isLocked=false, mNeedHide=false, hasMultipleTasks=false, cti1Key=, cti2Key=, cti1Task=, cti2Task=] 
2026-06-25 19:00:02.570 10804-11003 MiuiDecora...Controller com.android.systemui                 D  relayout::taskId=11022, visible=false, bounds=Rect(0, 0 - 1200, 2670), focused=false, oldImmersive=false, newImmersive=false, windowMode=1, activityType=1, displayId=0, baseActivity=ComponentInfo{com.zkc.androidplate/com.zkc.androidplate.MainActivity}, topActivity=ComponentInfo{com.zkc.androidplate/com.zkc.androidplate.MainActivity}, callers=com.android.wm.shell.multitasking.miuimultiwinswitch.miuiwindowdecor.decoration.MiuiDecorationController.relayout:4 com.android.wm.shell.multitasking.miuimultiwinswitch.miuiwindowdecor.decoration.MiuiDecorationController.updateNeedShowAndRelayout:38 com.android.wm.shell.multitasking.miuimultiwinswitch.miuiwindowdecor.MulWinSwitchDecorViewModel.lambda$disable$4:3 com.android.wm.shell.multitasking.miuimultiwinswitch.miuiwindowdecor.MulWinSwitchDecorViewModel.$r8$lambda$lfZznhn5bTM5EA7GvCf8XHKgFAY:1 com.android.wm.shell.multitasking.miuimultiwinswitch.miuiwindowdecor.MulWinSwitchDecorViewModel$$ExternalSyntheticLambda6.accept:12 
